
R version 3.1.2 (2014-10-31) -- "Pumpkin Helmet"
Copyright (C) 2014 The R Foundation for Statistical Computing
Platform: x86_64-w64-mingw32/x64 (64-bit)

R is free software and comes with ABSOLUTELY NO WARRANTY.
You are welcome to redistribute it under certain conditions.
Type 'license()' or 'licence()' for distribution details.

  Natural language support but running in an English locale

R is a collaborative project with many contributors.
Type 'contributors()' for more information and
'citation()' on how to cite R or R packages in publications.

Type 'demo()' for some demos, 'help()' for on-line help, or
'help.start()' for an HTML browser interface to help.
Type 'q()' to quit R.

> getwd();
[1] "C:/Users/Param/Documents"
> getwd();
[1] "C:/Users/Param/Desktop/Coursera"
> ls();
character(0)
> dir();
[1] "mycode.R"
> source("mycode.R");
> ls();
[1] "myfunction" "second"    
> myfunction
function() {
        x <- rnorm(100)
      mean(x)
}
> myfunction();
[1] 0.0781636
> x <- 1
> x
[1] 1
> print(x)
[1] 1
> msg <- "hello"
> msg
[1] "hello"
> x <- 1:20
> x
 [1]  1  2  3  4  5  6  7  8  9 10 11 12 13 14 15 16 17 18 19 20
> x < 1:100
  [1] FALSE FALSE FALSE FALSE FALSE FALSE FALSE FALSE FALSE FALSE FALSE FALSE FALSE FALSE FALSE FALSE FALSE FALSE FALSE FALSE  TRUE  TRUE  TRUE  TRUE  TRUE  TRUE  TRUE
 [28]  TRUE  TRUE  TRUE  TRUE  TRUE  TRUE  TRUE  TRUE  TRUE  TRUE  TRUE  TRUE  TRUE  TRUE  TRUE  TRUE  TRUE  TRUE  TRUE  TRUE  TRUE  TRUE  TRUE  TRUE  TRUE  TRUE  TRUE
 [55]  TRUE  TRUE  TRUE  TRUE  TRUE  TRUE  TRUE  TRUE  TRUE  TRUE  TRUE  TRUE  TRUE  TRUE  TRUE  TRUE  TRUE  TRUE  TRUE  TRUE  TRUE  TRUE  TRUE  TRUE  TRUE  TRUE  TRUE
 [82]  TRUE  TRUE  TRUE  TRUE  TRUE  TRUE  TRUE  TRUE  TRUE  TRUE  TRUE  TRUE  TRUE  TRUE  TRUE  TRUE  TRUE  TRUE  TRUE
> x <- 1:100
> x
  [1]   1   2   3   4   5   6   7   8   9  10  11  12  13  14  15  16  17  18  19  20  21  22  23  24  25  26  27  28  29  30  31  32  33  34  35  36  37  38  39  40
 [41]  41  42  43  44  45  46  47  48  49  50  51  52  53  54  55  56  57  58  59  60  61  62  63  64  65  66  67  68  69  70  71  72  73  74  75  76  77  78  79  80
 [81]  81  82  83  84  85  86  87  88  89  90  91  92  93  94  95  96  97  98  99 100
> 
> vector()
logical(0)
> attributes()
Error in attributes() : 
  0 arguments passed to 'attributes' which requires 1
> 
> x <- c(0.5,0.6)
> x
[1] 0.5 0.6
> x[2]
[1] 0.6
> x<-c(T,F)
> x
[1]  TRUE FALSE
> x<-c("Ram","Kris")
> x
[1] "Ram"  "Kris"
> x<-9:30
> x
 [1]  9 10 11 12 13 14 15 16 17 18 19 20 21 22 23 24 25 26 27 28 29 30
> x<-c(1+0i,2+6i)
> x
[1] 1+0i 2+6i
> x<-vector("numeric",length=10)
> x
 [1] 0 0 0 0 0 0 0 0 0 0
> x<-vector("character",length=10)
> x
 [1] "" "" "" "" "" "" "" "" "" ""
> x<-vecotr("logical",length=5"
+ x
+ 1
+ ;
+ )
+ ;
+ "
Error: unexpected string constant in:
";
""
> x<-vector("logical",length=5);
> x
[1] FALSE FALSE FALSE FALSE FALSE
> x<-vector("Integer",length=9)
Error in vector("Integer", length = 9) : 
  vector: cannot make a vector of mode 'Integer'.
> x<-vector("complex",length=5)
> x
[1] 0+0i 0+0i 0+0i 0+0i 0+0i
> x<-vector("integer",length=9);
> x
[1] 0 0 0 0 0 0 0 0 0
> y<-c(1.7,"a")
> y
[1] "1.7" "a"  
> y<-c(T,2)
> y
[1] 1 2
> y<-("a",T)
Error: unexpected ',' in "y<-("a","
> y<-("a",T);
Error: unexpected ',' in "y<-("a","
> y<-c("a",T)
> y
[1] "a"    "TRUE"
> y<-c("a",n)
Error: object 'n' not found
> y<-c("a",9)
> y
[1] "a" "9"
> x<-0:6
> class(x)
[1] "integer"
> as.numeric(x)
[1] 0 1 2 3 4 5 6
> as.logical(x)
[1] FALSE  TRUE  TRUE  TRUE  TRUE  TRUE  TRUE
> as.character(x)
[1] "0" "1" "2" "3" "4" "5" "6"
> x<-c("Ram","Kris")
> x
[1] "Ram"  "Kris"
> class(x)
[1] "character"
> as.numeric(x)
[1] NA NA
Warning message:
NAs introduced by coercion 
> as.logical(x)
[1] NA NA
> x<-list(1,"a",T,0:9,"Ram",9+8i)
> x
[[1]]
[1] 1

[[2]]
[1] "a"

[[3]]
[1] TRUE

[[4]]
 [1] 0 1 2 3 4 5 6 7 8 9

[[5]]
[1] "Ram"

[[6]]
[1] 9+8i

> class(x)
[1] "list"
> m<-matrix(nrow=2,ncol=3)
> m
     [,1] [,2] [,3]
[1,]   NA   NA   NA
[2,]   NA   NA   NA
> dim(m)
[1] 2 3
> attribute(m)
Error: could not find function "attribute"
> attributes(m)
$dim
[1] 2 3

> m<-matrix(1:6,nrow=2,ncol=3)
> m
     [,1] [,2] [,3]
[1,]    1    3    5
[2,]    2    4    6
> m<-matric(2:6,nrow=3,ncol=3)
Error: could not find function "matric"
> m<-matrix(1:6,nrow=3,ncol=3)
> m
     [,1] [,2] [,3]
[1,]    1    4    1
[2,]    2    5    2
[3,]    3    6    3
> m<-matrix(1:4,nrow=2,ncol=3)
Warning message:
In matrix(1:4, nrow = 2, ncol = 3) :
  data length [4] is not a sub-multiple or multiple of the number of columns [3]
> m<-matrix(1:5,nrow=2,ncol=3)
Warning message:
In matrix(1:5, nrow = 2, ncol = 3) :
  data length [5] is not a sub-multiple or multiple of the number of rows [2]
> m<1:10
Error: dims [product 6] do not match the length of object [10]
In addition: Warning message:
In m < 1:10 :
  longer object length is not a multiple of shorter object length
> m <-1:10
> m
 [1]  1  2  3  4  5  6  7  8  9 10
> dim(m) <- c(2,5)
> m
     [,1] [,2] [,3] [,4] [,5]
[1,]    1    3    5    7    9
[2,]    2    4    6    8   10
> x<-1:3
> y<-100:102
> cbind(x,y)
     x   y
[1,] 1 100
[2,] 2 101
[3,] 3 102
> rbind(x,y)
  [,1] [,2] [,3]
x    1    2    3
y  100  101  102
> k<-rbind(x,y)
> k
  [,1] [,2] [,3]
x    1    2    3
y  100  101  102
> c<-factor(c("a","Ram","a","RAM","Ram","A")
+ )
> c
[1] a   Ram a   RAM Ram A  
Levels: a A Ram RAM
> table(c)
c
  a   A Ram RAM 
  2   1   2   1 
> unclass(c)
[1] 1 3 1 4 3 2
attr(,"levels")
[1] "a"   "A"   "Ram" "RAM"
> levels(c)<-c("RAM")
Error in `levels<-.factor`(`*tmp*`, value = "RAM") : 
  number of levels differs
> levels(c)<-c("RAM","A","Ram","a")
> c
[1] RAM Ram RAM a   Ram A  
Levels: RAM A Ram a
> table(c)
c
RAM   A Ram   a 
  2   1   2   1 
> unclass(c)
[1] 1 3 1 4 3 2
attr(,"levels")
[1] "RAM" "A"   "Ram" "a"  
> x<-c(1,2,"Ram",NA,NAN,0,F)
Error: object 'NAN' not found
> x<-c(1,2,"Ram",NA,NaN,0,F)
> is.na(x)
[1] FALSE FALSE FALSE  TRUE FALSE FALSE FALSE
> is.nan(x)
[1] FALSE FALSE FALSE FALSE FALSE FALSE FALSE
> x<-(1,2,NaN,NA)
Error: unexpected ',' in "x<-(1,"
> x<-c(1,2,NaN,NA)
> is.na(x)
[1] FALSE FALSE  TRUE  TRUE
> is.nan(x)
[1] FALSE FALSE  TRUE FALSE
> x<-data.frame(ram=1:4, kris=c(T,F,T,F))
> x
  ram  kris
1   1  TRUE
2   2 FALSE
3   3  TRUE
4   4 FALSE
> nrow(x)
[1] 4
> ncol(x)
[1] 2
> x<1:3
       ram  kris
[1,] FALSE  TRUE
[2,] FALSE  TRUE
[3,] FALSE FALSE
[4,] FALSE  TRUE
> x <-1:3
> x
[1] 1 2 3
> names(x)
NULL
> names(x)<-c("A","B","C")
> x
A B C 
1 2 3 
> names(x)
[1] "A" "B" "C"
> m<-matrix(1:4,nrow=2,ncol=2)
> m
     [,1] [,2]
[1,]    1    3
[2,]    2    4
> dim(m)
[1] 2 2
> dimnames(m)<-list(c(a,b),c(c,d))
Error: object 'a' not found
> dimnames(m)<-list(c("a","b"),c("c","d"))
> m
  c d
a 1 3
b 2 4
> 
> y<-data.frame(ram=1,kris="one")
> dput()
Error in dput() : argument "x" is missing, with no default
> dput(y)
structure(list(ram = 1, kris = structure(1L, .Label = "one", class = "factor")), .Names = c("ram", 
"kris"), row.names = c(NA, -1L), class = "data.frame")
> dput(y,file="why.R")
> y
  ram kris
1   1  one
> new.z=dget("why.R")
> z
Error: object 'z' not found
> new.z
  ram kris
1   1  one
> new.y=dget("why.R")
> new.y
  ram kris
1   1  one
> dump(c("y","z"),file="ezt.R")
Warning message:
In dump(c("y", "z"), file = "ezt.R") : object 'z' not found
> z<-1:9
> dump(c("y","z"),file="ezt.R")
> 
> source("ezt.R")
> z
[1] 1 2 3 4 5 6 7 8 9
> y
  ram kris
1   1  one
> rm(y,z)
> y
Error: object 'y' not found
> z
Error: object 'z' not found

> > 
> source("ezt.R")
> y
  ram kris
1   1  one
> 
> x<-list(ram=0.6,kris="2nd")
> x
$ram
[1] 0.6

$kris
[1] "2nd"

> x[1]
$ram
[1] 0.6

> x["ram"]
$ram
[1] 0.6

> x[[1]]
[1] 0.6
> x[["bar"]]
NULL
> x[["ram"]]
[1] 0.6
> x[c(ram,kris)]
Error: object 'ram' not found
> x[c("ram","kris")]
$ram
[1] 0.6

$kris
[1] "2nd"

> x[[c("ram","kris")]]
Error in x[[c("ram", "kris")]] : subscript out of bounds
> x[c(1,1)]
$ram
[1] 0.6

$ram
[1] 0.6

> x$ram
[1] 0.6
> x<-list(ram=list("10","A",T),kris=c(3.13,2.90))
> x
$ram
$ram[[1]]
[1] "10"

$ram[[2]]
[1] "A"

$ram[[3]]
[1] TRUE


$kris
[1] 3.13 2.90

> x[[1]][[3]]
[1] TRUE
> x[[1]][[1]]
[1] "10"
> x[[2]][[1]]
[1] 3.13
> x[[2]][[3]]
Error in x[[2]][[3]] : subscript out of bounds
> x<-list(jdow=1:5,lklk="ram")
> x
$jdow
[1] 1 2 3 4 5

$lklk
[1] "ram"

> x$j
[1] 1 2 3 4 5
> x$k
NULL
> x$l
[1] "ram"
> x[["j",exact=false]]
Error: object 'false' not found
> source("ezt.R")
> x[["j",exact=FALSE]]
[1] 1 2 3 4 5
> x<-c(1,2,NA,NA,3,NA,5)
> bad<-is.na(x)
> x[!bad]
[1] 1 2 3 5
> bnan<-is.nan(x)
> bnan
[1] FALSE FALSE FALSE FALSE FALSE FALSE FALSE
> x[!bnan]
[1]  1  2 NA NA  3 NA  5
> x[is.na(x)]
[1] NA NA NA
> x[!is.na(x)]
[1] 1 2 3 5
> y<-c(2,NA,3,NA,5,5,5)
> y
[1]  2 NA  3 NA  5  5  5
> good <-complete.cases(x,y)
> x[good]
[1] 1 3 5
> y[good]
[1] 2 5 5
> x<-1:4; y<-1:1
> x
[1] 1 2 3 4
> y
[1] 1
> x+y
[1] 2 3 4 5
> x*y
[1] 1 2 3 4
> x/y
[1] 1 2 3 4
> y==0
[1] FALSE
> x==2
[1] FALSE  TRUE FALSE FALSE
> y<-1:2
> y
[1] 1 2
> x+y
[1] 2 4 4 6
> x*y
[1] 1 4 3 8
> x/y
[1] 1 1 3 2
> x<-matrix(1:4,2,2)
> y<-matrix(3:6,2,2)
> x*y
     [,1] [,2]
[1,]    3   15
[2,]    8   24
> x
     [,1] [,2]
[1,]    1    3
[2,]    2    4
> y
     [,1] [,2]
[1,]    3    5
[2,]    4    6
> x*y
     [,1] [,2]
[1,]    3   15
[2,]    8   24
> x/y
          [,1]      [,2]
[1,] 0.3333333 0.6000000
[2,] 0.5000000 0.6666667
> x %*% y
     [,1] [,2]
[1,]   15   23
[2,]   22   34
> x<-4
> class(x)
[1] "numeric"
> x<-c(4,T)
> clas(x)
Error: could not find function "clas"
> class(x)
[1] "numeric"
> x<-list(2,"a","b",T)
> x
[[1]]
[1] 2

[[2]]
[1] "a"

[[3]]
[1] "b"

[[4]]
[1] TRUE

> x[[2]]
[1] "a"
> x<1:4
[1] FALSE    NA    NA  TRUE
Warning messages:
1: NAs introduced by coercion 
2: NAs introduced by coercion 
> x<-1:4
> y<-2:3
> x
[1] 1 2 3 4
> y
[1] 2 3
> x+y
[1] 3 5 5 7
> x<-c(5,6,7,8)
> x[x>5]
[1] 6 7 8
> x[x>5]=4
> x
[1] 5 4 4 4
> x[x<5]<-3
> x
[1] 5 3 3 3
> x[x>2]==4
[1] FALSE FALSE FALSE FALSE
> xl<-read.csv("hw1_data.csv")
> xl
    Ozone Solar.R Wind Temp Month Day
1      41     190  7.4   67     5   1
2      36     118  8.0   72     5   2
3      12     149 12.6   74     5   3
4      18     313 11.5   62     5   4
5      NA      NA 14.3   56     5   5
6      28      NA 14.9   66     5   6
7      23     299  8.6   65     5   7
8      19      99 13.8   59     5   8
9       8      19 20.1   61     5   9
10     NA     194  8.6   69     5  10
11      7      NA  6.9   74     5  11
12     16     256  9.7   69     5  12
13     11     290  9.2   66     5  13
14     14     274 10.9   68     5  14
15     18      65 13.2   58     5  15
16     14     334 11.5   64     5  16
17     34     307 12.0   66     5  17
18      6      78 18.4   57     5  18
19     30     322 11.5   68     5  19
20     11      44  9.7   62     5  20
21      1       8  9.7   59     5  21
22     11     320 16.6   73     5  22
23      4      25  9.7   61     5  23
24     32      92 12.0   61     5  24
25     NA      66 16.6   57     5  25
26     NA     266 14.9   58     5  26
27     NA      NA  8.0   57     5  27
28     23      13 12.0   67     5  28
29     45     252 14.9   81     5  29
30    115     223  5.7   79     5  30
31     37     279  7.4   76     5  31
32     NA     286  8.6   78     6   1
33     NA     287  9.7   74     6   2
34     NA     242 16.1   67     6   3
35     NA     186  9.2   84     6   4
36     NA     220  8.6   85     6   5
37     NA     264 14.3   79     6   6
38     29     127  9.7   82     6   7
39     NA     273  6.9   87     6   8
40     71     291 13.8   90     6   9
41     39     323 11.5   87     6  10
42     NA     259 10.9   93     6  11
43     NA     250  9.2   92     6  12
44     23     148  8.0   82     6  13
45     NA     332 13.8   80     6  14
46     NA     322 11.5   79     6  15
47     21     191 14.9   77     6  16
48     37     284 20.7   72     6  17
49     20      37  9.2   65     6  18
50     12     120 11.5   73     6  19
51     13     137 10.3   76     6  20
52     NA     150  6.3   77     6  21
53     NA      59  1.7   76     6  22
54     NA      91  4.6   76     6  23
55     NA     250  6.3   76     6  24
56     NA     135  8.0   75     6  25
57     NA     127  8.0   78     6  26
58     NA      47 10.3   73     6  27
59     NA      98 11.5   80     6  28
60     NA      31 14.9   77     6  29
61     NA     138  8.0   83     6  30
62    135     269  4.1   84     7   1
63     49     248  9.2   85     7   2
64     32     236  9.2   81     7   3
65     NA     101 10.9   84     7   4
66     64     175  4.6   83     7   5
67     40     314 10.9   83     7   6
68     77     276  5.1   88     7   7
69     97     267  6.3   92     7   8
70     97     272  5.7   92     7   9
71     85     175  7.4   89     7  10
72     NA     139  8.6   82     7  11
73     10     264 14.3   73     7  12
74     27     175 14.9   81     7  13
75     NA     291 14.9   91     7  14
76      7      48 14.3   80     7  15
77     48     260  6.9   81     7  16
78     35     274 10.3   82     7  17
79     61     285  6.3   84     7  18
80     79     187  5.1   87     7  19
81     63     220 11.5   85     7  20
82     16       7  6.9   74     7  21
83     NA     258  9.7   81     7  22
84     NA     295 11.5   82     7  23
85     80     294  8.6   86     7  24
86    108     223  8.0   85     7  25
87     20      81  8.6   82     7  26
88     52      82 12.0   86     7  27
89     82     213  7.4   88     7  28
90     50     275  7.4   86     7  29
91     64     253  7.4   83     7  30
92     59     254  9.2   81     7  31
93     39      83  6.9   81     8   1
94      9      24 13.8   81     8   2
95     16      77  7.4   82     8   3
96     78      NA  6.9   86     8   4
97     35      NA  7.4   85     8   5
98     66      NA  4.6   87     8   6
99    122     255  4.0   89     8   7
100    89     229 10.3   90     8   8
101   110     207  8.0   90     8   9
102    NA     222  8.6   92     8  10
103    NA     137 11.5   86     8  11
104    44     192 11.5   86     8  12
105    28     273 11.5   82     8  13
106    65     157  9.7   80     8  14
107    NA      64 11.5   79     8  15
108    22      71 10.3   77     8  16
109    59      51  6.3   79     8  17
110    23     115  7.4   76     8  18
111    31     244 10.9   78     8  19
112    44     190 10.3   78     8  20
113    21     259 15.5   77     8  21
114     9      36 14.3   72     8  22
115    NA     255 12.6   75     8  23
116    45     212  9.7   79     8  24
117   168     238  3.4   81     8  25
118    73     215  8.0   86     8  26
119    NA     153  5.7   88     8  27
120    76     203  9.7   97     8  28
121   118     225  2.3   94     8  29
122    84     237  6.3   96     8  30
123    85     188  6.3   94     8  31
124    96     167  6.9   91     9   1
125    78     197  5.1   92     9   2
126    73     183  2.8   93     9   3
127    91     189  4.6   93     9   4
128    47      95  7.4   87     9   5
129    32      92 15.5   84     9   6
130    20     252 10.9   80     9   7
131    23     220 10.3   78     9   8
132    21     230 10.9   75     9   9
133    24     259  9.7   73     9  10
134    44     236 14.9   81     9  11
135    21     259 15.5   76     9  12
136    28     238  6.3   77     9  13
137     9      24 10.9   71     9  14
138    13     112 11.5   71     9  15
139    46     237  6.9   78     9  16
140    18     224 13.8   67     9  17
141    13      27 10.3   76     9  18
142    24     238 10.3   68     9  19
143    16     201  8.0   82     9  20
144    13     238 12.6   64     9  21
145    23      14  9.2   71     9  22
146    36     139 10.3   81     9  23
147     7      49 10.3   69     9  24
148    14      20 16.6   63     9  25
149    30     193  6.9   70     9  26
150    NA     145 13.2   77     9  27
151    14     191 14.3   75     9  28
152    18     131  8.0   76     9  29
153    20     223 11.5   68     9  30
> xl(2)
Error: could not find function "xl"
> xl(nrows=2)
Error: could not find function "xl"
> xl
    Ozone Solar.R Wind Temp Month Day
1      41     190  7.4   67     5   1
2      36     118  8.0   72     5   2
3      12     149 12.6   74     5   3
4      18     313 11.5   62     5   4
5      NA      NA 14.3   56     5   5
6      28      NA 14.9   66     5   6
7      23     299  8.6   65     5   7
8      19      99 13.8   59     5   8
9       8      19 20.1   61     5   9
10     NA     194  8.6   69     5  10
11      7      NA  6.9   74     5  11
12     16     256  9.7   69     5  12
13     11     290  9.2   66     5  13
14     14     274 10.9   68     5  14
15     18      65 13.2   58     5  15
16     14     334 11.5   64     5  16
17     34     307 12.0   66     5  17
18      6      78 18.4   57     5  18
19     30     322 11.5   68     5  19
20     11      44  9.7   62     5  20
21      1       8  9.7   59     5  21
22     11     320 16.6   73     5  22
23      4      25  9.7   61     5  23
24     32      92 12.0   61     5  24
25     NA      66 16.6   57     5  25
26     NA     266 14.9   58     5  26
27     NA      NA  8.0   57     5  27
28     23      13 12.0   67     5  28
29     45     252 14.9   81     5  29
30    115     223  5.7   79     5  30
31     37     279  7.4   76     5  31
32     NA     286  8.6   78     6   1
33     NA     287  9.7   74     6   2
34     NA     242 16.1   67     6   3
35     NA     186  9.2   84     6   4
36     NA     220  8.6   85     6   5
37     NA     264 14.3   79     6   6
38     29     127  9.7   82     6   7
39     NA     273  6.9   87     6   8
40     71     291 13.8   90     6   9
41     39     323 11.5   87     6  10
42     NA     259 10.9   93     6  11
43     NA     250  9.2   92     6  12
44     23     148  8.0   82     6  13
45     NA     332 13.8   80     6  14
46     NA     322 11.5   79     6  15
47     21     191 14.9   77     6  16
48     37     284 20.7   72     6  17
49     20      37  9.2   65     6  18
50     12     120 11.5   73     6  19
51     13     137 10.3   76     6  20
52     NA     150  6.3   77     6  21
53     NA      59  1.7   76     6  22
54     NA      91  4.6   76     6  23
55     NA     250  6.3   76     6  24
56     NA     135  8.0   75     6  25
57     NA     127  8.0   78     6  26
58     NA      47 10.3   73     6  27
59     NA      98 11.5   80     6  28
60     NA      31 14.9   77     6  29
61     NA     138  8.0   83     6  30
62    135     269  4.1   84     7   1
63     49     248  9.2   85     7   2
64     32     236  9.2   81     7   3
65     NA     101 10.9   84     7   4
66     64     175  4.6   83     7   5
67     40     314 10.9   83     7   6
68     77     276  5.1   88     7   7
69     97     267  6.3   92     7   8
70     97     272  5.7   92     7   9
71     85     175  7.4   89     7  10
72     NA     139  8.6   82     7  11
73     10     264 14.3   73     7  12
74     27     175 14.9   81     7  13
75     NA     291 14.9   91     7  14
76      7      48 14.3   80     7  15
77     48     260  6.9   81     7  16
78     35     274 10.3   82     7  17
79     61     285  6.3   84     7  18
80     79     187  5.1   87     7  19
81     63     220 11.5   85     7  20
82     16       7  6.9   74     7  21
83     NA     258  9.7   81     7  22
84     NA     295 11.5   82     7  23
85     80     294  8.6   86     7  24
86    108     223  8.0   85     7  25
87     20      81  8.6   82     7  26
88     52      82 12.0   86     7  27
89     82     213  7.4   88     7  28
90     50     275  7.4   86     7  29
91     64     253  7.4   83     7  30
92     59     254  9.2   81     7  31
93     39      83  6.9   81     8   1
94      9      24 13.8   81     8   2
95     16      77  7.4   82     8   3
96     78      NA  6.9   86     8   4
97     35      NA  7.4   85     8   5
98     66      NA  4.6   87     8   6
99    122     255  4.0   89     8   7
100    89     229 10.3   90     8   8
101   110     207  8.0   90     8   9
102    NA     222  8.6   92     8  10
103    NA     137 11.5   86     8  11
104    44     192 11.5   86     8  12
105    28     273 11.5   82     8  13
106    65     157  9.7   80     8  14
107    NA      64 11.5   79     8  15
108    22      71 10.3   77     8  16
109    59      51  6.3   79     8  17
110    23     115  7.4   76     8  18
111    31     244 10.9   78     8  19
112    44     190 10.3   78     8  20
113    21     259 15.5   77     8  21
114     9      36 14.3   72     8  22
115    NA     255 12.6   75     8  23
116    45     212  9.7   79     8  24
117   168     238  3.4   81     8  25
118    73     215  8.0   86     8  26
119    NA     153  5.7   88     8  27
120    76     203  9.7   97     8  28
121   118     225  2.3   94     8  29
122    84     237  6.3   96     8  30
123    85     188  6.3   94     8  31
124    96     167  6.9   91     9   1
125    78     197  5.1   92     9   2
126    73     183  2.8   93     9   3
127    91     189  4.6   93     9   4
128    47      95  7.4   87     9   5
129    32      92 15.5   84     9   6
130    20     252 10.9   80     9   7
131    23     220 10.3   78     9   8
132    21     230 10.9   75     9   9
133    24     259  9.7   73     9  10
134    44     236 14.9   81     9  11
135    21     259 15.5   76     9  12
136    28     238  6.3   77     9  13
137     9      24 10.9   71     9  14
138    13     112 11.5   71     9  15
139    46     237  6.9   78     9  16
140    18     224 13.8   67     9  17
141    13      27 10.3   76     9  18
142    24     238 10.3   68     9  19
143    16     201  8.0   82     9  20
144    13     238 12.6   64     9  21
145    23      14  9.2   71     9  22
146    36     139 10.3   81     9  23
147     7      49 10.3   69     9  24
148    14      20 16.6   63     9  25
149    30     193  6.9   70     9  26
150    NA     145 13.2   77     9  27
151    14     191 14.3   75     9  28
152    18     131  8.0   76     9  29
153    20     223 11.5   68     9  30
> xl[47,1]
[1] 21
> xl[2]
    Solar.R
1       190
2       118
3       149
4       313
5        NA
6        NA
7       299
8        99
9        19
10      194
11       NA
12      256
13      290
14      274
15       65
16      334
17      307
18       78
19      322
20       44
21        8
22      320
23       25
24       92
25       66
26      266
27       NA
28       13
29      252
30      223
31      279
32      286
33      287
34      242
35      186
36      220
37      264
38      127
39      273
40      291
41      323
42      259
43      250
44      148
45      332
46      322
47      191
48      284
49       37
50      120
51      137
52      150
53       59
54       91
55      250
56      135
57      127
58       47
59       98
60       31
61      138
62      269
63      248
64      236
65      101
66      175
67      314
68      276
69      267
70      272
71      175
72      139
73      264
74      175
75      291
76       48
77      260
78      274
79      285
80      187
81      220
82        7
83      258
84      295
85      294
86      223
87       81
88       82
89      213
90      275
91      253
92      254
93       83
94       24
95       77
96       NA
97       NA
98       NA
99      255
100     229
101     207
102     222
103     137
104     192
105     273
106     157
107      64
108      71
109      51
110     115
111     244
112     190
113     259
114      36
115     255
116     212
117     238
118     215
119     153
120     203
121     225
122     237
123     188
124     167
125     197
126     183
127     189
128      95
129      92
130     252
131     220
132     230
133     259
134     236
135     259
136     238
137      24
138     112
139     237
140     224
141      27
142     238
143     201
144     238
145      14
146     139
147      49
148      20
149     193
150     145
151     191
152     131
153     223
> xl[1:2]
    Ozone Solar.R
1      41     190
2      36     118
3      12     149
4      18     313
5      NA      NA
6      28      NA
7      23     299
8      19      99
9       8      19
10     NA     194
11      7      NA
12     16     256
13     11     290
14     14     274
15     18      65
16     14     334
17     34     307
18      6      78
19     30     322
20     11      44
21      1       8
22     11     320
23      4      25
24     32      92
25     NA      66
26     NA     266
27     NA      NA
28     23      13
29     45     252
30    115     223
31     37     279
32     NA     286
33     NA     287
34     NA     242
35     NA     186
36     NA     220
37     NA     264
38     29     127
39     NA     273
40     71     291
41     39     323
42     NA     259
43     NA     250
44     23     148
45     NA     332
46     NA     322
47     21     191
48     37     284
49     20      37
50     12     120
51     13     137
52     NA     150
53     NA      59
54     NA      91
55     NA     250
56     NA     135
57     NA     127
58     NA      47
59     NA      98
60     NA      31
61     NA     138
62    135     269
63     49     248
64     32     236
65     NA     101
66     64     175
67     40     314
68     77     276
69     97     267
70     97     272
71     85     175
72     NA     139
73     10     264
74     27     175
75     NA     291
76      7      48
77     48     260
78     35     274
79     61     285
80     79     187
81     63     220
82     16       7
83     NA     258
84     NA     295
85     80     294
86    108     223
87     20      81
88     52      82
89     82     213
90     50     275
91     64     253
92     59     254
93     39      83
94      9      24
95     16      77
96     78      NA
97     35      NA
98     66      NA
99    122     255
100    89     229
101   110     207
102    NA     222
103    NA     137
104    44     192
105    28     273
106    65     157
107    NA      64
108    22      71
109    59      51
110    23     115
111    31     244
112    44     190
113    21     259
114     9      36
115    NA     255
116    45     212
117   168     238
118    73     215
119    NA     153
120    76     203
121   118     225
122    84     237
123    85     188
124    96     167
125    78     197
126    73     183
127    91     189
128    47      95
129    32      92
130    20     252
131    23     220
132    21     230
133    24     259
134    44     236
135    21     259
136    28     238
137     9      24
138    13     112
139    46     237
140    18     224
141    13      27
142    24     238
143    16     201
144    13     238
145    23      14
146    36     139
147     7      49
148    14      20
149    30     193
150    NA     145
151    14     191
152    18     131
153    20     223
> xl[nrow=2]
Error in `[.data.frame`(xl, nrow = 2) : unused argument (nrow = 2)
> xl[1]
    Ozone
1      41
2      36
3      12
4      18
5      NA
6      28
7      23
8      19
9       8
10     NA
11      7
12     16
13     11
14     14
15     18
16     14
17     34
18      6
19     30
20     11
21      1
22     11
23      4
24     32
25     NA
26     NA
27     NA
28     23
29     45
30    115
31     37
32     NA
33     NA
34     NA
35     NA
36     NA
37     NA
38     29
39     NA
40     71
41     39
42     NA
43     NA
44     23
45     NA
46     NA
47     21
48     37
49     20
50     12
51     13
52     NA
53     NA
54     NA
55     NA
56     NA
57     NA
58     NA
59     NA
60     NA
61     NA
62    135
63     49
64     32
65     NA
66     64
67     40
68     77
69     97
70     97
71     85
72     NA
73     10
74     27
75     NA
76      7
77     48
78     35
79     61
80     79
81     63
82     16
83     NA
84     NA
85     80
86    108
87     20
88     52
89     82
90     50
91     64
92     59
93     39
94      9
95     16
96     78
97     35
98     66
99    122
100    89
101   110
102    NA
103    NA
104    44
105    28
106    65
107    NA
108    22
109    59
110    23
111    31
112    44
113    21
114     9
115    NA
116    45
117   168
118    73
119    NA
120    76
121   118
122    84
123    85
124    96
125    78
126    73
127    91
128    47
129    32
130    20
131    23
132    21
133    24
134    44
135    21
136    28
137     9
138    13
139    46
140    18
141    13
142    24
143    16
144    13
145    23
146    36
147     7
148    14
149    30
150    NA
151    14
152    18
153    20
> is.na(xl[1])
       Ozone
  [1,] FALSE
  [2,] FALSE
  [3,] FALSE
  [4,] FALSE
  [5,]  TRUE
  [6,] FALSE
  [7,] FALSE
  [8,] FALSE
  [9,] FALSE
 [10,]  TRUE
 [11,] FALSE
 [12,] FALSE
 [13,] FALSE
 [14,] FALSE
 [15,] FALSE
 [16,] FALSE
 [17,] FALSE
 [18,] FALSE
 [19,] FALSE
 [20,] FALSE
 [21,] FALSE
 [22,] FALSE
 [23,] FALSE
 [24,] FALSE
 [25,]  TRUE
 [26,]  TRUE
 [27,]  TRUE
 [28,] FALSE
 [29,] FALSE
 [30,] FALSE
 [31,] FALSE
 [32,]  TRUE
 [33,]  TRUE
 [34,]  TRUE
 [35,]  TRUE
 [36,]  TRUE
 [37,]  TRUE
 [38,] FALSE
 [39,]  TRUE
 [40,] FALSE
 [41,] FALSE
 [42,]  TRUE
 [43,]  TRUE
 [44,] FALSE
 [45,]  TRUE
 [46,]  TRUE
 [47,] FALSE
 [48,] FALSE
 [49,] FALSE
 [50,] FALSE
 [51,] FALSE
 [52,]  TRUE
 [53,]  TRUE
 [54,]  TRUE
 [55,]  TRUE
 [56,]  TRUE
 [57,]  TRUE
 [58,]  TRUE
 [59,]  TRUE
 [60,]  TRUE
 [61,]  TRUE
 [62,] FALSE
 [63,] FALSE
 [64,] FALSE
 [65,]  TRUE
 [66,] FALSE
 [67,] FALSE
 [68,] FALSE
 [69,] FALSE
 [70,] FALSE
 [71,] FALSE
 [72,]  TRUE
 [73,] FALSE
 [74,] FALSE
 [75,]  TRUE
 [76,] FALSE
 [77,] FALSE
 [78,] FALSE
 [79,] FALSE
 [80,] FALSE
 [81,] FALSE
 [82,] FALSE
 [83,]  TRUE
 [84,]  TRUE
 [85,] FALSE
 [86,] FALSE
 [87,] FALSE
 [88,] FALSE
 [89,] FALSE
 [90,] FALSE
 [91,] FALSE
 [92,] FALSE
 [93,] FALSE
 [94,] FALSE
 [95,] FALSE
 [96,] FALSE
 [97,] FALSE
 [98,] FALSE
 [99,] FALSE
[100,] FALSE
[101,] FALSE
[102,]  TRUE
[103,]  TRUE
[104,] FALSE
[105,] FALSE
[106,] FALSE
[107,]  TRUE
[108,] FALSE
[109,] FALSE
[110,] FALSE
[111,] FALSE
[112,] FALSE
[113,] FALSE
[114,] FALSE
[115,]  TRUE
[116,] FALSE
[117,] FALSE
[118,] FALSE
[119,]  TRUE
[120,] FALSE
[121,] FALSE
[122,] FALSE
[123,] FALSE
[124,] FALSE
[125,] FALSE
[126,] FALSE
[127,] FALSE
[128,] FALSE
[129,] FALSE
[130,] FALSE
[131,] FALSE
[132,] FALSE
[133,] FALSE
[134,] FALSE
[135,] FALSE
[136,] FALSE
[137,] FALSE
[138,] FALSE
[139,] FALSE
[140,] FALSE
[141,] FALSE
[142,] FALSE
[143,] FALSE
[144,] FALSE
[145,] FALSE
[146,] FALSE
[147,] FALSE
[148,] FALSE
[149,] FALSE
[150,]  TRUE
[151,] FALSE
[152,] FALSE
[153,] FALSE
> 
> 
> is.na(xl[1])==T
       Ozone
  [1,] FALSE
  [2,] FALSE
  [3,] FALSE
  [4,] FALSE
  [5,]  TRUE
  [6,] FALSE
  [7,] FALSE
  [8,] FALSE
  [9,] FALSE
 [10,]  TRUE
 [11,] FALSE
 [12,] FALSE
 [13,] FALSE
 [14,] FALSE
 [15,] FALSE
 [16,] FALSE
 [17,] FALSE
 [18,] FALSE
 [19,] FALSE
 [20,] FALSE
 [21,] FALSE
 [22,] FALSE
 [23,] FALSE
 [24,] FALSE
 [25,]  TRUE
 [26,]  TRUE
 [27,]  TRUE
 [28,] FALSE
 [29,] FALSE
 [30,] FALSE
 [31,] FALSE
 [32,]  TRUE
 [33,]  TRUE
 [34,]  TRUE
 [35,]  TRUE
 [36,]  TRUE
 [37,]  TRUE
 [38,] FALSE
 [39,]  TRUE
 [40,] FALSE
 [41,] FALSE
 [42,]  TRUE
 [43,]  TRUE
 [44,] FALSE
 [45,]  TRUE
 [46,]  TRUE
 [47,] FALSE
 [48,] FALSE
 [49,] FALSE
 [50,] FALSE
 [51,] FALSE
 [52,]  TRUE
 [53,]  TRUE
 [54,]  TRUE
 [55,]  TRUE
 [56,]  TRUE
 [57,]  TRUE
 [58,]  TRUE
 [59,]  TRUE
 [60,]  TRUE
 [61,]  TRUE
 [62,] FALSE
 [63,] FALSE
 [64,] FALSE
 [65,]  TRUE
 [66,] FALSE
 [67,] FALSE
 [68,] FALSE
 [69,] FALSE
 [70,] FALSE
 [71,] FALSE
 [72,]  TRUE
 [73,] FALSE
 [74,] FALSE
 [75,]  TRUE
 [76,] FALSE
 [77,] FALSE
 [78,] FALSE
 [79,] FALSE
 [80,] FALSE
 [81,] FALSE
 [82,] FALSE
 [83,]  TRUE
 [84,]  TRUE
 [85,] FALSE
 [86,] FALSE
 [87,] FALSE
 [88,] FALSE
 [89,] FALSE
 [90,] FALSE
 [91,] FALSE
 [92,] FALSE
 [93,] FALSE
 [94,] FALSE
 [95,] FALSE
 [96,] FALSE
 [97,] FALSE
 [98,] FALSE
 [99,] FALSE
[100,] FALSE
[101,] FALSE
[102,]  TRUE
[103,]  TRUE
[104,] FALSE
[105,] FALSE
[106,] FALSE
[107,]  TRUE
[108,] FALSE
[109,] FALSE
[110,] FALSE
[111,] FALSE
[112,] FALSE
[113,] FALSE
[114,] FALSE
[115,]  TRUE
[116,] FALSE
[117,] FALSE
[118,] FALSE
[119,]  TRUE
[120,] FALSE
[121,] FALSE
[122,] FALSE
[123,] FALSE
[124,] FALSE
[125,] FALSE
[126,] FALSE
[127,] FALSE
[128,] FALSE
[129,] FALSE
[130,] FALSE
[131,] FALSE
[132,] FALSE
[133,] FALSE
[134,] FALSE
[135,] FALSE
[136,] FALSE
[137,] FALSE
[138,] FALSE
[139,] FALSE
[140,] FALSE
[141,] FALSE
[142,] FALSE
[143,] FALSE
[144,] FALSE
[145,] FALSE
[146,] FALSE
[147,] FALSE
[148,] FALSE
[149,] FALSE
[150,]  TRUE
[151,] FALSE
[152,] FALSE
[153,] FALSE
> is.na(xl[1])!=FALSE
       Ozone
  [1,] FALSE
  [2,] FALSE
  [3,] FALSE
  [4,] FALSE
  [5,]  TRUE
  [6,] FALSE
  [7,] FALSE
  [8,] FALSE
  [9,] FALSE
 [10,]  TRUE
 [11,] FALSE
 [12,] FALSE
 [13,] FALSE
 [14,] FALSE
 [15,] FALSE
 [16,] FALSE
 [17,] FALSE
 [18,] FALSE
 [19,] FALSE
 [20,] FALSE
 [21,] FALSE
 [22,] FALSE
 [23,] FALSE
 [24,] FALSE
 [25,]  TRUE
 [26,]  TRUE
 [27,]  TRUE
 [28,] FALSE
 [29,] FALSE
 [30,] FALSE
 [31,] FALSE
 [32,]  TRUE
 [33,]  TRUE
 [34,]  TRUE
 [35,]  TRUE
 [36,]  TRUE
 [37,]  TRUE
 [38,] FALSE
 [39,]  TRUE
 [40,] FALSE
 [41,] FALSE
 [42,]  TRUE
 [43,]  TRUE
 [44,] FALSE
 [45,]  TRUE
 [46,]  TRUE
 [47,] FALSE
 [48,] FALSE
 [49,] FALSE
 [50,] FALSE
 [51,] FALSE
 [52,]  TRUE
 [53,]  TRUE
 [54,]  TRUE
 [55,]  TRUE
 [56,]  TRUE
 [57,]  TRUE
 [58,]  TRUE
 [59,]  TRUE
 [60,]  TRUE
 [61,]  TRUE
 [62,] FALSE
 [63,] FALSE
 [64,] FALSE
 [65,]  TRUE
 [66,] FALSE
 [67,] FALSE
 [68,] FALSE
 [69,] FALSE
 [70,] FALSE
 [71,] FALSE
 [72,]  TRUE
 [73,] FALSE
 [74,] FALSE
 [75,]  TRUE
 [76,] FALSE
 [77,] FALSE
 [78,] FALSE
 [79,] FALSE
 [80,] FALSE
 [81,] FALSE
 [82,] FALSE
 [83,]  TRUE
 [84,]  TRUE
 [85,] FALSE
 [86,] FALSE
 [87,] FALSE
 [88,] FALSE
 [89,] FALSE
 [90,] FALSE
 [91,] FALSE
 [92,] FALSE
 [93,] FALSE
 [94,] FALSE
 [95,] FALSE
 [96,] FALSE
 [97,] FALSE
 [98,] FALSE
 [99,] FALSE
[100,] FALSE
[101,] FALSE
[102,]  TRUE
[103,]  TRUE
[104,] FALSE
[105,] FALSE
[106,] FALSE
[107,]  TRUE
[108,] FALSE
[109,] FALSE
[110,] FALSE
[111,] FALSE
[112,] FALSE
[113,] FALSE
[114,] FALSE
[115,]  TRUE
[116,] FALSE
[117,] FALSE
[118,] FALSE
[119,]  TRUE
[120,] FALSE
[121,] FALSE
[122,] FALSE
[123,] FALSE
[124,] FALSE
[125,] FALSE
[126,] FALSE
[127,] FALSE
[128,] FALSE
[129,] FALSE
[130,] FALSE
[131,] FALSE
[132,] FALSE
[133,] FALSE
[134,] FALSE
[135,] FALSE
[136,] FALSE
[137,] FALSE
[138,] FALSE
[139,] FALSE
[140,] FALSE
[141,] FALSE
[142,] FALSE
[143,] FALSE
[144,] FALSE
[145,] FALSE
[146,] FALSE
[147,] FALSE
[148,] FALSE
[149,] FALSE
[150,]  TRUE
[151,] FALSE
[152,] FALSE
[153,] FALSE
> is.na(xl[1])
       Ozone
  [1,] FALSE
  [2,] FALSE
  [3,] FALSE
  [4,] FALSE
  [5,]  TRUE
  [6,] FALSE
  [7,] FALSE
  [8,] FALSE
  [9,] FALSE
 [10,]  TRUE
 [11,] FALSE
 [12,] FALSE
 [13,] FALSE
 [14,] FALSE
 [15,] FALSE
 [16,] FALSE
 [17,] FALSE
 [18,] FALSE
 [19,] FALSE
 [20,] FALSE
 [21,] FALSE
 [22,] FALSE
 [23,] FALSE
 [24,] FALSE
 [25,]  TRUE
 [26,]  TRUE
 [27,]  TRUE
 [28,] FALSE
 [29,] FALSE
 [30,] FALSE
 [31,] FALSE
 [32,]  TRUE
 [33,]  TRUE
 [34,]  TRUE
 [35,]  TRUE
 [36,]  TRUE
 [37,]  TRUE
 [38,] FALSE
 [39,]  TRUE
 [40,] FALSE
 [41,] FALSE
 [42,]  TRUE
 [43,]  TRUE
 [44,] FALSE
 [45,]  TRUE
 [46,]  TRUE
 [47,] FALSE
 [48,] FALSE
 [49,] FALSE
 [50,] FALSE
 [51,] FALSE
 [52,]  TRUE
 [53,]  TRUE
 [54,]  TRUE
 [55,]  TRUE
 [56,]  TRUE
 [57,]  TRUE
 [58,]  TRUE
 [59,]  TRUE
 [60,]  TRUE
 [61,]  TRUE
 [62,] FALSE
 [63,] FALSE
 [64,] FALSE
 [65,]  TRUE
 [66,] FALSE
 [67,] FALSE
 [68,] FALSE
 [69,] FALSE
 [70,] FALSE
 [71,] FALSE
 [72,]  TRUE
 [73,] FALSE
 [74,] FALSE
 [75,]  TRUE
 [76,] FALSE
 [77,] FALSE
 [78,] FALSE
 [79,] FALSE
 [80,] FALSE
 [81,] FALSE
 [82,] FALSE
 [83,]  TRUE
 [84,]  TRUE
 [85,] FALSE
 [86,] FALSE
 [87,] FALSE
 [88,] FALSE
 [89,] FALSE
 [90,] FALSE
 [91,] FALSE
 [92,] FALSE
 [93,] FALSE
 [94,] FALSE
 [95,] FALSE
 [96,] FALSE
 [97,] FALSE
 [98,] FALSE
 [99,] FALSE
[100,] FALSE
[101,] FALSE
[102,]  TRUE
[103,]  TRUE
[104,] FALSE
[105,] FALSE
[106,] FALSE
[107,]  TRUE
[108,] FALSE
[109,] FALSE
[110,] FALSE
[111,] FALSE
[112,] FALSE
[113,] FALSE
[114,] FALSE
[115,]  TRUE
[116,] FALSE
[117,] FALSE
[118,] FALSE
[119,]  TRUE
[120,] FALSE
[121,] FALSE
[122,] FALSE
[123,] FALSE
[124,] FALSE
[125,] FALSE
[126,] FALSE
[127,] FALSE
[128,] FALSE
[129,] FALSE
[130,] FALSE
[131,] FALSE
[132,] FALSE
[133,] FALSE
[134,] FALSE
[135,] FALSE
[136,] FALSE
[137,] FALSE
[138,] FALSE
[139,] FALSE
[140,] FALSE
[141,] FALSE
[142,] FALSE
[143,] FALSE
[144,] FALSE
[145,] FALSE
[146,] FALSE
[147,] FALSE
[148,] FALSE
[149,] FALSE
[150,]  TRUE
[151,] FALSE
[152,] FALSE
[153,] FALSE
> xl[1]!=NA
       Ozone
  [1,]    NA
  [2,]    NA
  [3,]    NA
  [4,]    NA
  [5,]    NA
  [6,]    NA
  [7,]    NA
  [8,]    NA
  [9,]    NA
 [10,]    NA
 [11,]    NA
 [12,]    NA
 [13,]    NA
 [14,]    NA
 [15,]    NA
 [16,]    NA
 [17,]    NA
 [18,]    NA
 [19,]    NA
 [20,]    NA
 [21,]    NA
 [22,]    NA
 [23,]    NA
 [24,]    NA
 [25,]    NA
 [26,]    NA
 [27,]    NA
 [28,]    NA
 [29,]    NA
 [30,]    NA
 [31,]    NA
 [32,]    NA
 [33,]    NA
 [34,]    NA
 [35,]    NA
 [36,]    NA
 [37,]    NA
 [38,]    NA
 [39,]    NA
 [40,]    NA
 [41,]    NA
 [42,]    NA
 [43,]    NA
 [44,]    NA
 [45,]    NA
 [46,]    NA
 [47,]    NA
 [48,]    NA
 [49,]    NA
 [50,]    NA
 [51,]    NA
 [52,]    NA
 [53,]    NA
 [54,]    NA
 [55,]    NA
 [56,]    NA
 [57,]    NA
 [58,]    NA
 [59,]    NA
 [60,]    NA
 [61,]    NA
 [62,]    NA
 [63,]    NA
 [64,]    NA
 [65,]    NA
 [66,]    NA
 [67,]    NA
 [68,]    NA
 [69,]    NA
 [70,]    NA
 [71,]    NA
 [72,]    NA
 [73,]    NA
 [74,]    NA
 [75,]    NA
 [76,]    NA
 [77,]    NA
 [78,]    NA
 [79,]    NA
 [80,]    NA
 [81,]    NA
 [82,]    NA
 [83,]    NA
 [84,]    NA
 [85,]    NA
 [86,]    NA
 [87,]    NA
 [88,]    NA
 [89,]    NA
 [90,]    NA
 [91,]    NA
 [92,]    NA
 [93,]    NA
 [94,]    NA
 [95,]    NA
 [96,]    NA
 [97,]    NA
 [98,]    NA
 [99,]    NA
[100,]    NA
[101,]    NA
[102,]    NA
[103,]    NA
[104,]    NA
[105,]    NA
[106,]    NA
[107,]    NA
[108,]    NA
[109,]    NA
[110,]    NA
[111,]    NA
[112,]    NA
[113,]    NA
[114,]    NA
[115,]    NA
[116,]    NA
[117,]    NA
[118,]    NA
[119,]    NA
[120,]    NA
[121,]    NA
[122,]    NA
[123,]    NA
[124,]    NA
[125,]    NA
[126,]    NA
[127,]    NA
[128,]    NA
[129,]    NA
[130,]    NA
[131,]    NA
[132,]    NA
[133,]    NA
[134,]    NA
[135,]    NA
[136,]    NA
[137,]    NA
[138,]    NA
[139,]    NA
[140,]    NA
[141,]    NA
[142,]    NA
[143,]    NA
[144,]    NA
[145,]    NA
[146,]    NA
[147,]    NA
[148,]    NA
[149,]    NA
[150,]    NA
[151,]    NA
[152,]    NA
[153,]    NA
> 
> xl[1]
    Ozone
1      41
2      36
3      12
4      18
5      NA
6      28
7      23
8      19
9       8
10     NA
11      7
12     16
13     11
14     14
15     18
16     14
17     34
18      6
19     30
20     11
21      1
22     11
23      4
24     32
25     NA
26     NA
27     NA
28     23
29     45
30    115
31     37
32     NA
33     NA
34     NA
35     NA
36     NA
37     NA
38     29
39     NA
40     71
41     39
42     NA
43     NA
44     23
45     NA
46     NA
47     21
48     37
49     20
50     12
51     13
52     NA
53     NA
54     NA
55     NA
56     NA
57     NA
58     NA
59     NA
60     NA
61     NA
62    135
63     49
64     32
65     NA
66     64
67     40
68     77
69     97
70     97
71     85
72     NA
73     10
74     27
75     NA
76      7
77     48
78     35
79     61
80     79
81     63
82     16
83     NA
84     NA
85     80
86    108
87     20
88     52
89     82
90     50
91     64
92     59
93     39
94      9
95     16
96     78
97     35
98     66
99    122
100    89
101   110
102    NA
103    NA
104    44
105    28
106    65
107    NA
108    22
109    59
110    23
111    31
112    44
113    21
114     9
115    NA
116    45
117   168
118    73
119    NA
120    76
121   118
122    84
123    85
124    96
125    78
126    73
127    91
128    47
129    32
130    20
131    23
132    21
133    24
134    44
135    21
136    28
137     9
138    13
139    46
140    18
141    13
142    24
143    16
144    13
145    23
146    36
147     7
148    14
149    30
150    NA
151    14
152    18
153    20
> y<-x[!is.na(x)]
> y
[1] 5 3 3 3
> x[x!=NA]
[1] NA NA NA NA
> x
[1] 5 3 3 3
> xl[xl!=NA]
  [1] NA NA NA NA NA NA NA NA NA NA NA NA NA NA NA NA NA NA NA NA NA NA NA NA NA NA NA NA NA NA NA NA NA NA NA NA NA NA NA NA NA NA NA NA NA NA NA NA NA NA NA NA NA NA
 [55] NA NA NA NA NA NA NA NA NA NA NA NA NA NA NA NA NA NA NA NA NA NA NA NA NA NA NA NA NA NA NA NA NA NA NA NA NA NA NA NA NA NA NA NA NA NA NA NA NA NA NA NA NA NA
[109] NA NA NA NA NA NA NA NA NA NA NA NA NA NA NA NA NA NA NA NA NA NA NA NA NA NA NA NA NA NA NA NA NA NA NA NA NA NA NA NA NA NA NA NA NA NA NA NA NA NA NA NA NA NA
[163] NA NA NA NA NA NA NA NA NA NA NA NA NA NA NA NA NA NA NA NA NA NA NA NA NA NA NA NA NA NA NA NA NA NA NA NA NA NA NA NA NA NA NA NA NA NA NA NA NA NA NA NA NA NA
[217] NA NA NA NA NA NA NA NA NA NA NA NA NA NA NA NA NA NA NA NA NA NA NA NA NA NA NA NA NA NA NA NA NA NA NA NA NA NA NA NA NA NA NA NA NA NA NA NA NA NA NA NA NA NA
[271] NA NA NA NA NA NA NA NA NA NA NA NA NA NA NA NA NA NA NA NA NA NA NA NA NA NA NA NA NA NA NA NA NA NA NA NA NA NA NA NA NA NA NA NA NA NA NA NA NA NA NA NA NA NA
[325] NA NA NA NA NA NA NA NA NA NA NA NA NA NA NA NA NA NA NA NA NA NA NA NA NA NA NA NA NA NA NA NA NA NA NA NA NA NA NA NA NA NA NA NA NA NA NA NA NA NA NA NA NA NA
[379] NA NA NA NA NA NA NA NA NA NA NA NA NA NA NA NA NA NA NA NA NA NA NA NA NA NA NA NA NA NA NA NA NA NA NA NA NA NA NA NA NA NA NA NA NA NA NA NA NA NA NA NA NA NA
[433] NA NA NA NA NA NA NA NA NA NA NA NA NA NA NA NA NA NA NA NA NA NA NA NA NA NA NA NA NA NA NA NA NA NA NA NA NA NA NA NA NA NA NA NA NA NA NA NA NA NA NA NA NA NA
[487] NA NA NA NA NA NA NA NA NA NA NA NA NA NA NA NA NA NA NA NA NA NA NA NA NA NA NA NA NA NA NA NA NA NA NA NA NA NA NA NA NA NA NA NA NA NA NA NA NA NA NA NA NA NA
[541] NA NA NA NA NA NA NA NA NA NA NA NA NA NA NA NA NA NA NA NA NA NA NA NA NA NA NA NA NA NA NA NA NA NA NA NA NA NA NA NA NA NA NA NA NA NA NA NA NA NA NA NA NA NA
[595] NA NA NA NA NA NA NA NA NA NA NA NA NA NA NA NA NA NA NA NA NA NA NA NA NA NA NA NA NA NA NA NA NA NA NA NA NA NA NA NA NA NA NA NA NA NA NA NA NA NA NA NA NA NA
[649] NA NA NA NA NA NA NA NA NA NA NA NA NA NA NA NA NA NA NA NA NA NA NA NA NA NA NA NA NA NA NA NA NA NA NA NA NA NA NA NA NA NA NA NA NA NA NA NA NA NA NA NA NA NA
[703] NA NA NA NA NA NA NA NA NA NA NA NA NA NA NA NA NA NA NA NA NA NA NA NA NA NA NA NA NA NA NA NA NA NA NA NA NA NA NA NA NA NA NA NA NA NA NA NA NA NA NA NA NA NA
[757] NA NA NA NA NA NA NA NA NA NA NA NA NA NA NA NA NA NA NA NA NA NA NA NA NA NA NA NA NA NA NA NA NA NA NA NA NA NA NA NA NA NA NA NA NA NA NA NA NA NA NA NA NA NA
[811] NA NA NA NA NA NA NA NA NA NA NA NA NA NA NA NA NA NA NA NA NA NA NA NA NA NA NA NA NA NA NA NA NA NA NA NA NA NA NA NA NA NA NA NA NA NA NA NA NA NA NA NA NA NA
[865] NA NA NA NA NA NA NA NA NA NA NA NA NA NA NA NA NA NA NA NA NA NA NA NA NA NA NA NA NA NA NA NA NA NA NA NA NA NA NA NA NA NA NA NA NA NA NA NA NA NA NA NA NA NA
> y<-(xl[1]!=NA)
> y
       Ozone
  [1,]    NA
  [2,]    NA
  [3,]    NA
  [4,]    NA
  [5,]    NA
  [6,]    NA
  [7,]    NA
  [8,]    NA
  [9,]    NA
 [10,]    NA
 [11,]    NA
 [12,]    NA
 [13,]    NA
 [14,]    NA
 [15,]    NA
 [16,]    NA
 [17,]    NA
 [18,]    NA
 [19,]    NA
 [20,]    NA
 [21,]    NA
 [22,]    NA
 [23,]    NA
 [24,]    NA
 [25,]    NA
 [26,]    NA
 [27,]    NA
 [28,]    NA
 [29,]    NA
 [30,]    NA
 [31,]    NA
 [32,]    NA
 [33,]    NA
 [34,]    NA
 [35,]    NA
 [36,]    NA
 [37,]    NA
 [38,]    NA
 [39,]    NA
 [40,]    NA
 [41,]    NA
 [42,]    NA
 [43,]    NA
 [44,]    NA
 [45,]    NA
 [46,]    NA
 [47,]    NA
 [48,]    NA
 [49,]    NA
 [50,]    NA
 [51,]    NA
 [52,]    NA
 [53,]    NA
 [54,]    NA
 [55,]    NA
 [56,]    NA
 [57,]    NA
 [58,]    NA
 [59,]    NA
 [60,]    NA
 [61,]    NA
 [62,]    NA
 [63,]    NA
 [64,]    NA
 [65,]    NA
 [66,]    NA
 [67,]    NA
 [68,]    NA
 [69,]    NA
 [70,]    NA
 [71,]    NA
 [72,]    NA
 [73,]    NA
 [74,]    NA
 [75,]    NA
 [76,]    NA
 [77,]    NA
 [78,]    NA
 [79,]    NA
 [80,]    NA
 [81,]    NA
 [82,]    NA
 [83,]    NA
 [84,]    NA
 [85,]    NA
 [86,]    NA
 [87,]    NA
 [88,]    NA
 [89,]    NA
 [90,]    NA
 [91,]    NA
 [92,]    NA
 [93,]    NA
 [94,]    NA
 [95,]    NA
 [96,]    NA
 [97,]    NA
 [98,]    NA
 [99,]    NA
[100,]    NA
[101,]    NA
[102,]    NA
[103,]    NA
[104,]    NA
[105,]    NA
[106,]    NA
[107,]    NA
[108,]    NA
[109,]    NA
[110,]    NA
[111,]    NA
[112,]    NA
[113,]    NA
[114,]    NA
[115,]    NA
[116,]    NA
[117,]    NA
[118,]    NA
[119,]    NA
[120,]    NA
[121,]    NA
[122,]    NA
[123,]    NA
[124,]    NA
[125,]    NA
[126,]    NA
[127,]    NA
[128,]    NA
[129,]    NA
[130,]    NA
[131,]    NA
[132,]    NA
[133,]    NA
[134,]    NA
[135,]    NA
[136,]    NA
[137,]    NA
[138,]    NA
[139,]    NA
[140,]    NA
[141,]    NA
[142,]    NA
[143,]    NA
[144,]    NA
[145,]    NA
[146,]    NA
[147,]    NA
[148,]    NA
[149,]    NA
[150,]    NA
[151,]    NA
[152,]    NA
[153,]    NA
> xl[1]!=NA
       Ozone
  [1,]    NA
  [2,]    NA
  [3,]    NA
  [4,]    NA
  [5,]    NA
  [6,]    NA
  [7,]    NA
  [8,]    NA
  [9,]    NA
 [10,]    NA
 [11,]    NA
 [12,]    NA
 [13,]    NA
 [14,]    NA
 [15,]    NA
 [16,]    NA
 [17,]    NA
 [18,]    NA
 [19,]    NA
 [20,]    NA
 [21,]    NA
 [22,]    NA
 [23,]    NA
 [24,]    NA
 [25,]    NA
 [26,]    NA
 [27,]    NA
 [28,]    NA
 [29,]    NA
 [30,]    NA
 [31,]    NA
 [32,]    NA
 [33,]    NA
 [34,]    NA
 [35,]    NA
 [36,]    NA
 [37,]    NA
 [38,]    NA
 [39,]    NA
 [40,]    NA
 [41,]    NA
 [42,]    NA
 [43,]    NA
 [44,]    NA
 [45,]    NA
 [46,]    NA
 [47,]    NA
 [48,]    NA
 [49,]    NA
 [50,]    NA
 [51,]    NA
 [52,]    NA
 [53,]    NA
 [54,]    NA
 [55,]    NA
 [56,]    NA
 [57,]    NA
 [58,]    NA
 [59,]    NA
 [60,]    NA
 [61,]    NA
 [62,]    NA
 [63,]    NA
 [64,]    NA
 [65,]    NA
 [66,]    NA
 [67,]    NA
 [68,]    NA
 [69,]    NA
 [70,]    NA
 [71,]    NA
 [72,]    NA
 [73,]    NA
 [74,]    NA
 [75,]    NA
 [76,]    NA
 [77,]    NA
 [78,]    NA
 [79,]    NA
 [80,]    NA
 [81,]    NA
 [82,]    NA
 [83,]    NA
 [84,]    NA
 [85,]    NA
 [86,]    NA
 [87,]    NA
 [88,]    NA
 [89,]    NA
 [90,]    NA
 [91,]    NA
 [92,]    NA
 [93,]    NA
 [94,]    NA
 [95,]    NA
 [96,]    NA
 [97,]    NA
 [98,]    NA
 [99,]    NA
[100,]    NA
[101,]    NA
[102,]    NA
[103,]    NA
[104,]    NA
[105,]    NA
[106,]    NA
[107,]    NA
[108,]    NA
[109,]    NA
[110,]    NA
[111,]    NA
[112,]    NA
[113,]    NA
[114,]    NA
[115,]    NA
[116,]    NA
[117,]    NA
[118,]    NA
[119,]    NA
[120,]    NA
[121,]    NA
[122,]    NA
[123,]    NA
[124,]    NA
[125,]    NA
[126,]    NA
[127,]    NA
[128,]    NA
[129,]    NA
[130,]    NA
[131,]    NA
[132,]    NA
[133,]    NA
[134,]    NA
[135,]    NA
[136,]    NA
[137,]    NA
[138,]    NA
[139,]    NA
[140,]    NA
[141,]    NA
[142,]    NA
[143,]    NA
[144,]    NA
[145,]    NA
[146,]    NA
[147,]    NA
[148,]    NA
[149,]    NA
[150,]    NA
[151,]    NA
[152,]    NA
[153,]    NA
> xl[xl[1]!=NA]
  [1] NA NA NA NA NA NA NA NA NA NA NA NA NA NA NA NA NA NA NA NA NA NA NA NA NA NA NA NA NA NA NA NA NA NA NA NA NA NA NA NA NA NA NA NA NA NA NA NA NA NA NA NA NA NA
 [55] NA NA NA NA NA NA NA NA NA NA NA NA NA NA NA NA NA NA NA NA NA NA NA NA NA NA NA NA NA NA NA NA NA NA NA NA NA NA NA NA NA NA NA NA NA NA NA NA NA NA NA NA NA NA
[109] NA NA NA NA NA NA NA NA NA NA NA NA NA NA NA NA NA NA NA NA NA NA NA NA NA NA NA NA NA NA NA NA NA NA NA NA NA NA NA NA NA NA NA NA NA NA NA NA NA NA NA NA NA NA
[163] NA NA NA NA NA NA NA NA NA NA NA NA NA NA NA NA NA NA NA NA NA NA NA NA NA NA NA NA NA NA NA NA NA NA NA NA NA NA NA NA NA NA NA NA NA NA NA NA NA NA NA NA NA NA
[217] NA NA NA NA NA NA NA NA NA NA NA NA NA NA NA NA NA NA NA NA NA NA NA NA NA NA NA NA NA NA NA NA NA NA NA NA NA NA NA NA NA NA NA NA NA NA NA NA NA NA NA NA NA NA
[271] NA NA NA NA NA NA NA NA NA NA NA NA NA NA NA NA NA NA NA NA NA NA NA NA NA NA NA NA NA NA NA NA NA NA NA NA NA NA NA NA NA NA NA NA NA NA NA NA NA NA NA NA NA NA
[325] NA NA NA NA NA NA NA NA NA NA NA NA NA NA NA NA NA NA NA NA NA NA NA NA NA NA NA NA NA NA NA NA NA NA NA NA NA NA NA NA NA NA NA NA NA NA NA NA NA NA NA NA NA NA
[379] NA NA NA NA NA NA NA NA NA NA NA NA NA NA NA NA NA NA NA NA NA NA NA NA NA NA NA NA NA NA NA NA NA NA NA NA NA NA NA NA NA NA NA NA NA NA NA NA NA NA NA NA NA NA
[433] NA NA NA NA NA NA NA NA NA NA NA NA NA NA NA NA NA NA NA NA NA NA NA NA NA NA NA NA NA NA NA NA NA NA NA NA NA NA NA NA NA NA NA NA NA NA NA NA NA NA NA NA NA NA
[487] NA NA NA NA NA NA NA NA NA NA NA NA NA NA NA NA NA NA NA NA NA NA NA NA NA NA NA NA NA NA NA NA NA NA NA NA NA NA NA NA NA NA NA NA NA NA NA NA NA NA NA NA NA NA
[541] NA NA NA NA NA NA NA NA NA NA NA NA NA NA NA NA NA NA NA NA NA NA NA NA NA NA NA NA NA NA NA NA NA NA NA NA NA NA NA NA NA NA NA NA NA NA NA NA NA NA NA NA NA NA
[595] NA NA NA NA NA NA NA NA NA NA NA NA NA NA NA NA NA NA NA NA NA NA NA NA NA NA NA NA NA NA NA NA NA NA NA NA NA NA NA NA NA NA NA NA NA NA NA NA NA NA NA NA NA NA
[649] NA NA NA NA NA NA NA NA NA NA NA NA NA NA NA NA NA NA NA NA NA NA NA NA NA NA NA NA NA NA NA NA NA NA NA NA NA NA NA NA NA NA NA NA NA NA NA NA NA NA NA NA NA NA
[703] NA NA NA NA NA NA NA NA NA NA NA NA NA NA NA NA NA NA NA NA NA NA NA NA NA NA NA NA NA NA NA NA NA NA NA NA NA NA NA NA NA NA NA NA NA NA NA NA NA NA NA NA NA NA
[757] NA NA NA NA NA NA NA NA NA NA NA NA NA NA NA NA NA NA NA NA NA NA NA NA NA NA NA NA NA NA NA NA NA NA NA NA NA NA NA NA NA NA NA NA NA NA NA NA NA NA NA NA NA NA
[811] NA NA NA NA NA NA NA NA NA NA NA NA NA NA NA NA NA NA NA NA NA NA NA NA NA NA NA NA NA NA NA NA NA NA NA NA NA NA NA NA NA NA NA NA NA NA NA NA NA NA NA NA NA NA
[865] NA NA NA NA NA NA NA NA NA NA NA NA NA NA NA NA NA NA NA NA NA NA NA NA NA NA NA NA NA NA NA NA NA NA NA NA NA NA NA NA NA NA NA NA NA NA NA NA NA NA NA NA NA NA
> xl[is.na(xl)!=T]
  [1]  41.0  36.0  12.0  18.0  28.0  23.0  19.0   8.0   7.0  16.0  11.0  14.0  18.0  14.0  34.0   6.0  30.0  11.0   1.0  11.0   4.0  32.0  23.0  45.0 115.0  37.0  29.0
 [28]  71.0  39.0  23.0  21.0  37.0  20.0  12.0  13.0 135.0  49.0  32.0  64.0  40.0  77.0  97.0  97.0  85.0  10.0  27.0   7.0  48.0  35.0  61.0  79.0  63.0  16.0  80.0
 [55] 108.0  20.0  52.0  82.0  50.0  64.0  59.0  39.0   9.0  16.0  78.0  35.0  66.0 122.0  89.0 110.0  44.0  28.0  65.0  22.0  59.0  23.0  31.0  44.0  21.0   9.0  45.0
 [82] 168.0  73.0  76.0 118.0  84.0  85.0  96.0  78.0  73.0  91.0  47.0  32.0  20.0  23.0  21.0  24.0  44.0  21.0  28.0   9.0  13.0  46.0  18.0  13.0  24.0  16.0  13.0
[109]  23.0  36.0   7.0  14.0  30.0  14.0  18.0  20.0 190.0 118.0 149.0 313.0 299.0  99.0  19.0 194.0 256.0 290.0 274.0  65.0 334.0 307.0  78.0 322.0  44.0   8.0 320.0
[136]  25.0  92.0  66.0 266.0  13.0 252.0 223.0 279.0 286.0 287.0 242.0 186.0 220.0 264.0 127.0 273.0 291.0 323.0 259.0 250.0 148.0 332.0 322.0 191.0 284.0  37.0 120.0
[163] 137.0 150.0  59.0  91.0 250.0 135.0 127.0  47.0  98.0  31.0 138.0 269.0 248.0 236.0 101.0 175.0 314.0 276.0 267.0 272.0 175.0 139.0 264.0 175.0 291.0  48.0 260.0
[190] 274.0 285.0 187.0 220.0   7.0 258.0 295.0 294.0 223.0  81.0  82.0 213.0 275.0 253.0 254.0  83.0  24.0  77.0 255.0 229.0 207.0 222.0 137.0 192.0 273.0 157.0  64.0
[217]  71.0  51.0 115.0 244.0 190.0 259.0  36.0 255.0 212.0 238.0 215.0 153.0 203.0 225.0 237.0 188.0 167.0 197.0 183.0 189.0  95.0  92.0 252.0 220.0 230.0 259.0 236.0
[244] 259.0 238.0  24.0 112.0 237.0 224.0  27.0 238.0 201.0 238.0  14.0 139.0  49.0  20.0 193.0 145.0 191.0 131.0 223.0   7.4   8.0  12.6  11.5  14.3  14.9   8.6  13.8
[271]  20.1   8.6   6.9   9.7   9.2  10.9  13.2  11.5  12.0  18.4  11.5   9.7   9.7  16.6   9.7  12.0  16.6  14.9   8.0  12.0  14.9   5.7   7.4   8.6   9.7  16.1   9.2
[298]   8.6  14.3   9.7   6.9  13.8  11.5  10.9   9.2   8.0  13.8  11.5  14.9  20.7   9.2  11.5  10.3   6.3   1.7   4.6   6.3   8.0   8.0  10.3  11.5  14.9   8.0   4.1
[325]   9.2   9.2  10.9   4.6  10.9   5.1   6.3   5.7   7.4   8.6  14.3  14.9  14.9  14.3   6.9  10.3   6.3   5.1  11.5   6.9   9.7  11.5   8.6   8.0   8.6  12.0   7.4
[352]   7.4   7.4   9.2   6.9  13.8   7.4   6.9   7.4   4.6   4.0  10.3   8.0   8.6  11.5  11.5  11.5   9.7  11.5  10.3   6.3   7.4  10.9  10.3  15.5  14.3  12.6   9.7
[379]   3.4   8.0   5.7   9.7   2.3   6.3   6.3   6.9   5.1   2.8   4.6   7.4  15.5  10.9  10.3  10.9   9.7  14.9  15.5   6.3  10.9  11.5   6.9  13.8  10.3  10.3   8.0
[406]  12.6   9.2  10.3  10.3  16.6   6.9  13.2  14.3   8.0  11.5  67.0  72.0  74.0  62.0  56.0  66.0  65.0  59.0  61.0  69.0  74.0  69.0  66.0  68.0  58.0  64.0  66.0
[433]  57.0  68.0  62.0  59.0  73.0  61.0  61.0  57.0  58.0  57.0  67.0  81.0  79.0  76.0  78.0  74.0  67.0  84.0  85.0  79.0  82.0  87.0  90.0  87.0  93.0  92.0  82.0
[460]  80.0  79.0  77.0  72.0  65.0  73.0  76.0  77.0  76.0  76.0  76.0  75.0  78.0  73.0  80.0  77.0  83.0  84.0  85.0  81.0  84.0  83.0  83.0  88.0  92.0  92.0  89.0
[487]  82.0  73.0  81.0  91.0  80.0  81.0  82.0  84.0  87.0  85.0  74.0  81.0  82.0  86.0  85.0  82.0  86.0  88.0  86.0  83.0  81.0  81.0  81.0  82.0  86.0  85.0  87.0
[514]  89.0  90.0  90.0  92.0  86.0  86.0  82.0  80.0  79.0  77.0  79.0  76.0  78.0  78.0  77.0  72.0  75.0  79.0  81.0  86.0  88.0  97.0  94.0  96.0  94.0  91.0  92.0
[541]  93.0  93.0  87.0  84.0  80.0  78.0  75.0  73.0  81.0  76.0  77.0  71.0  71.0  78.0  67.0  76.0  68.0  82.0  64.0  71.0  81.0  69.0  63.0  70.0  77.0  75.0  76.0
[568]  68.0   5.0   5.0   5.0   5.0   5.0   5.0   5.0   5.0   5.0   5.0   5.0   5.0   5.0   5.0   5.0   5.0   5.0   5.0   5.0   5.0   5.0   5.0   5.0   5.0   5.0   5.0
[595]   5.0   5.0   5.0   5.0   5.0   6.0   6.0   6.0   6.0   6.0   6.0   6.0   6.0   6.0   6.0   6.0   6.0   6.0   6.0   6.0   6.0   6.0   6.0   6.0   6.0   6.0   6.0
[622]   6.0   6.0   6.0   6.0   6.0   6.0   6.0   6.0   7.0   7.0   7.0   7.0   7.0   7.0   7.0   7.0   7.0   7.0   7.0   7.0   7.0   7.0   7.0   7.0   7.0   7.0   7.0
[649]   7.0   7.0   7.0   7.0   7.0   7.0   7.0   7.0   7.0   7.0   7.0   7.0   8.0   8.0   8.0   8.0   8.0   8.0   8.0   8.0   8.0   8.0   8.0   8.0   8.0   8.0   8.0
[676]   8.0   8.0   8.0   8.0   8.0   8.0   8.0   8.0   8.0   8.0   8.0   8.0   8.0   8.0   8.0   8.0   9.0   9.0   9.0   9.0   9.0   9.0   9.0   9.0   9.0   9.0   9.0
[703]   9.0   9.0   9.0   9.0   9.0   9.0   9.0   9.0   9.0   9.0   9.0   9.0   9.0   9.0   9.0   9.0   9.0   9.0   9.0   1.0   2.0   3.0   4.0   5.0   6.0   7.0   8.0
[730]   9.0  10.0  11.0  12.0  13.0  14.0  15.0  16.0  17.0  18.0  19.0  20.0  21.0  22.0  23.0  24.0  25.0  26.0  27.0  28.0  29.0  30.0  31.0   1.0   2.0   3.0   4.0
[757]   5.0   6.0   7.0   8.0   9.0  10.0  11.0  12.0  13.0  14.0  15.0  16.0  17.0  18.0  19.0  20.0  21.0  22.0  23.0  24.0  25.0  26.0  27.0  28.0  29.0  30.0   1.0
[784]   2.0   3.0   4.0   5.0   6.0   7.0   8.0   9.0  10.0  11.0  12.0  13.0  14.0  15.0  16.0  17.0  18.0  19.0  20.0  21.0  22.0  23.0  24.0  25.0  26.0  27.0  28.0
[811]  29.0  30.0  31.0   1.0   2.0   3.0   4.0   5.0   6.0   7.0   8.0   9.0  10.0  11.0  12.0  13.0  14.0  15.0  16.0  17.0  18.0  19.0  20.0  21.0  22.0  23.0  24.0
[838]  25.0  26.0  27.0  28.0  29.0  30.0  31.0   1.0   2.0   3.0   4.0   5.0   6.0   7.0   8.0   9.0  10.0  11.0  12.0  13.0  14.0  15.0  16.0  17.0  18.0  19.0  20.0
[865]  21.0  22.0  23.0  24.0  25.0  26.0  27.0  28.0  29.0  30.0
> y<-is.na(xl[1])!=T
> y
       Ozone
  [1,]  TRUE
  [2,]  TRUE
  [3,]  TRUE
  [4,]  TRUE
  [5,] FALSE
  [6,]  TRUE
  [7,]  TRUE
  [8,]  TRUE
  [9,]  TRUE
 [10,] FALSE
 [11,]  TRUE
 [12,]  TRUE
 [13,]  TRUE
 [14,]  TRUE
 [15,]  TRUE
 [16,]  TRUE
 [17,]  TRUE
 [18,]  TRUE
 [19,]  TRUE
 [20,]  TRUE
 [21,]  TRUE
 [22,]  TRUE
 [23,]  TRUE
 [24,]  TRUE
 [25,] FALSE
 [26,] FALSE
 [27,] FALSE
 [28,]  TRUE
 [29,]  TRUE
 [30,]  TRUE
 [31,]  TRUE
 [32,] FALSE
 [33,] FALSE
 [34,] FALSE
 [35,] FALSE
 [36,] FALSE
 [37,] FALSE
 [38,]  TRUE
 [39,] FALSE
 [40,]  TRUE
 [41,]  TRUE
 [42,] FALSE
 [43,] FALSE
 [44,]  TRUE
 [45,] FALSE
 [46,] FALSE
 [47,]  TRUE
 [48,]  TRUE
 [49,]  TRUE
 [50,]  TRUE
 [51,]  TRUE
 [52,] FALSE
 [53,] FALSE
 [54,] FALSE
 [55,] FALSE
 [56,] FALSE
 [57,] FALSE
 [58,] FALSE
 [59,] FALSE
 [60,] FALSE
 [61,] FALSE
 [62,]  TRUE
 [63,]  TRUE
 [64,]  TRUE
 [65,] FALSE
 [66,]  TRUE
 [67,]  TRUE
 [68,]  TRUE
 [69,]  TRUE
 [70,]  TRUE
 [71,]  TRUE
 [72,] FALSE
 [73,]  TRUE
 [74,]  TRUE
 [75,] FALSE
 [76,]  TRUE
 [77,]  TRUE
 [78,]  TRUE
 [79,]  TRUE
 [80,]  TRUE
 [81,]  TRUE
 [82,]  TRUE
 [83,] FALSE
 [84,] FALSE
 [85,]  TRUE
 [86,]  TRUE
 [87,]  TRUE
 [88,]  TRUE
 [89,]  TRUE
 [90,]  TRUE
 [91,]  TRUE
 [92,]  TRUE
 [93,]  TRUE
 [94,]  TRUE
 [95,]  TRUE
 [96,]  TRUE
 [97,]  TRUE
 [98,]  TRUE
 [99,]  TRUE
[100,]  TRUE
[101,]  TRUE
[102,] FALSE
[103,] FALSE
[104,]  TRUE
[105,]  TRUE
[106,]  TRUE
[107,] FALSE
[108,]  TRUE
[109,]  TRUE
[110,]  TRUE
[111,]  TRUE
[112,]  TRUE
[113,]  TRUE
[114,]  TRUE
[115,] FALSE
[116,]  TRUE
[117,]  TRUE
[118,]  TRUE
[119,] FALSE
[120,]  TRUE
[121,]  TRUE
[122,]  TRUE
[123,]  TRUE
[124,]  TRUE
[125,]  TRUE
[126,]  TRUE
[127,]  TRUE
[128,]  TRUE
[129,]  TRUE
[130,]  TRUE
[131,]  TRUE
[132,]  TRUE
[133,]  TRUE
[134,]  TRUE
[135,]  TRUE
[136,]  TRUE
[137,]  TRUE
[138,]  TRUE
[139,]  TRUE
[140,]  TRUE
[141,]  TRUE
[142,]  TRUE
[143,]  TRUE
[144,]  TRUE
[145,]  TRUE
[146,]  TRUE
[147,]  TRUE
[148,]  TRUE
[149,]  TRUE
[150,] FALSE
[151,]  TRUE
[152,]  TRUE
[153,]  TRUE
> y<-(is.na(xl[1])!=T)
> y
       Ozone
  [1,]  TRUE
  [2,]  TRUE
  [3,]  TRUE
  [4,]  TRUE
  [5,] FALSE
  [6,]  TRUE
  [7,]  TRUE
  [8,]  TRUE
  [9,]  TRUE
 [10,] FALSE
 [11,]  TRUE
 [12,]  TRUE
 [13,]  TRUE
 [14,]  TRUE
 [15,]  TRUE
 [16,]  TRUE
 [17,]  TRUE
 [18,]  TRUE
 [19,]  TRUE
 [20,]  TRUE
 [21,]  TRUE
 [22,]  TRUE
 [23,]  TRUE
 [24,]  TRUE
 [25,] FALSE
 [26,] FALSE
 [27,] FALSE
 [28,]  TRUE
 [29,]  TRUE
 [30,]  TRUE
 [31,]  TRUE
 [32,] FALSE
 [33,] FALSE
 [34,] FALSE
 [35,] FALSE
 [36,] FALSE
 [37,] FALSE
 [38,]  TRUE
 [39,] FALSE
 [40,]  TRUE
 [41,]  TRUE
 [42,] FALSE
 [43,] FALSE
 [44,]  TRUE
 [45,] FALSE
 [46,] FALSE
 [47,]  TRUE
 [48,]  TRUE
 [49,]  TRUE
 [50,]  TRUE
 [51,]  TRUE
 [52,] FALSE
 [53,] FALSE
 [54,] FALSE
 [55,] FALSE
 [56,] FALSE
 [57,] FALSE
 [58,] FALSE
 [59,] FALSE
 [60,] FALSE
 [61,] FALSE
 [62,]  TRUE
 [63,]  TRUE
 [64,]  TRUE
 [65,] FALSE
 [66,]  TRUE
 [67,]  TRUE
 [68,]  TRUE
 [69,]  TRUE
 [70,]  TRUE
 [71,]  TRUE
 [72,] FALSE
 [73,]  TRUE
 [74,]  TRUE
 [75,] FALSE
 [76,]  TRUE
 [77,]  TRUE
 [78,]  TRUE
 [79,]  TRUE
 [80,]  TRUE
 [81,]  TRUE
 [82,]  TRUE
 [83,] FALSE
 [84,] FALSE
 [85,]  TRUE
 [86,]  TRUE
 [87,]  TRUE
 [88,]  TRUE
 [89,]  TRUE
 [90,]  TRUE
 [91,]  TRUE
 [92,]  TRUE
 [93,]  TRUE
 [94,]  TRUE
 [95,]  TRUE
 [96,]  TRUE
 [97,]  TRUE
 [98,]  TRUE
 [99,]  TRUE
[100,]  TRUE
[101,]  TRUE
[102,] FALSE
[103,] FALSE
[104,]  TRUE
[105,]  TRUE
[106,]  TRUE
[107,] FALSE
[108,]  TRUE
[109,]  TRUE
[110,]  TRUE
[111,]  TRUE
[112,]  TRUE
[113,]  TRUE
[114,]  TRUE
[115,] FALSE
[116,]  TRUE
[117,]  TRUE
[118,]  TRUE
[119,] FALSE
[120,]  TRUE
[121,]  TRUE
[122,]  TRUE
[123,]  TRUE
[124,]  TRUE
[125,]  TRUE
[126,]  TRUE
[127,]  TRUE
[128,]  TRUE
[129,]  TRUE
[130,]  TRUE
[131,]  TRUE
[132,]  TRUE
[133,]  TRUE
[134,]  TRUE
[135,]  TRUE
[136,]  TRUE
[137,]  TRUE
[138,]  TRUE
[139,]  TRUE
[140,]  TRUE
[141,]  TRUE
[142,]  TRUE
[143,]  TRUE
[144,]  TRUE
[145,]  TRUE
[146,]  TRUE
[147,]  TRUE
[148,]  TRUE
[149,]  TRUE
[150,] FALSE
[151,]  TRUE
[152,]  TRUE
[153,]  TRUE
> y<-xl[is.na(xl[1])!=T)]
Error: unexpected ')' in "y<-xl[is.na(xl[1])!=T)"
> mean(xl[1])
[1] NA
Warning message:
In mean.default(xl[1]) : argument is not numeric or logical: returning NA
> xl[xl[1]!=NA]
  [1] NA NA NA NA NA NA NA NA NA NA NA NA NA NA NA NA NA NA NA NA NA NA NA NA NA NA NA NA NA NA NA NA NA NA NA NA NA NA NA NA NA NA NA NA NA NA NA NA NA NA NA NA NA NA
 [55] NA NA NA NA NA NA NA NA NA NA NA NA NA NA NA NA NA NA NA NA NA NA NA NA NA NA NA NA NA NA NA NA NA NA NA NA NA NA NA NA NA NA NA NA NA NA NA NA NA NA NA NA NA NA
[109] NA NA NA NA NA NA NA NA NA NA NA NA NA NA NA NA NA NA NA NA NA NA NA NA NA NA NA NA NA NA NA NA NA NA NA NA NA NA NA NA NA NA NA NA NA NA NA NA NA NA NA NA NA NA
[163] NA NA NA NA NA NA NA NA NA NA NA NA NA NA NA NA NA NA NA NA NA NA NA NA NA NA NA NA NA NA NA NA NA NA NA NA NA NA NA NA NA NA NA NA NA NA NA NA NA NA NA NA NA NA
[217] NA NA NA NA NA NA NA NA NA NA NA NA NA NA NA NA NA NA NA NA NA NA NA NA NA NA NA NA NA NA NA NA NA NA NA NA NA NA NA NA NA NA NA NA NA NA NA NA NA NA NA NA NA NA
[271] NA NA NA NA NA NA NA NA NA NA NA NA NA NA NA NA NA NA NA NA NA NA NA NA NA NA NA NA NA NA NA NA NA NA NA NA NA NA NA NA NA NA NA NA NA NA NA NA NA NA NA NA NA NA
[325] NA NA NA NA NA NA NA NA NA NA NA NA NA NA NA NA NA NA NA NA NA NA NA NA NA NA NA NA NA NA NA NA NA NA NA NA NA NA NA NA NA NA NA NA NA NA NA NA NA NA NA NA NA NA
[379] NA NA NA NA NA NA NA NA NA NA NA NA NA NA NA NA NA NA NA NA NA NA NA NA NA NA NA NA NA NA NA NA NA NA NA NA NA NA NA NA NA NA NA NA NA NA NA NA NA NA NA NA NA NA
[433] NA NA NA NA NA NA NA NA NA NA NA NA NA NA NA NA NA NA NA NA NA NA NA NA NA NA NA NA NA NA NA NA NA NA NA NA NA NA NA NA NA NA NA NA NA NA NA NA NA NA NA NA NA NA
[487] NA NA NA NA NA NA NA NA NA NA NA NA NA NA NA NA NA NA NA NA NA NA NA NA NA NA NA NA NA NA NA NA NA NA NA NA NA NA NA NA NA NA NA NA NA NA NA NA NA NA NA NA NA NA
[541] NA NA NA NA NA NA NA NA NA NA NA NA NA NA NA NA NA NA NA NA NA NA NA NA NA NA NA NA NA NA NA NA NA NA NA NA NA NA NA NA NA NA NA NA NA NA NA NA NA NA NA NA NA NA
[595] NA NA NA NA NA NA NA NA NA NA NA NA NA NA NA NA NA NA NA NA NA NA NA NA NA NA NA NA NA NA NA NA NA NA NA NA NA NA NA NA NA NA NA NA NA NA NA NA NA NA NA NA NA NA
[649] NA NA NA NA NA NA NA NA NA NA NA NA NA NA NA NA NA NA NA NA NA NA NA NA NA NA NA NA NA NA NA NA NA NA NA NA NA NA NA NA NA NA NA NA NA NA NA NA NA NA NA NA NA NA
[703] NA NA NA NA NA NA NA NA NA NA NA NA NA NA NA NA NA NA NA NA NA NA NA NA NA NA NA NA NA NA NA NA NA NA NA NA NA NA NA NA NA NA NA NA NA NA NA NA NA NA NA NA NA NA
[757] NA NA NA NA NA NA NA NA NA NA NA NA NA NA NA NA NA NA NA NA NA NA NA NA NA NA NA NA NA NA NA NA NA NA NA NA NA NA NA NA NA NA NA NA NA NA NA NA NA NA NA NA NA NA
[811] NA NA NA NA NA NA NA NA NA NA NA NA NA NA NA NA NA NA NA NA NA NA NA NA NA NA NA NA NA NA NA NA NA NA NA NA NA NA NA NA NA NA NA NA NA NA NA NA NA NA NA NA NA NA
[865] NA NA NA NA NA NA NA NA NA NA NA NA NA NA NA NA NA NA NA NA NA NA NA NA NA NA NA NA NA NA NA NA NA NA NA NA NA NA NA NA NA NA NA NA NA NA NA NA NA NA NA NA NA NA
> yl<-!is.na(xl)
> yl
       Ozone Solar.R Wind Temp Month  Day
  [1,]  TRUE    TRUE TRUE TRUE  TRUE TRUE
  [2,]  TRUE    TRUE TRUE TRUE  TRUE TRUE
  [3,]  TRUE    TRUE TRUE TRUE  TRUE TRUE
  [4,]  TRUE    TRUE TRUE TRUE  TRUE TRUE
  [5,] FALSE   FALSE TRUE TRUE  TRUE TRUE
  [6,]  TRUE   FALSE TRUE TRUE  TRUE TRUE
  [7,]  TRUE    TRUE TRUE TRUE  TRUE TRUE
  [8,]  TRUE    TRUE TRUE TRUE  TRUE TRUE
  [9,]  TRUE    TRUE TRUE TRUE  TRUE TRUE
 [10,] FALSE    TRUE TRUE TRUE  TRUE TRUE
 [11,]  TRUE   FALSE TRUE TRUE  TRUE TRUE
 [12,]  TRUE    TRUE TRUE TRUE  TRUE TRUE
 [13,]  TRUE    TRUE TRUE TRUE  TRUE TRUE
 [14,]  TRUE    TRUE TRUE TRUE  TRUE TRUE
 [15,]  TRUE    TRUE TRUE TRUE  TRUE TRUE
 [16,]  TRUE    TRUE TRUE TRUE  TRUE TRUE
 [17,]  TRUE    TRUE TRUE TRUE  TRUE TRUE
 [18,]  TRUE    TRUE TRUE TRUE  TRUE TRUE
 [19,]  TRUE    TRUE TRUE TRUE  TRUE TRUE
 [20,]  TRUE    TRUE TRUE TRUE  TRUE TRUE
 [21,]  TRUE    TRUE TRUE TRUE  TRUE TRUE
 [22,]  TRUE    TRUE TRUE TRUE  TRUE TRUE
 [23,]  TRUE    TRUE TRUE TRUE  TRUE TRUE
 [24,]  TRUE    TRUE TRUE TRUE  TRUE TRUE
 [25,] FALSE    TRUE TRUE TRUE  TRUE TRUE
 [26,] FALSE    TRUE TRUE TRUE  TRUE TRUE
 [27,] FALSE   FALSE TRUE TRUE  TRUE TRUE
 [28,]  TRUE    TRUE TRUE TRUE  TRUE TRUE
 [29,]  TRUE    TRUE TRUE TRUE  TRUE TRUE
 [30,]  TRUE    TRUE TRUE TRUE  TRUE TRUE
 [31,]  TRUE    TRUE TRUE TRUE  TRUE TRUE
 [32,] FALSE    TRUE TRUE TRUE  TRUE TRUE
 [33,] FALSE    TRUE TRUE TRUE  TRUE TRUE
 [34,] FALSE    TRUE TRUE TRUE  TRUE TRUE
 [35,] FALSE    TRUE TRUE TRUE  TRUE TRUE
 [36,] FALSE    TRUE TRUE TRUE  TRUE TRUE
 [37,] FALSE    TRUE TRUE TRUE  TRUE TRUE
 [38,]  TRUE    TRUE TRUE TRUE  TRUE TRUE
 [39,] FALSE    TRUE TRUE TRUE  TRUE TRUE
 [40,]  TRUE    TRUE TRUE TRUE  TRUE TRUE
 [41,]  TRUE    TRUE TRUE TRUE  TRUE TRUE
 [42,] FALSE    TRUE TRUE TRUE  TRUE TRUE
 [43,] FALSE    TRUE TRUE TRUE  TRUE TRUE
 [44,]  TRUE    TRUE TRUE TRUE  TRUE TRUE
 [45,] FALSE    TRUE TRUE TRUE  TRUE TRUE
 [46,] FALSE    TRUE TRUE TRUE  TRUE TRUE
 [47,]  TRUE    TRUE TRUE TRUE  TRUE TRUE
 [48,]  TRUE    TRUE TRUE TRUE  TRUE TRUE
 [49,]  TRUE    TRUE TRUE TRUE  TRUE TRUE
 [50,]  TRUE    TRUE TRUE TRUE  TRUE TRUE
 [51,]  TRUE    TRUE TRUE TRUE  TRUE TRUE
 [52,] FALSE    TRUE TRUE TRUE  TRUE TRUE
 [53,] FALSE    TRUE TRUE TRUE  TRUE TRUE
 [54,] FALSE    TRUE TRUE TRUE  TRUE TRUE
 [55,] FALSE    TRUE TRUE TRUE  TRUE TRUE
 [56,] FALSE    TRUE TRUE TRUE  TRUE TRUE
 [57,] FALSE    TRUE TRUE TRUE  TRUE TRUE
 [58,] FALSE    TRUE TRUE TRUE  TRUE TRUE
 [59,] FALSE    TRUE TRUE TRUE  TRUE TRUE
 [60,] FALSE    TRUE TRUE TRUE  TRUE TRUE
 [61,] FALSE    TRUE TRUE TRUE  TRUE TRUE
 [62,]  TRUE    TRUE TRUE TRUE  TRUE TRUE
 [63,]  TRUE    TRUE TRUE TRUE  TRUE TRUE
 [64,]  TRUE    TRUE TRUE TRUE  TRUE TRUE
 [65,] FALSE    TRUE TRUE TRUE  TRUE TRUE
 [66,]  TRUE    TRUE TRUE TRUE  TRUE TRUE
 [67,]  TRUE    TRUE TRUE TRUE  TRUE TRUE
 [68,]  TRUE    TRUE TRUE TRUE  TRUE TRUE
 [69,]  TRUE    TRUE TRUE TRUE  TRUE TRUE
 [70,]  TRUE    TRUE TRUE TRUE  TRUE TRUE
 [71,]  TRUE    TRUE TRUE TRUE  TRUE TRUE
 [72,] FALSE    TRUE TRUE TRUE  TRUE TRUE
 [73,]  TRUE    TRUE TRUE TRUE  TRUE TRUE
 [74,]  TRUE    TRUE TRUE TRUE  TRUE TRUE
 [75,] FALSE    TRUE TRUE TRUE  TRUE TRUE
 [76,]  TRUE    TRUE TRUE TRUE  TRUE TRUE
 [77,]  TRUE    TRUE TRUE TRUE  TRUE TRUE
 [78,]  TRUE    TRUE TRUE TRUE  TRUE TRUE
 [79,]  TRUE    TRUE TRUE TRUE  TRUE TRUE
 [80,]  TRUE    TRUE TRUE TRUE  TRUE TRUE
 [81,]  TRUE    TRUE TRUE TRUE  TRUE TRUE
 [82,]  TRUE    TRUE TRUE TRUE  TRUE TRUE
 [83,] FALSE    TRUE TRUE TRUE  TRUE TRUE
 [84,] FALSE    TRUE TRUE TRUE  TRUE TRUE
 [85,]  TRUE    TRUE TRUE TRUE  TRUE TRUE
 [86,]  TRUE    TRUE TRUE TRUE  TRUE TRUE
 [87,]  TRUE    TRUE TRUE TRUE  TRUE TRUE
 [88,]  TRUE    TRUE TRUE TRUE  TRUE TRUE
 [89,]  TRUE    TRUE TRUE TRUE  TRUE TRUE
 [90,]  TRUE    TRUE TRUE TRUE  TRUE TRUE
 [91,]  TRUE    TRUE TRUE TRUE  TRUE TRUE
 [92,]  TRUE    TRUE TRUE TRUE  TRUE TRUE
 [93,]  TRUE    TRUE TRUE TRUE  TRUE TRUE
 [94,]  TRUE    TRUE TRUE TRUE  TRUE TRUE
 [95,]  TRUE    TRUE TRUE TRUE  TRUE TRUE
 [96,]  TRUE   FALSE TRUE TRUE  TRUE TRUE
 [97,]  TRUE   FALSE TRUE TRUE  TRUE TRUE
 [98,]  TRUE   FALSE TRUE TRUE  TRUE TRUE
 [99,]  TRUE    TRUE TRUE TRUE  TRUE TRUE
[100,]  TRUE    TRUE TRUE TRUE  TRUE TRUE
[101,]  TRUE    TRUE TRUE TRUE  TRUE TRUE
[102,] FALSE    TRUE TRUE TRUE  TRUE TRUE
[103,] FALSE    TRUE TRUE TRUE  TRUE TRUE
[104,]  TRUE    TRUE TRUE TRUE  TRUE TRUE
[105,]  TRUE    TRUE TRUE TRUE  TRUE TRUE
[106,]  TRUE    TRUE TRUE TRUE  TRUE TRUE
[107,] FALSE    TRUE TRUE TRUE  TRUE TRUE
[108,]  TRUE    TRUE TRUE TRUE  TRUE TRUE
[109,]  TRUE    TRUE TRUE TRUE  TRUE TRUE
[110,]  TRUE    TRUE TRUE TRUE  TRUE TRUE
[111,]  TRUE    TRUE TRUE TRUE  TRUE TRUE
[112,]  TRUE    TRUE TRUE TRUE  TRUE TRUE
[113,]  TRUE    TRUE TRUE TRUE  TRUE TRUE
[114,]  TRUE    TRUE TRUE TRUE  TRUE TRUE
[115,] FALSE    TRUE TRUE TRUE  TRUE TRUE
[116,]  TRUE    TRUE TRUE TRUE  TRUE TRUE
[117,]  TRUE    TRUE TRUE TRUE  TRUE TRUE
[118,]  TRUE    TRUE TRUE TRUE  TRUE TRUE
[119,] FALSE    TRUE TRUE TRUE  TRUE TRUE
[120,]  TRUE    TRUE TRUE TRUE  TRUE TRUE
[121,]  TRUE    TRUE TRUE TRUE  TRUE TRUE
[122,]  TRUE    TRUE TRUE TRUE  TRUE TRUE
[123,]  TRUE    TRUE TRUE TRUE  TRUE TRUE
[124,]  TRUE    TRUE TRUE TRUE  TRUE TRUE
[125,]  TRUE    TRUE TRUE TRUE  TRUE TRUE
[126,]  TRUE    TRUE TRUE TRUE  TRUE TRUE
[127,]  TRUE    TRUE TRUE TRUE  TRUE TRUE
[128,]  TRUE    TRUE TRUE TRUE  TRUE TRUE
[129,]  TRUE    TRUE TRUE TRUE  TRUE TRUE
[130,]  TRUE    TRUE TRUE TRUE  TRUE TRUE
[131,]  TRUE    TRUE TRUE TRUE  TRUE TRUE
[132,]  TRUE    TRUE TRUE TRUE  TRUE TRUE
[133,]  TRUE    TRUE TRUE TRUE  TRUE TRUE
[134,]  TRUE    TRUE TRUE TRUE  TRUE TRUE
[135,]  TRUE    TRUE TRUE TRUE  TRUE TRUE
[136,]  TRUE    TRUE TRUE TRUE  TRUE TRUE
[137,]  TRUE    TRUE TRUE TRUE  TRUE TRUE
[138,]  TRUE    TRUE TRUE TRUE  TRUE TRUE
[139,]  TRUE    TRUE TRUE TRUE  TRUE TRUE
[140,]  TRUE    TRUE TRUE TRUE  TRUE TRUE
[141,]  TRUE    TRUE TRUE TRUE  TRUE TRUE
[142,]  TRUE    TRUE TRUE TRUE  TRUE TRUE
[143,]  TRUE    TRUE TRUE TRUE  TRUE TRUE
[144,]  TRUE    TRUE TRUE TRUE  TRUE TRUE
[145,]  TRUE    TRUE TRUE TRUE  TRUE TRUE
[146,]  TRUE    TRUE TRUE TRUE  TRUE TRUE
[147,]  TRUE    TRUE TRUE TRUE  TRUE TRUE
[148,]  TRUE    TRUE TRUE TRUE  TRUE TRUE
[149,]  TRUE    TRUE TRUE TRUE  TRUE TRUE
[150,] FALSE    TRUE TRUE TRUE  TRUE TRUE
[151,]  TRUE    TRUE TRUE TRUE  TRUE TRUE
[152,]  TRUE    TRUE TRUE TRUE  TRUE TRUE
[153,]  TRUE    TRUE TRUE TRUE  TRUE TRUE
> xl!=NA
       Ozone Solar.R Wind Temp Month Day
  [1,]    NA      NA   NA   NA    NA  NA
  [2,]    NA      NA   NA   NA    NA  NA
  [3,]    NA      NA   NA   NA    NA  NA
  [4,]    NA      NA   NA   NA    NA  NA
  [5,]    NA      NA   NA   NA    NA  NA
  [6,]    NA      NA   NA   NA    NA  NA
  [7,]    NA      NA   NA   NA    NA  NA
  [8,]    NA      NA   NA   NA    NA  NA
  [9,]    NA      NA   NA   NA    NA  NA
 [10,]    NA      NA   NA   NA    NA  NA
 [11,]    NA      NA   NA   NA    NA  NA
 [12,]    NA      NA   NA   NA    NA  NA
 [13,]    NA      NA   NA   NA    NA  NA
 [14,]    NA      NA   NA   NA    NA  NA
 [15,]    NA      NA   NA   NA    NA  NA
 [16,]    NA      NA   NA   NA    NA  NA
 [17,]    NA      NA   NA   NA    NA  NA
 [18,]    NA      NA   NA   NA    NA  NA
 [19,]    NA      NA   NA   NA    NA  NA
 [20,]    NA      NA   NA   NA    NA  NA
 [21,]    NA      NA   NA   NA    NA  NA
 [22,]    NA      NA   NA   NA    NA  NA
 [23,]    NA      NA   NA   NA    NA  NA
 [24,]    NA      NA   NA   NA    NA  NA
 [25,]    NA      NA   NA   NA    NA  NA
 [26,]    NA      NA   NA   NA    NA  NA
 [27,]    NA      NA   NA   NA    NA  NA
 [28,]    NA      NA   NA   NA    NA  NA
 [29,]    NA      NA   NA   NA    NA  NA
 [30,]    NA      NA   NA   NA    NA  NA
 [31,]    NA      NA   NA   NA    NA  NA
 [32,]    NA      NA   NA   NA    NA  NA
 [33,]    NA      NA   NA   NA    NA  NA
 [34,]    NA      NA   NA   NA    NA  NA
 [35,]    NA      NA   NA   NA    NA  NA
 [36,]    NA      NA   NA   NA    NA  NA
 [37,]    NA      NA   NA   NA    NA  NA
 [38,]    NA      NA   NA   NA    NA  NA
 [39,]    NA      NA   NA   NA    NA  NA
 [40,]    NA      NA   NA   NA    NA  NA
 [41,]    NA      NA   NA   NA    NA  NA
 [42,]    NA      NA   NA   NA    NA  NA
 [43,]    NA      NA   NA   NA    NA  NA
 [44,]    NA      NA   NA   NA    NA  NA
 [45,]    NA      NA   NA   NA    NA  NA
 [46,]    NA      NA   NA   NA    NA  NA
 [47,]    NA      NA   NA   NA    NA  NA
 [48,]    NA      NA   NA   NA    NA  NA
 [49,]    NA      NA   NA   NA    NA  NA
 [50,]    NA      NA   NA   NA    NA  NA
 [51,]    NA      NA   NA   NA    NA  NA
 [52,]    NA      NA   NA   NA    NA  NA
 [53,]    NA      NA   NA   NA    NA  NA
 [54,]    NA      NA   NA   NA    NA  NA
 [55,]    NA      NA   NA   NA    NA  NA
 [56,]    NA      NA   NA   NA    NA  NA
 [57,]    NA      NA   NA   NA    NA  NA
 [58,]    NA      NA   NA   NA    NA  NA
 [59,]    NA      NA   NA   NA    NA  NA
 [60,]    NA      NA   NA   NA    NA  NA
 [61,]    NA      NA   NA   NA    NA  NA
 [62,]    NA      NA   NA   NA    NA  NA
 [63,]    NA      NA   NA   NA    NA  NA
 [64,]    NA      NA   NA   NA    NA  NA
 [65,]    NA      NA   NA   NA    NA  NA
 [66,]    NA      NA   NA   NA    NA  NA
 [67,]    NA      NA   NA   NA    NA  NA
 [68,]    NA      NA   NA   NA    NA  NA
 [69,]    NA      NA   NA   NA    NA  NA
 [70,]    NA      NA   NA   NA    NA  NA
 [71,]    NA      NA   NA   NA    NA  NA
 [72,]    NA      NA   NA   NA    NA  NA
 [73,]    NA      NA   NA   NA    NA  NA
 [74,]    NA      NA   NA   NA    NA  NA
 [75,]    NA      NA   NA   NA    NA  NA
 [76,]    NA      NA   NA   NA    NA  NA
 [77,]    NA      NA   NA   NA    NA  NA
 [78,]    NA      NA   NA   NA    NA  NA
 [79,]    NA      NA   NA   NA    NA  NA
 [80,]    NA      NA   NA   NA    NA  NA
 [81,]    NA      NA   NA   NA    NA  NA
 [82,]    NA      NA   NA   NA    NA  NA
 [83,]    NA      NA   NA   NA    NA  NA
 [84,]    NA      NA   NA   NA    NA  NA
 [85,]    NA      NA   NA   NA    NA  NA
 [86,]    NA      NA   NA   NA    NA  NA
 [87,]    NA      NA   NA   NA    NA  NA
 [88,]    NA      NA   NA   NA    NA  NA
 [89,]    NA      NA   NA   NA    NA  NA
 [90,]    NA      NA   NA   NA    NA  NA
 [91,]    NA      NA   NA   NA    NA  NA
 [92,]    NA      NA   NA   NA    NA  NA
 [93,]    NA      NA   NA   NA    NA  NA
 [94,]    NA      NA   NA   NA    NA  NA
 [95,]    NA      NA   NA   NA    NA  NA
 [96,]    NA      NA   NA   NA    NA  NA
 [97,]    NA      NA   NA   NA    NA  NA
 [98,]    NA      NA   NA   NA    NA  NA
 [99,]    NA      NA   NA   NA    NA  NA
[100,]    NA      NA   NA   NA    NA  NA
[101,]    NA      NA   NA   NA    NA  NA
[102,]    NA      NA   NA   NA    NA  NA
[103,]    NA      NA   NA   NA    NA  NA
[104,]    NA      NA   NA   NA    NA  NA
[105,]    NA      NA   NA   NA    NA  NA
[106,]    NA      NA   NA   NA    NA  NA
[107,]    NA      NA   NA   NA    NA  NA
[108,]    NA      NA   NA   NA    NA  NA
[109,]    NA      NA   NA   NA    NA  NA
[110,]    NA      NA   NA   NA    NA  NA
[111,]    NA      NA   NA   NA    NA  NA
[112,]    NA      NA   NA   NA    NA  NA
[113,]    NA      NA   NA   NA    NA  NA
[114,]    NA      NA   NA   NA    NA  NA
[115,]    NA      NA   NA   NA    NA  NA
[116,]    NA      NA   NA   NA    NA  NA
[117,]    NA      NA   NA   NA    NA  NA
[118,]    NA      NA   NA   NA    NA  NA
[119,]    NA      NA   NA   NA    NA  NA
[120,]    NA      NA   NA   NA    NA  NA
[121,]    NA      NA   NA   NA    NA  NA
[122,]    NA      NA   NA   NA    NA  NA
[123,]    NA      NA   NA   NA    NA  NA
[124,]    NA      NA   NA   NA    NA  NA
[125,]    NA      NA   NA   NA    NA  NA
[126,]    NA      NA   NA   NA    NA  NA
[127,]    NA      NA   NA   NA    NA  NA
[128,]    NA      NA   NA   NA    NA  NA
[129,]    NA      NA   NA   NA    NA  NA
[130,]    NA      NA   NA   NA    NA  NA
[131,]    NA      NA   NA   NA    NA  NA
[132,]    NA      NA   NA   NA    NA  NA
[133,]    NA      NA   NA   NA    NA  NA
[134,]    NA      NA   NA   NA    NA  NA
[135,]    NA      NA   NA   NA    NA  NA
[136,]    NA      NA   NA   NA    NA  NA
[137,]    NA      NA   NA   NA    NA  NA
[138,]    NA      NA   NA   NA    NA  NA
[139,]    NA      NA   NA   NA    NA  NA
[140,]    NA      NA   NA   NA    NA  NA
[141,]    NA      NA   NA   NA    NA  NA
[142,]    NA      NA   NA   NA    NA  NA
[143,]    NA      NA   NA   NA    NA  NA
[144,]    NA      NA   NA   NA    NA  NA
[145,]    NA      NA   NA   NA    NA  NA
[146,]    NA      NA   NA   NA    NA  NA
[147,]    NA      NA   NA   NA    NA  NA
[148,]    NA      NA   NA   NA    NA  NA
[149,]    NA      NA   NA   NA    NA  NA
[150,]    NA      NA   NA   NA    NA  NA
[151,]    NA      NA   NA   NA    NA  NA
[152,]    NA      NA   NA   NA    NA  NA
[153,]    NA      NA   NA   NA    NA  NA
> xl[xl!=NA]
  [1] NA NA NA NA NA NA NA NA NA NA NA NA NA NA NA NA NA NA NA NA NA NA NA NA NA NA NA NA NA NA NA NA NA NA NA NA NA NA NA NA NA NA NA NA NA NA NA NA NA NA NA NA NA NA
 [55] NA NA NA NA NA NA NA NA NA NA NA NA NA NA NA NA NA NA NA NA NA NA NA NA NA NA NA NA NA NA NA NA NA NA NA NA NA NA NA NA NA NA NA NA NA NA NA NA NA NA NA NA NA NA
[109] NA NA NA NA NA NA NA NA NA NA NA NA NA NA NA NA NA NA NA NA NA NA NA NA NA NA NA NA NA NA NA NA NA NA NA NA NA NA NA NA NA NA NA NA NA NA NA NA NA NA NA NA NA NA
[163] NA NA NA NA NA NA NA NA NA NA NA NA NA NA NA NA NA NA NA NA NA NA NA NA NA NA NA NA NA NA NA NA NA NA NA NA NA NA NA NA NA NA NA NA NA NA NA NA NA NA NA NA NA NA
[217] NA NA NA NA NA NA NA NA NA NA NA NA NA NA NA NA NA NA NA NA NA NA NA NA NA NA NA NA NA NA NA NA NA NA NA NA NA NA NA NA NA NA NA NA NA NA NA NA NA NA NA NA NA NA
[271] NA NA NA NA NA NA NA NA NA NA NA NA NA NA NA NA NA NA NA NA NA NA NA NA NA NA NA NA NA NA NA NA NA NA NA NA NA NA NA NA NA NA NA NA NA NA NA NA NA NA NA NA NA NA
[325] NA NA NA NA NA NA NA NA NA NA NA NA NA NA NA NA NA NA NA NA NA NA NA NA NA NA NA NA NA NA NA NA NA NA NA NA NA NA NA NA NA NA NA NA NA NA NA NA NA NA NA NA NA NA
[379] NA NA NA NA NA NA NA NA NA NA NA NA NA NA NA NA NA NA NA NA NA NA NA NA NA NA NA NA NA NA NA NA NA NA NA NA NA NA NA NA NA NA NA NA NA NA NA NA NA NA NA NA NA NA
[433] NA NA NA NA NA NA NA NA NA NA NA NA NA NA NA NA NA NA NA NA NA NA NA NA NA NA NA NA NA NA NA NA NA NA NA NA NA NA NA NA NA NA NA NA NA NA NA NA NA NA NA NA NA NA
[487] NA NA NA NA NA NA NA NA NA NA NA NA NA NA NA NA NA NA NA NA NA NA NA NA NA NA NA NA NA NA NA NA NA NA NA NA NA NA NA NA NA NA NA NA NA NA NA NA NA NA NA NA NA NA
[541] NA NA NA NA NA NA NA NA NA NA NA NA NA NA NA NA NA NA NA NA NA NA NA NA NA NA NA NA NA NA NA NA NA NA NA NA NA NA NA NA NA NA NA NA NA NA NA NA NA NA NA NA NA NA
[595] NA NA NA NA NA NA NA NA NA NA NA NA NA NA NA NA NA NA NA NA NA NA NA NA NA NA NA NA NA NA NA NA NA NA NA NA NA NA NA NA NA NA NA NA NA NA NA NA NA NA NA NA NA NA
[649] NA NA NA NA NA NA NA NA NA NA NA NA NA NA NA NA NA NA NA NA NA NA NA NA NA NA NA NA NA NA NA NA NA NA NA NA NA NA NA NA NA NA NA NA NA NA NA NA NA NA NA NA NA NA
[703] NA NA NA NA NA NA NA NA NA NA NA NA NA NA NA NA NA NA NA NA NA NA NA NA NA NA NA NA NA NA NA NA NA NA NA NA NA NA NA NA NA NA NA NA NA NA NA NA NA NA NA NA NA NA
[757] NA NA NA NA NA NA NA NA NA NA NA NA NA NA NA NA NA NA NA NA NA NA NA NA NA NA NA NA NA NA NA NA NA NA NA NA NA NA NA NA NA NA NA NA NA NA NA NA NA NA NA NA NA NA
[811] NA NA NA NA NA NA NA NA NA NA NA NA NA NA NA NA NA NA NA NA NA NA NA NA NA NA NA NA NA NA NA NA NA NA NA NA NA NA NA NA NA NA NA NA NA NA NA NA NA NA NA NA NA NA
[865] NA NA NA NA NA NA NA NA NA NA NA NA NA NA NA NA NA NA NA NA NA NA NA NA NA NA NA NA NA NA NA NA NA NA NA NA NA NA NA NA NA NA NA NA NA NA NA NA NA NA NA NA NA NA
> yl<-read.csv("hw1_data.csv",nrows=2)
> yl
  Ozone Solar.R Wind Temp Month Day
1    41     190  7.4   67     5   1
2    36     118  8.0   72     5   2
> zl<-xl[1]
> zl
    Ozone
1      41
2      36
3      12
4      18
5      NA
6      28
7      23
8      19
9       8
10     NA
11      7
12     16
13     11
14     14
15     18
16     14
17     34
18      6
19     30
20     11
21      1
22     11
23      4
24     32
25     NA
26     NA
27     NA
28     23
29     45
30    115
31     37
32     NA
33     NA
34     NA
35     NA
36     NA
37     NA
38     29
39     NA
40     71
41     39
42     NA
43     NA
44     23
45     NA
46     NA
47     21
48     37
49     20
50     12
51     13
52     NA
53     NA
54     NA
55     NA
56     NA
57     NA
58     NA
59     NA
60     NA
61     NA
62    135
63     49
64     32
65     NA
66     64
67     40
68     77
69     97
70     97
71     85
72     NA
73     10
74     27
75     NA
76      7
77     48
78     35
79     61
80     79
81     63
82     16
83     NA
84     NA
85     80
86    108
87     20
88     52
89     82
90     50
91     64
92     59
93     39
94      9
95     16
96     78
97     35
98     66
99    122
100    89
101   110
102    NA
103    NA
104    44
105    28
106    65
107    NA
108    22
109    59
110    23
111    31
112    44
113    21
114     9
115    NA
116    45
117   168
118    73
119    NA
120    76
121   118
122    84
123    85
124    96
125    78
126    73
127    91
128    47
129    32
130    20
131    23
132    21
133    24
134    44
135    21
136    28
137     9
138    13
139    46
140    18
141    13
142    24
143    16
144    13
145    23
146    36
147     7
148    14
149    30
150    NA
151    14
152    18
153    20
> zl[zl!=NA]
  [1] NA NA NA NA NA NA NA NA NA NA NA NA NA NA NA NA NA NA NA NA NA NA NA NA NA NA NA NA NA NA NA NA NA NA NA NA NA NA NA NA NA NA NA NA NA NA NA NA NA NA NA NA NA NA
 [55] NA NA NA NA NA NA NA NA NA NA NA NA NA NA NA NA NA NA NA NA NA NA NA NA NA NA NA NA NA NA NA NA NA NA NA NA NA NA NA NA NA NA NA NA NA NA NA NA NA NA NA NA NA NA
[109] NA NA NA NA NA NA NA NA NA NA NA NA NA NA NA NA NA NA NA NA NA NA NA NA NA NA NA NA NA NA NA NA NA NA NA NA NA NA NA NA NA NA NA NA NA
> zl[zl!="NA"]
  [1]  41  36  12  18  NA  28  23  19   8  NA   7  16  11  14  18  14  34   6  30  11   1  11   4  32  NA  NA  NA  23  45 115  37  NA  NA  NA  NA  NA  NA  29  NA  71
 [41]  39  NA  NA  23  NA  NA  21  37  20  12  13  NA  NA  NA  NA  NA  NA  NA  NA  NA  NA 135  49  32  NA  64  40  77  97  97  85  NA  10  27  NA   7  48  35  61  79
 [81]  63  16  NA  NA  80 108  20  52  82  50  64  59  39   9  16  78  35  66 122  89 110  NA  NA  44  28  65  NA  22  59  23  31  44  21   9  NA  45 168  73  NA  76
[121] 118  84  85  96  78  73  91  47  32  20  23  21  24  44  21  28   9  13  46  18  13  24  16  13  23  36   7  14  30  NA  14  18  20
> zl[!is.na(zl)=T]
Error: unexpected '=' in "zl[!is.na(zl)="
> zl[!is.na(zl)==T]
  [1]  41  36  12  18  28  23  19   8   7  16  11  14  18  14  34   6  30  11   1  11   4  32  23  45 115  37  29  71  39  23  21  37  20  12  13 135  49  32  64  40
 [41]  77  97  97  85  10  27   7  48  35  61  79  63  16  80 108  20  52  82  50  64  59  39   9  16  78  35  66 122  89 110  44  28  65  22  59  23  31  44  21   9
 [81]  45 168  73  76 118  84  85  96  78  73  91  47  32  20  23  21  24  44  21  28   9  13  46  18  13  24  16  13  23  36   7  14  30  14  18  20
> zl[is.na(zl)==T]
 [1] NA NA NA NA NA NA NA NA NA NA NA NA NA NA NA NA NA NA NA NA NA NA NA NA NA NA NA NA NA NA NA NA NA NA NA NA NA
> mean(zl[!is.na(zl)==T])
[1] 42.12931
> xl[[1]]
  [1]  41  36  12  18  NA  28  23  19   8  NA   7  16  11  14  18  14  34   6  30  11   1  11   4  32  NA  NA  NA  23  45 115  37  NA  NA  NA  NA  NA  NA  29  NA  71
 [41]  39  NA  NA  23  NA  NA  21  37  20  12  13  NA  NA  NA  NA  NA  NA  NA  NA  NA  NA 135  49  32  NA  64  40  77  97  97  85  NA  10  27  NA   7  48  35  61  79
 [81]  63  16  NA  NA  80 108  20  52  82  50  64  59  39   9  16  78  35  66 122  89 110  NA  NA  44  28  65  NA  22  59  23  31  44  21   9  NA  45 168  73  NA  76
[121] 118  84  85  96  78  73  91  47  32  20  23  21  24  44  21  28   9  13  46  18  13  24  16  13  23  36   7  14  30  NA  14  18  20
> xl[1]
    Ozone
1      41
2      36
3      12
4      18
5      NA
6      28
7      23
8      19
9       8
10     NA
11      7
12     16
13     11
14     14
15     18
16     14
17     34
18      6
19     30
20     11
21      1
22     11
23      4
24     32
25     NA
26     NA
27     NA
28     23
29     45
30    115
31     37
32     NA
33     NA
34     NA
35     NA
36     NA
37     NA
38     29
39     NA
40     71
41     39
42     NA
43     NA
44     23
45     NA
46     NA
47     21
48     37
49     20
50     12
51     13
52     NA
53     NA
54     NA
55     NA
56     NA
57     NA
58     NA
59     NA
60     NA
61     NA
62    135
63     49
64     32
65     NA
66     64
67     40
68     77
69     97
70     97
71     85
72     NA
73     10
74     27
75     NA
76      7
77     48
78     35
79     61
80     79
81     63
82     16
83     NA
84     NA
85     80
86    108
87     20
88     52
89     82
90     50
91     64
92     59
93     39
94      9
95     16
96     78
97     35
98     66
99    122
100    89
101   110
102    NA
103    NA
104    44
105    28
106    65
107    NA
108    22
109    59
110    23
111    31
112    44
113    21
114     9
115    NA
116    45
117   168
118    73
119    NA
120    76
121   118
122    84
123    85
124    96
125    78
126    73
127    91
128    47
129    32
130    20
131    23
132    21
133    24
134    44
135    21
136    28
137     9
138    13
139    46
140    18
141    13
142    24
143    16
144    13
145    23
146    36
147     7
148    14
149    30
150    NA
151    14
152    18
153    20
> xl$ozone
NULL
> xl$Ozone
  [1]  41  36  12  18  NA  28  23  19   8  NA   7  16  11  14  18  14  34   6  30  11   1  11   4  32  NA  NA  NA  23  45 115  37  NA  NA  NA  NA  NA  NA  29  NA  71
 [41]  39  NA  NA  23  NA  NA  21  37  20  12  13  NA  NA  NA  NA  NA  NA  NA  NA  NA  NA 135  49  32  NA  64  40  77  97  97  85  NA  10  27  NA   7  48  35  61  79
 [81]  63  16  NA  NA  80 108  20  52  82  50  64  59  39   9  16  78  35  66 122  89 110  NA  NA  44  28  65  NA  22  59  23  31  44  21   9  NA  45 168  73  NA  76
[121] 118  84  85  96  78  73  91  47  32  20  23  21  24  44  21  28   9  13  46  18  13  24  16  13  23  36   7  14  30  NA  14  18  20
> nl<-xl[xl$Ozone>31,xl$Temp>90]
Error in `[.data.frame`(xl, xl$Ozone > 31, xl$Temp > 90) : 
  undefined columns selected
> xl[xl$Ozone>31]
Error in `[.data.frame`(xl, xl$Ozone > 31) : undefined columns selected
> o<-xl$Ozone>31
> o
  [1]  TRUE  TRUE FALSE FALSE    NA FALSE FALSE FALSE FALSE    NA FALSE FALSE FALSE FALSE FALSE FALSE  TRUE FALSE FALSE FALSE FALSE FALSE FALSE  TRUE    NA    NA    NA
 [28] FALSE  TRUE  TRUE  TRUE    NA    NA    NA    NA    NA    NA FALSE    NA  TRUE  TRUE    NA    NA FALSE    NA    NA FALSE  TRUE FALSE FALSE FALSE    NA    NA    NA
 [55]    NA    NA    NA    NA    NA    NA    NA  TRUE  TRUE  TRUE    NA  TRUE  TRUE  TRUE  TRUE  TRUE  TRUE    NA FALSE FALSE    NA FALSE  TRUE  TRUE  TRUE  TRUE  TRUE
 [82] FALSE    NA    NA  TRUE  TRUE FALSE  TRUE  TRUE  TRUE  TRUE  TRUE  TRUE FALSE FALSE  TRUE  TRUE  TRUE  TRUE  TRUE  TRUE    NA    NA  TRUE FALSE  TRUE    NA FALSE
[109]  TRUE FALSE FALSE  TRUE FALSE FALSE    NA  TRUE  TRUE  TRUE    NA  TRUE  TRUE  TRUE  TRUE  TRUE  TRUE  TRUE  TRUE  TRUE  TRUE FALSE FALSE FALSE FALSE  TRUE FALSE
[136] FALSE FALSE FALSE  TRUE FALSE FALSE FALSE FALSE FALSE FALSE  TRUE FALSE FALSE FALSE    NA FALSE FALSE FALSE
> o<-xl[$Ozone>31]
Error: unexpected '$' in "o<-xl[$"
> o<-xl[xl$Ozone>31]
Error in `[.data.frame`(xl, xl$Ozone > 31) : undefined columns selected
> o<-xl[xl[1]>31]
> o
  [1]  41.0  36.0    NA    NA  34.0  32.0    NA    NA    NA  45.0 115.0  37.0    NA    NA    NA    NA    NA    NA    NA  71.0  39.0    NA    NA    NA    NA  37.0    NA
 [28]    NA    NA    NA    NA    NA    NA    NA    NA    NA 135.0  49.0  32.0    NA  64.0  40.0  77.0  97.0  97.0  85.0    NA    NA  48.0  35.0  61.0  79.0  63.0    NA
 [55]    NA  80.0 108.0  52.0  82.0  50.0  64.0  59.0  39.0  78.0  35.0  66.0 122.0  89.0 110.0    NA    NA  44.0  65.0    NA  59.0  44.0    NA  45.0 168.0  73.0    NA
 [82]  76.0 118.0  84.0  85.0  96.0  78.0  73.0  91.0  47.0  32.0  44.0  46.0  36.0    NA 190.0 118.0    NA    NA 307.0  92.0    NA    NA    NA 252.0 223.0 279.0    NA
[109]    NA    NA    NA    NA    NA    NA 291.0 323.0    NA    NA    NA    NA 284.0    NA    NA    NA    NA    NA    NA    NA    NA    NA    NA 269.0 248.0 236.0    NA
[136] 175.0 314.0 276.0 267.0 272.0 175.0    NA    NA 260.0 274.0 285.0 187.0 220.0    NA    NA 294.0 223.0  82.0 213.0 275.0 253.0 254.0  83.0    NA    NA    NA 255.0
[163] 229.0 207.0    NA    NA 192.0 157.0    NA  51.0 190.0    NA 212.0 238.0 215.0    NA 203.0 225.0 237.0 188.0 167.0 197.0 183.0 189.0  95.0  92.0 236.0 237.0 139.0
[190]    NA   7.4   8.0    NA    NA  12.0  12.0    NA    NA    NA  14.9   5.7   7.4    NA    NA    NA    NA    NA    NA    NA  13.8  11.5    NA    NA    NA    NA  20.7
[217]    NA    NA    NA    NA    NA    NA    NA    NA    NA    NA   4.1   9.2   9.2    NA   4.6  10.9   5.1   6.3   5.7   7.4    NA    NA   6.9  10.3   6.3   5.1  11.5
[244]    NA    NA   8.6   8.0  12.0   7.4   7.4   7.4   9.2   6.9   6.9   7.4   4.6   4.0  10.3   8.0    NA    NA  11.5   9.7    NA   6.3  10.3    NA   9.7   3.4   8.0
[271]    NA   9.7   2.3   6.3   6.3   6.9   5.1   2.8   4.6   7.4  15.5  14.9   6.9  10.3    NA  67.0  72.0    NA    NA  66.0  61.0    NA    NA    NA  81.0  79.0  76.0
[298]    NA    NA    NA    NA    NA    NA    NA  90.0  87.0    NA    NA    NA    NA  72.0    NA    NA    NA    NA    NA    NA    NA    NA    NA    NA  84.0  85.0  81.0
[325]    NA  83.0  83.0  88.0  92.0  92.0  89.0    NA    NA  81.0  82.0  84.0  87.0  85.0    NA    NA  86.0  85.0  86.0  88.0  86.0  83.0  81.0  81.0  86.0  85.0  87.0
[352]  89.0  90.0  90.0    NA    NA  86.0  80.0    NA  79.0  78.0    NA  79.0  81.0  86.0    NA  97.0  94.0  96.0  94.0  91.0  92.0  93.0  93.0  87.0  84.0  81.0  78.0
[379]  81.0    NA   5.0   5.0    NA    NA   5.0   5.0    NA    NA    NA   5.0   5.0   5.0    NA    NA    NA    NA    NA    NA    NA   6.0   6.0    NA    NA    NA    NA
[406]   6.0    NA    NA    NA    NA    NA    NA    NA    NA    NA    NA   7.0   7.0   7.0    NA   7.0   7.0   7.0   7.0   7.0   7.0    NA    NA   7.0   7.0   7.0   7.0
[433]   7.0    NA    NA   7.0   7.0   7.0   7.0   7.0   7.0   7.0   8.0   8.0   8.0   8.0   8.0   8.0   8.0    NA    NA   8.0   8.0    NA   8.0   8.0    NA   8.0   8.0
[460]   8.0    NA   8.0   8.0   8.0   8.0   9.0   9.0   9.0   9.0   9.0   9.0   9.0   9.0   9.0    NA   1.0   2.0    NA    NA  17.0  24.0    NA    NA    NA  29.0  30.0
[487]  31.0    NA    NA    NA    NA    NA    NA    NA   9.0  10.0    NA    NA    NA    NA  17.0    NA    NA    NA    NA    NA    NA    NA    NA    NA    NA   1.0   2.0
[514]   3.0    NA   5.0   6.0   7.0   8.0   9.0  10.0    NA    NA  16.0  17.0  18.0  19.0  20.0    NA    NA  24.0  25.0  27.0  28.0  29.0  30.0  31.0   1.0   4.0   5.0
[541]   6.0   7.0   8.0   9.0    NA    NA  12.0  14.0    NA  17.0  20.0    NA  24.0  25.0  26.0    NA  28.0  29.0  30.0  31.0   1.0   2.0   3.0   4.0   5.0   6.0  11.0
[568]  16.0  23.0    NA
> o<-xl[1]>31
> o
       Ozone
  [1,]  TRUE
  [2,]  TRUE
  [3,] FALSE
  [4,] FALSE
  [5,]    NA
  [6,] FALSE
  [7,] FALSE
  [8,] FALSE
  [9,] FALSE
 [10,]    NA
 [11,] FALSE
 [12,] FALSE
 [13,] FALSE
 [14,] FALSE
 [15,] FALSE
 [16,] FALSE
 [17,]  TRUE
 [18,] FALSE
 [19,] FALSE
 [20,] FALSE
 [21,] FALSE
 [22,] FALSE
 [23,] FALSE
 [24,]  TRUE
 [25,]    NA
 [26,]    NA
 [27,]    NA
 [28,] FALSE
 [29,]  TRUE
 [30,]  TRUE
 [31,]  TRUE
 [32,]    NA
 [33,]    NA
 [34,]    NA
 [35,]    NA
 [36,]    NA
 [37,]    NA
 [38,] FALSE
 [39,]    NA
 [40,]  TRUE
 [41,]  TRUE
 [42,]    NA
 [43,]    NA
 [44,] FALSE
 [45,]    NA
 [46,]    NA
 [47,] FALSE
 [48,]  TRUE
 [49,] FALSE
 [50,] FALSE
 [51,] FALSE
 [52,]    NA
 [53,]    NA
 [54,]    NA
 [55,]    NA
 [56,]    NA
 [57,]    NA
 [58,]    NA
 [59,]    NA
 [60,]    NA
 [61,]    NA
 [62,]  TRUE
 [63,]  TRUE
 [64,]  TRUE
 [65,]    NA
 [66,]  TRUE
 [67,]  TRUE
 [68,]  TRUE
 [69,]  TRUE
 [70,]  TRUE
 [71,]  TRUE
 [72,]    NA
 [73,] FALSE
 [74,] FALSE
 [75,]    NA
 [76,] FALSE
 [77,]  TRUE
 [78,]  TRUE
 [79,]  TRUE
 [80,]  TRUE
 [81,]  TRUE
 [82,] FALSE
 [83,]    NA
 [84,]    NA
 [85,]  TRUE
 [86,]  TRUE
 [87,] FALSE
 [88,]  TRUE
 [89,]  TRUE
 [90,]  TRUE
 [91,]  TRUE
 [92,]  TRUE
 [93,]  TRUE
 [94,] FALSE
 [95,] FALSE
 [96,]  TRUE
 [97,]  TRUE
 [98,]  TRUE
 [99,]  TRUE
[100,]  TRUE
[101,]  TRUE
[102,]    NA
[103,]    NA
[104,]  TRUE
[105,] FALSE
[106,]  TRUE
[107,]    NA
[108,] FALSE
[109,]  TRUE
[110,] FALSE
[111,] FALSE
[112,]  TRUE
[113,] FALSE
[114,] FALSE
[115,]    NA
[116,]  TRUE
[117,]  TRUE
[118,]  TRUE
[119,]    NA
[120,]  TRUE
[121,]  TRUE
[122,]  TRUE
[123,]  TRUE
[124,]  TRUE
[125,]  TRUE
[126,]  TRUE
[127,]  TRUE
[128,]  TRUE
[129,]  TRUE
[130,] FALSE
[131,] FALSE
[132,] FALSE
[133,] FALSE
[134,]  TRUE
[135,] FALSE
[136,] FALSE
[137,] FALSE
[138,] FALSE
[139,]  TRUE
[140,] FALSE
[141,] FALSE
[142,] FALSE
[143,] FALSE
[144,] FALSE
[145,] FALSE
[146,]  TRUE
[147,] FALSE
[148,] FALSE
[149,] FALSE
[150,]    NA
[151,] FALSE
[152,] FALSE
[153,] FALSE
> xl[o]
  [1]  41.0  36.0    NA    NA  34.0  32.0    NA    NA    NA  45.0 115.0  37.0    NA    NA    NA    NA    NA    NA    NA  71.0  39.0    NA    NA    NA    NA  37.0    NA
 [28]    NA    NA    NA    NA    NA    NA    NA    NA    NA 135.0  49.0  32.0    NA  64.0  40.0  77.0  97.0  97.0  85.0    NA    NA  48.0  35.0  61.0  79.0  63.0    NA
 [55]    NA  80.0 108.0  52.0  82.0  50.0  64.0  59.0  39.0  78.0  35.0  66.0 122.0  89.0 110.0    NA    NA  44.0  65.0    NA  59.0  44.0    NA  45.0 168.0  73.0    NA
 [82]  76.0 118.0  84.0  85.0  96.0  78.0  73.0  91.0  47.0  32.0  44.0  46.0  36.0    NA 190.0 118.0    NA    NA 307.0  92.0    NA    NA    NA 252.0 223.0 279.0    NA
[109]    NA    NA    NA    NA    NA    NA 291.0 323.0    NA    NA    NA    NA 284.0    NA    NA    NA    NA    NA    NA    NA    NA    NA    NA 269.0 248.0 236.0    NA
[136] 175.0 314.0 276.0 267.0 272.0 175.0    NA    NA 260.0 274.0 285.0 187.0 220.0    NA    NA 294.0 223.0  82.0 213.0 275.0 253.0 254.0  83.0    NA    NA    NA 255.0
[163] 229.0 207.0    NA    NA 192.0 157.0    NA  51.0 190.0    NA 212.0 238.0 215.0    NA 203.0 225.0 237.0 188.0 167.0 197.0 183.0 189.0  95.0  92.0 236.0 237.0 139.0
[190]    NA   7.4   8.0    NA    NA  12.0  12.0    NA    NA    NA  14.9   5.7   7.4    NA    NA    NA    NA    NA    NA    NA  13.8  11.5    NA    NA    NA    NA  20.7
[217]    NA    NA    NA    NA    NA    NA    NA    NA    NA    NA   4.1   9.2   9.2    NA   4.6  10.9   5.1   6.3   5.7   7.4    NA    NA   6.9  10.3   6.3   5.1  11.5
[244]    NA    NA   8.6   8.0  12.0   7.4   7.4   7.4   9.2   6.9   6.9   7.4   4.6   4.0  10.3   8.0    NA    NA  11.5   9.7    NA   6.3  10.3    NA   9.7   3.4   8.0
[271]    NA   9.7   2.3   6.3   6.3   6.9   5.1   2.8   4.6   7.4  15.5  14.9   6.9  10.3    NA  67.0  72.0    NA    NA  66.0  61.0    NA    NA    NA  81.0  79.0  76.0
[298]    NA    NA    NA    NA    NA    NA    NA  90.0  87.0    NA    NA    NA    NA  72.0    NA    NA    NA    NA    NA    NA    NA    NA    NA    NA  84.0  85.0  81.0
[325]    NA  83.0  83.0  88.0  92.0  92.0  89.0    NA    NA  81.0  82.0  84.0  87.0  85.0    NA    NA  86.0  85.0  86.0  88.0  86.0  83.0  81.0  81.0  86.0  85.0  87.0
[352]  89.0  90.0  90.0    NA    NA  86.0  80.0    NA  79.0  78.0    NA  79.0  81.0  86.0    NA  97.0  94.0  96.0  94.0  91.0  92.0  93.0  93.0  87.0  84.0  81.0  78.0
[379]  81.0    NA   5.0   5.0    NA    NA   5.0   5.0    NA    NA    NA   5.0   5.0   5.0    NA    NA    NA    NA    NA    NA    NA   6.0   6.0    NA    NA    NA    NA
[406]   6.0    NA    NA    NA    NA    NA    NA    NA    NA    NA    NA   7.0   7.0   7.0    NA   7.0   7.0   7.0   7.0   7.0   7.0    NA    NA   7.0   7.0   7.0   7.0
[433]   7.0    NA    NA   7.0   7.0   7.0   7.0   7.0   7.0   7.0   8.0   8.0   8.0   8.0   8.0   8.0   8.0    NA    NA   8.0   8.0    NA   8.0   8.0    NA   8.0   8.0
[460]   8.0    NA   8.0   8.0   8.0   8.0   9.0   9.0   9.0   9.0   9.0   9.0   9.0   9.0   9.0    NA   1.0   2.0    NA    NA  17.0  24.0    NA    NA    NA  29.0  30.0
[487]  31.0    NA    NA    NA    NA    NA    NA    NA   9.0  10.0    NA    NA    NA    NA  17.0    NA    NA    NA    NA    NA    NA    NA    NA    NA    NA   1.0   2.0
[514]   3.0    NA   5.0   6.0   7.0   8.0   9.0  10.0    NA    NA  16.0  17.0  18.0  19.0  20.0    NA    NA  24.0  25.0  27.0  28.0  29.0  30.0  31.0   1.0   4.0   5.0
[541]   6.0   7.0   8.0   9.0    NA    NA  12.0  14.0    NA  17.0  20.0    NA  24.0  25.0  26.0    NA  28.0  29.0  30.0  31.0   1.0   2.0   3.0   4.0   5.0   6.0  11.0
[568]  16.0  23.0    NA
> t<-xl[4]>90
> t
        Temp
  [1,] FALSE
  [2,] FALSE
  [3,] FALSE
  [4,] FALSE
  [5,] FALSE
  [6,] FALSE
  [7,] FALSE
  [8,] FALSE
  [9,] FALSE
 [10,] FALSE
 [11,] FALSE
 [12,] FALSE
 [13,] FALSE
 [14,] FALSE
 [15,] FALSE
 [16,] FALSE
 [17,] FALSE
 [18,] FALSE
 [19,] FALSE
 [20,] FALSE
 [21,] FALSE
 [22,] FALSE
 [23,] FALSE
 [24,] FALSE
 [25,] FALSE
 [26,] FALSE
 [27,] FALSE
 [28,] FALSE
 [29,] FALSE
 [30,] FALSE
 [31,] FALSE
 [32,] FALSE
 [33,] FALSE
 [34,] FALSE
 [35,] FALSE
 [36,] FALSE
 [37,] FALSE
 [38,] FALSE
 [39,] FALSE
 [40,] FALSE
 [41,] FALSE
 [42,]  TRUE
 [43,]  TRUE
 [44,] FALSE
 [45,] FALSE
 [46,] FALSE
 [47,] FALSE
 [48,] FALSE
 [49,] FALSE
 [50,] FALSE
 [51,] FALSE
 [52,] FALSE
 [53,] FALSE
 [54,] FALSE
 [55,] FALSE
 [56,] FALSE
 [57,] FALSE
 [58,] FALSE
 [59,] FALSE
 [60,] FALSE
 [61,] FALSE
 [62,] FALSE
 [63,] FALSE
 [64,] FALSE
 [65,] FALSE
 [66,] FALSE
 [67,] FALSE
 [68,] FALSE
 [69,]  TRUE
 [70,]  TRUE
 [71,] FALSE
 [72,] FALSE
 [73,] FALSE
 [74,] FALSE
 [75,]  TRUE
 [76,] FALSE
 [77,] FALSE
 [78,] FALSE
 [79,] FALSE
 [80,] FALSE
 [81,] FALSE
 [82,] FALSE
 [83,] FALSE
 [84,] FALSE
 [85,] FALSE
 [86,] FALSE
 [87,] FALSE
 [88,] FALSE
 [89,] FALSE
 [90,] FALSE
 [91,] FALSE
 [92,] FALSE
 [93,] FALSE
 [94,] FALSE
 [95,] FALSE
 [96,] FALSE
 [97,] FALSE
 [98,] FALSE
 [99,] FALSE
[100,] FALSE
[101,] FALSE
[102,]  TRUE
[103,] FALSE
[104,] FALSE
[105,] FALSE
[106,] FALSE
[107,] FALSE
[108,] FALSE
[109,] FALSE
[110,] FALSE
[111,] FALSE
[112,] FALSE
[113,] FALSE
[114,] FALSE
[115,] FALSE
[116,] FALSE
[117,] FALSE
[118,] FALSE
[119,] FALSE
[120,]  TRUE
[121,]  TRUE
[122,]  TRUE
[123,]  TRUE
[124,]  TRUE
[125,]  TRUE
[126,]  TRUE
[127,]  TRUE
[128,] FALSE
[129,] FALSE
[130,] FALSE
[131,] FALSE
[132,] FALSE
[133,] FALSE
[134,] FALSE
[135,] FALSE
[136,] FALSE
[137,] FALSE
[138,] FALSE
[139,] FALSE
[140,] FALSE
[141,] FALSE
[142,] FALSE
[143,] FALSE
[144,] FALSE
[145,] FALSE
[146,] FALSE
[147,] FALSE
[148,] FALSE
[149,] FALSE
[150,] FALSE
[151,] FALSE
[152,] FALSE
[153,] FALSE
> xl[t]
 [1]    NA    NA  97.0  97.0    NA    NA  76.0 118.0  84.0  85.0  96.0  78.0  73.0  91.0 259.0 250.0 267.0 272.0 291.0 222.0 203.0 225.0 237.0 188.0 167.0 197.0 183.0
[28] 189.0  10.9   9.2   6.3   5.7  14.9   8.6   9.7   2.3   6.3   6.3   6.9   5.1   2.8   4.6  93.0  92.0  92.0  92.0  91.0  92.0  97.0  94.0  96.0  94.0  91.0  92.0
[55]  93.0  93.0   6.0   6.0   7.0   7.0   7.0   8.0   8.0   8.0   8.0   8.0   9.0   9.0   9.0   9.0  11.0  12.0   8.0   9.0  14.0  10.0  28.0  29.0  30.0  31.0   1.0
[82]   2.0   3.0   4.0
> xl[u,t]
Error in `[.data.frame`(xl, u, t) : undefined columns selected
> pl<-c(xl[u],xl[t])
Error in `[.data.frame`(xl, u) : object 'u' not found
> u
Error: object 'u' not found
> pl<-c(xl[o],xl[t])
> pl
  [1]  41.0  36.0    NA    NA  34.0  32.0    NA    NA    NA  45.0 115.0  37.0    NA    NA    NA    NA    NA    NA    NA  71.0  39.0    NA    NA    NA    NA  37.0    NA
 [28]    NA    NA    NA    NA    NA    NA    NA    NA    NA 135.0  49.0  32.0    NA  64.0  40.0  77.0  97.0  97.0  85.0    NA    NA  48.0  35.0  61.0  79.0  63.0    NA
 [55]    NA  80.0 108.0  52.0  82.0  50.0  64.0  59.0  39.0  78.0  35.0  66.0 122.0  89.0 110.0    NA    NA  44.0  65.0    NA  59.0  44.0    NA  45.0 168.0  73.0    NA
 [82]  76.0 118.0  84.0  85.0  96.0  78.0  73.0  91.0  47.0  32.0  44.0  46.0  36.0    NA 190.0 118.0    NA    NA 307.0  92.0    NA    NA    NA 252.0 223.0 279.0    NA
[109]    NA    NA    NA    NA    NA    NA 291.0 323.0    NA    NA    NA    NA 284.0    NA    NA    NA    NA    NA    NA    NA    NA    NA    NA 269.0 248.0 236.0    NA
[136] 175.0 314.0 276.0 267.0 272.0 175.0    NA    NA 260.0 274.0 285.0 187.0 220.0    NA    NA 294.0 223.0  82.0 213.0 275.0 253.0 254.0  83.0    NA    NA    NA 255.0
[163] 229.0 207.0    NA    NA 192.0 157.0    NA  51.0 190.0    NA 212.0 238.0 215.0    NA 203.0 225.0 237.0 188.0 167.0 197.0 183.0 189.0  95.0  92.0 236.0 237.0 139.0
[190]    NA   7.4   8.0    NA    NA  12.0  12.0    NA    NA    NA  14.9   5.7   7.4    NA    NA    NA    NA    NA    NA    NA  13.8  11.5    NA    NA    NA    NA  20.7
[217]    NA    NA    NA    NA    NA    NA    NA    NA    NA    NA   4.1   9.2   9.2    NA   4.6  10.9   5.1   6.3   5.7   7.4    NA    NA   6.9  10.3   6.3   5.1  11.5
[244]    NA    NA   8.6   8.0  12.0   7.4   7.4   7.4   9.2   6.9   6.9   7.4   4.6   4.0  10.3   8.0    NA    NA  11.5   9.7    NA   6.3  10.3    NA   9.7   3.4   8.0
[271]    NA   9.7   2.3   6.3   6.3   6.9   5.1   2.8   4.6   7.4  15.5  14.9   6.9  10.3    NA  67.0  72.0    NA    NA  66.0  61.0    NA    NA    NA  81.0  79.0  76.0
[298]    NA    NA    NA    NA    NA    NA    NA  90.0  87.0    NA    NA    NA    NA  72.0    NA    NA    NA    NA    NA    NA    NA    NA    NA    NA  84.0  85.0  81.0
[325]    NA  83.0  83.0  88.0  92.0  92.0  89.0    NA    NA  81.0  82.0  84.0  87.0  85.0    NA    NA  86.0  85.0  86.0  88.0  86.0  83.0  81.0  81.0  86.0  85.0  87.0
[352]  89.0  90.0  90.0    NA    NA  86.0  80.0    NA  79.0  78.0    NA  79.0  81.0  86.0    NA  97.0  94.0  96.0  94.0  91.0  92.0  93.0  93.0  87.0  84.0  81.0  78.0
[379]  81.0    NA   5.0   5.0    NA    NA   5.0   5.0    NA    NA    NA   5.0   5.0   5.0    NA    NA    NA    NA    NA    NA    NA   6.0   6.0    NA    NA    NA    NA
[406]   6.0    NA    NA    NA    NA    NA    NA    NA    NA    NA    NA   7.0   7.0   7.0    NA   7.0   7.0   7.0   7.0   7.0   7.0    NA    NA   7.0   7.0   7.0   7.0
[433]   7.0    NA    NA   7.0   7.0   7.0   7.0   7.0   7.0   7.0   8.0   8.0   8.0   8.0   8.0   8.0   8.0    NA    NA   8.0   8.0    NA   8.0   8.0    NA   8.0   8.0
[460]   8.0    NA   8.0   8.0   8.0   8.0   9.0   9.0   9.0   9.0   9.0   9.0   9.0   9.0   9.0    NA   1.0   2.0    NA    NA  17.0  24.0    NA    NA    NA  29.0  30.0
[487]  31.0    NA    NA    NA    NA    NA    NA    NA   9.0  10.0    NA    NA    NA    NA  17.0    NA    NA    NA    NA    NA    NA    NA    NA    NA    NA   1.0   2.0
[514]   3.0    NA   5.0   6.0   7.0   8.0   9.0  10.0    NA    NA  16.0  17.0  18.0  19.0  20.0    NA    NA  24.0  25.0  27.0  28.0  29.0  30.0  31.0   1.0   4.0   5.0
[541]   6.0   7.0   8.0   9.0    NA    NA  12.0  14.0    NA  17.0  20.0    NA  24.0  25.0  26.0    NA  28.0  29.0  30.0  31.0   1.0   2.0   3.0   4.0   5.0   6.0  11.0
[568]  16.0  23.0    NA    NA    NA  97.0  97.0    NA    NA  76.0 118.0  84.0  85.0  96.0  78.0  73.0  91.0 259.0 250.0 267.0 272.0 291.0 222.0 203.0 225.0 237.0 188.0
[595] 167.0 197.0 183.0 189.0  10.9   9.2   6.3   5.7  14.9   8.6   9.7   2.3   6.3   6.3   6.9   5.1   2.8   4.6  93.0  92.0  92.0  92.0  91.0  92.0  97.0  94.0  96.0
[622]  94.0  91.0  92.0  93.0  93.0   6.0   6.0   7.0   7.0   7.0   8.0   8.0   8.0   8.0   8.0   9.0   9.0   9.0   9.0  11.0  12.0   8.0   9.0  14.0  10.0  28.0  29.0
[649]  30.0  31.0   1.0   2.0   3.0   4.0
> mean(pl[3])
[1] NA
> xl
    Ozone Solar.R Wind Temp Month Day
1      41     190  7.4   67     5   1
2      36     118  8.0   72     5   2
3      12     149 12.6   74     5   3
4      18     313 11.5   62     5   4
5      NA      NA 14.3   56     5   5
6      28      NA 14.9   66     5   6
7      23     299  8.6   65     5   7
8      19      99 13.8   59     5   8
9       8      19 20.1   61     5   9
10     NA     194  8.6   69     5  10
11      7      NA  6.9   74     5  11
12     16     256  9.7   69     5  12
13     11     290  9.2   66     5  13
14     14     274 10.9   68     5  14
15     18      65 13.2   58     5  15
16     14     334 11.5   64     5  16
17     34     307 12.0   66     5  17
18      6      78 18.4   57     5  18
19     30     322 11.5   68     5  19
20     11      44  9.7   62     5  20
21      1       8  9.7   59     5  21
22     11     320 16.6   73     5  22
23      4      25  9.7   61     5  23
24     32      92 12.0   61     5  24
25     NA      66 16.6   57     5  25
26     NA     266 14.9   58     5  26
27     NA      NA  8.0   57     5  27
28     23      13 12.0   67     5  28
29     45     252 14.9   81     5  29
30    115     223  5.7   79     5  30
31     37     279  7.4   76     5  31
32     NA     286  8.6   78     6   1
33     NA     287  9.7   74     6   2
34     NA     242 16.1   67     6   3
35     NA     186  9.2   84     6   4
36     NA     220  8.6   85     6   5
37     NA     264 14.3   79     6   6
38     29     127  9.7   82     6   7
39     NA     273  6.9   87     6   8
40     71     291 13.8   90     6   9
41     39     323 11.5   87     6  10
42     NA     259 10.9   93     6  11
43     NA     250  9.2   92     6  12
44     23     148  8.0   82     6  13
45     NA     332 13.8   80     6  14
46     NA     322 11.5   79     6  15
47     21     191 14.9   77     6  16
48     37     284 20.7   72     6  17
49     20      37  9.2   65     6  18
50     12     120 11.5   73     6  19
51     13     137 10.3   76     6  20
52     NA     150  6.3   77     6  21
53     NA      59  1.7   76     6  22
54     NA      91  4.6   76     6  23
55     NA     250  6.3   76     6  24
56     NA     135  8.0   75     6  25
57     NA     127  8.0   78     6  26
58     NA      47 10.3   73     6  27
59     NA      98 11.5   80     6  28
60     NA      31 14.9   77     6  29
61     NA     138  8.0   83     6  30
62    135     269  4.1   84     7   1
63     49     248  9.2   85     7   2
64     32     236  9.2   81     7   3
65     NA     101 10.9   84     7   4
66     64     175  4.6   83     7   5
67     40     314 10.9   83     7   6
68     77     276  5.1   88     7   7
69     97     267  6.3   92     7   8
70     97     272  5.7   92     7   9
71     85     175  7.4   89     7  10
72     NA     139  8.6   82     7  11
73     10     264 14.3   73     7  12
74     27     175 14.9   81     7  13
75     NA     291 14.9   91     7  14
76      7      48 14.3   80     7  15
77     48     260  6.9   81     7  16
78     35     274 10.3   82     7  17
79     61     285  6.3   84     7  18
80     79     187  5.1   87     7  19
81     63     220 11.5   85     7  20
82     16       7  6.9   74     7  21
83     NA     258  9.7   81     7  22
84     NA     295 11.5   82     7  23
85     80     294  8.6   86     7  24
86    108     223  8.0   85     7  25
87     20      81  8.6   82     7  26
88     52      82 12.0   86     7  27
89     82     213  7.4   88     7  28
90     50     275  7.4   86     7  29
91     64     253  7.4   83     7  30
92     59     254  9.2   81     7  31
93     39      83  6.9   81     8   1
94      9      24 13.8   81     8   2
95     16      77  7.4   82     8   3
96     78      NA  6.9   86     8   4
97     35      NA  7.4   85     8   5
98     66      NA  4.6   87     8   6
99    122     255  4.0   89     8   7
100    89     229 10.3   90     8   8
101   110     207  8.0   90     8   9
102    NA     222  8.6   92     8  10
103    NA     137 11.5   86     8  11
104    44     192 11.5   86     8  12
105    28     273 11.5   82     8  13
106    65     157  9.7   80     8  14
107    NA      64 11.5   79     8  15
108    22      71 10.3   77     8  16
109    59      51  6.3   79     8  17
110    23     115  7.4   76     8  18
111    31     244 10.9   78     8  19
112    44     190 10.3   78     8  20
113    21     259 15.5   77     8  21
114     9      36 14.3   72     8  22
115    NA     255 12.6   75     8  23
116    45     212  9.7   79     8  24
117   168     238  3.4   81     8  25
118    73     215  8.0   86     8  26
119    NA     153  5.7   88     8  27
120    76     203  9.7   97     8  28
121   118     225  2.3   94     8  29
122    84     237  6.3   96     8  30
123    85     188  6.3   94     8  31
124    96     167  6.9   91     9   1
125    78     197  5.1   92     9   2
126    73     183  2.8   93     9   3
127    91     189  4.6   93     9   4
128    47      95  7.4   87     9   5
129    32      92 15.5   84     9   6
130    20     252 10.9   80     9   7
131    23     220 10.3   78     9   8
132    21     230 10.9   75     9   9
133    24     259  9.7   73     9  10
134    44     236 14.9   81     9  11
135    21     259 15.5   76     9  12
136    28     238  6.3   77     9  13
137     9      24 10.9   71     9  14
138    13     112 11.5   71     9  15
139    46     237  6.9   78     9  16
140    18     224 13.8   67     9  17
141    13      27 10.3   76     9  18
142    24     238 10.3   68     9  19
143    16     201  8.0   82     9  20
144    13     238 12.6   64     9  21
145    23      14  9.2   71     9  22
146    36     139 10.3   81     9  23
147     7      49 10.3   69     9  24
148    14      20 16.6   63     9  25
149    30     193  6.9   70     9  26
150    NA     145 13.2   77     9  27
151    14     191 14.3   75     9  28
152    18     131  8.0   76     9  29
153    20     223 11.5   68     9  30
> xl[5]=5
> xl[1,5]
[1] 5
> m<-xl[xl[5]=5]
Error: unexpected '=' in "m<-xl[xl[5]="
> m<-xl[xl[5]==5]
> m
  [1]  41.0  36.0  12.0  18.0    NA  28.0  23.0  19.0   8.0    NA   7.0  16.0  11.0  14.0  18.0  14.0  34.0   6.0  30.0  11.0   1.0  11.0   4.0  32.0    NA    NA    NA
 [28]  23.0  45.0 115.0  37.0    NA    NA    NA    NA    NA    NA  29.0    NA  71.0  39.0    NA    NA  23.0    NA    NA  21.0  37.0  20.0  12.0  13.0    NA    NA    NA
 [55]    NA    NA    NA    NA    NA    NA    NA 135.0  49.0  32.0    NA  64.0  40.0  77.0  97.0  97.0  85.0    NA  10.0  27.0    NA   7.0  48.0  35.0  61.0  79.0  63.0
 [82]  16.0    NA    NA  80.0 108.0  20.0  52.0  82.0  50.0  64.0  59.0  39.0   9.0  16.0  78.0  35.0  66.0 122.0  89.0 110.0    NA    NA  44.0  28.0  65.0    NA  22.0
[109]  59.0  23.0  31.0  44.0  21.0   9.0    NA  45.0 168.0  73.0    NA  76.0 118.0  84.0  85.0  96.0  78.0  73.0  91.0  47.0  32.0  20.0  23.0  21.0  24.0  44.0  21.0
[136]  28.0   9.0  13.0  46.0  18.0  13.0  24.0  16.0  13.0  23.0  36.0   7.0  14.0  30.0    NA  14.0  18.0  20.0 190.0 118.0 149.0 313.0    NA    NA 299.0  99.0  19.0
[163] 194.0    NA 256.0 290.0 274.0  65.0 334.0 307.0  78.0 322.0  44.0   8.0 320.0  25.0  92.0  66.0 266.0    NA  13.0 252.0 223.0 279.0 286.0 287.0 242.0 186.0 220.0
[190] 264.0 127.0 273.0 291.0 323.0 259.0 250.0 148.0 332.0 322.0 191.0 284.0  37.0 120.0 137.0 150.0  59.0  91.0 250.0 135.0 127.0  47.0  98.0  31.0 138.0 269.0 248.0
[217] 236.0 101.0 175.0 314.0 276.0 267.0 272.0 175.0 139.0 264.0 175.0 291.0  48.0 260.0 274.0 285.0 187.0 220.0   7.0 258.0 295.0 294.0 223.0  81.0  82.0 213.0 275.0
[244] 253.0 254.0  83.0  24.0  77.0    NA    NA    NA 255.0 229.0 207.0 222.0 137.0 192.0 273.0 157.0  64.0  71.0  51.0 115.0 244.0 190.0 259.0  36.0 255.0 212.0 238.0
[271] 215.0 153.0 203.0 225.0 237.0 188.0 167.0 197.0 183.0 189.0  95.0  92.0 252.0 220.0 230.0 259.0 236.0 259.0 238.0  24.0 112.0 237.0 224.0  27.0 238.0 201.0 238.0
[298]  14.0 139.0  49.0  20.0 193.0 145.0 191.0 131.0 223.0   7.4   8.0  12.6  11.5  14.3  14.9   8.6  13.8  20.1   8.6   6.9   9.7   9.2  10.9  13.2  11.5  12.0  18.4
[325]  11.5   9.7   9.7  16.6   9.7  12.0  16.6  14.9   8.0  12.0  14.9   5.7   7.4   8.6   9.7  16.1   9.2   8.6  14.3   9.7   6.9  13.8  11.5  10.9   9.2   8.0  13.8
[352]  11.5  14.9  20.7   9.2  11.5  10.3   6.3   1.7   4.6   6.3   8.0   8.0  10.3  11.5  14.9   8.0   4.1   9.2   9.2  10.9   4.6  10.9   5.1   6.3   5.7   7.4   8.6
[379]  14.3  14.9  14.9  14.3   6.9  10.3   6.3   5.1  11.5   6.9   9.7  11.5   8.6   8.0   8.6  12.0   7.4   7.4   7.4   9.2   6.9  13.8   7.4   6.9   7.4   4.6   4.0
[406]  10.3   8.0   8.6  11.5  11.5  11.5   9.7  11.5  10.3   6.3   7.4  10.9  10.3  15.5  14.3  12.6   9.7   3.4   8.0   5.7   9.7   2.3   6.3   6.3   6.9   5.1   2.8
[433]   4.6   7.4  15.5  10.9  10.3  10.9   9.7  14.9  15.5   6.3  10.9  11.5   6.9  13.8  10.3  10.3   8.0  12.6   9.2  10.3  10.3  16.6   6.9  13.2  14.3   8.0  11.5
[460]  67.0  72.0  74.0  62.0  56.0  66.0  65.0  59.0  61.0  69.0  74.0  69.0  66.0  68.0  58.0  64.0  66.0  57.0  68.0  62.0  59.0  73.0  61.0  61.0  57.0  58.0  57.0
[487]  67.0  81.0  79.0  76.0  78.0  74.0  67.0  84.0  85.0  79.0  82.0  87.0  90.0  87.0  93.0  92.0  82.0  80.0  79.0  77.0  72.0  65.0  73.0  76.0  77.0  76.0  76.0
[514]  76.0  75.0  78.0  73.0  80.0  77.0  83.0  84.0  85.0  81.0  84.0  83.0  83.0  88.0  92.0  92.0  89.0  82.0  73.0  81.0  91.0  80.0  81.0  82.0  84.0  87.0  85.0
[541]  74.0  81.0  82.0  86.0  85.0  82.0  86.0  88.0  86.0  83.0  81.0  81.0  81.0  82.0  86.0  85.0  87.0  89.0  90.0  90.0  92.0  86.0  86.0  82.0  80.0  79.0  77.0
[568]  79.0  76.0  78.0  78.0  77.0  72.0  75.0  79.0  81.0  86.0  88.0  97.0  94.0  96.0  94.0  91.0  92.0  93.0  93.0  87.0  84.0  80.0  78.0  75.0  73.0  81.0  76.0
[595]  77.0  71.0  71.0  78.0  67.0  76.0  68.0  82.0  64.0  71.0  81.0  69.0  63.0  70.0  77.0  75.0  76.0  68.0   5.0   5.0   5.0   5.0   5.0   5.0   5.0   5.0   5.0
[622]   5.0   5.0   5.0   5.0   5.0   5.0   5.0   5.0   5.0   5.0   5.0   5.0   5.0   5.0   5.0   5.0   5.0   5.0   5.0   5.0   5.0   5.0   5.0   5.0   5.0   5.0   5.0
[649]   5.0   5.0   5.0   5.0   5.0   5.0   5.0   5.0   5.0   5.0   5.0   5.0   5.0   5.0   5.0   5.0   5.0   5.0   5.0   5.0   5.0   5.0   5.0   5.0   5.0   5.0   5.0
[676]   5.0   5.0   5.0   5.0   5.0   5.0   5.0   5.0   5.0   5.0   5.0   5.0   5.0   5.0   5.0   5.0   5.0   5.0   5.0   5.0   5.0   5.0   5.0   5.0   5.0   5.0   5.0
[703]   5.0   5.0   5.0   5.0   5.0   5.0   5.0   5.0   5.0   5.0   5.0   5.0   5.0   5.0   5.0   5.0   5.0   5.0   5.0   5.0   5.0   5.0   5.0   5.0   5.0   5.0   5.0
[730]   5.0   5.0   5.0   5.0   5.0   5.0   5.0   5.0   5.0   5.0   5.0   5.0   5.0   5.0   5.0   5.0   5.0   5.0   5.0   5.0   5.0   5.0   5.0   5.0   5.0   5.0   5.0
[757]   5.0   5.0   5.0   5.0   5.0   5.0   5.0   5.0   5.0   1.0   2.0   3.0   4.0   5.0   6.0   7.0   8.0   9.0  10.0  11.0  12.0  13.0  14.0  15.0  16.0  17.0  18.0
[784]  19.0  20.0  21.0  22.0  23.0  24.0  25.0  26.0  27.0  28.0  29.0  30.0  31.0   1.0   2.0   3.0   4.0   5.0   6.0   7.0   8.0   9.0  10.0  11.0  12.0  13.0  14.0
[811]  15.0  16.0  17.0  18.0  19.0  20.0  21.0  22.0  23.0  24.0  25.0  26.0  27.0  28.0  29.0  30.0   1.0   2.0   3.0   4.0   5.0   6.0   7.0   8.0   9.0  10.0  11.0
[838]  12.0  13.0  14.0  15.0  16.0  17.0  18.0  19.0  20.0  21.0  22.0  23.0  24.0  25.0  26.0  27.0  28.0  29.0  30.0  31.0   1.0   2.0   3.0   4.0   5.0   6.0   7.0
[865]   8.0   9.0  10.0  11.0  12.0  13.0  14.0  15.0  16.0  17.0  18.0  19.0  20.0  21.0  22.0  23.0  24.0  25.0  26.0  27.0  28.0  29.0  30.0  31.0   1.0   2.0   3.0
[892]   4.0   5.0   6.0   7.0   8.0   9.0  10.0  11.0  12.0  13.0  14.0  15.0  16.0  17.0  18.0  19.0  20.0  21.0  22.0  23.0  24.0  25.0  26.0  27.0  28.0  29.0  30.0
> m<-matrix(xl[xl[5]==5],,5]
Error: unexpected ']' in "m<-matrix(xl[xl[5]==5],,5]"

> > m<-matrix(xl[xl[5]==5],10,5]
Error: unexpected ']' in "m<-matrix(xl[xl[5]==5],10,5]"
> m<-matrix(xl[xl[5]==5],,5)
Warning message:
In matrix(xl[xl[5] == 5], , 5) :
  data length [918] is not a sub-multiple or multiple of the number of rows [184]
> m
       [,1]  [,2] [,3] [,4] [,5]
  [1,]   41 286.0  9.2   81    5
  [2,]   36 287.0  9.2   82    5
  [3,]   12 242.0 10.9   86    5
  [4,]   18 186.0  4.6   85    5
  [5,]   NA 220.0 10.9   87    5
  [6,]   28 264.0  5.1   89    5
  [7,]   23 127.0  6.3   90    5
  [8,]   19 273.0  5.7   90    5
  [9,]    8 291.0  7.4   92    5
 [10,]   NA 323.0  8.6   86    5
 [11,]    7 259.0 14.3   86    5
 [12,]   16 250.0 14.9   82    5
 [13,]   11 148.0 14.9   80    5
 [14,]   14 332.0 14.3   79    5
 [15,]   18 322.0  6.9   77    5
 [16,]   14 191.0 10.3   79    5
 [17,]   34 284.0  6.3   76    5
 [18,]    6  37.0  5.1   78    5
 [19,]   30 120.0 11.5   78    5
 [20,]   11 137.0  6.9   77    5
 [21,]    1 150.0  9.7   72    5
 [22,]   11  59.0 11.5   75    5
 [23,]    4  91.0  8.6   79    5
 [24,]   32 250.0  8.0   81    5
 [25,]   NA 135.0  8.6   86    5
 [26,]   NA 127.0 12.0   88    5
 [27,]   NA  47.0  7.4   97    5
 [28,]   23  98.0  7.4   94    5
 [29,]   45  31.0  7.4   96    5
 [30,]  115 138.0  9.2   94    1
 [31,]   37 269.0  6.9   91    2
 [32,]   NA 248.0 13.8   92    3
 [33,]   NA 236.0  7.4   93    4
 [34,]   NA 101.0  6.9   93    5
 [35,]   NA 175.0  7.4   87    6
 [36,]   NA 314.0  4.6   84    7
 [37,]   NA 276.0  4.0   80    8
 [38,]   29 267.0 10.3   78    9
 [39,]   NA 272.0  8.0   75   10
 [40,]   71 175.0  8.6   73   11
 [41,]   39 139.0 11.5   81   12
 [42,]   NA 264.0 11.5   76   13
 [43,]   NA 175.0 11.5   77   14
 [44,]   23 291.0  9.7   71   15
 [45,]   NA  48.0 11.5   71   16
 [46,]   NA 260.0 10.3   78   17
 [47,]   21 274.0  6.3   67   18
 [48,]   37 285.0  7.4   76   19
 [49,]   20 187.0 10.9   68   20
 [50,]   12 220.0 10.3   82   21
 [51,]   13   7.0 15.5   64   22
 [52,]   NA 258.0 14.3   71   23
 [53,]   NA 295.0 12.6   81   24
 [54,]   NA 294.0  9.7   69   25
 [55,]   NA 223.0  3.4   63   26
 [56,]   NA  81.0  8.0   70   27
 [57,]   NA  82.0  5.7   77   28
 [58,]   NA 213.0  9.7   75   29
 [59,]   NA 275.0  2.3   76   30
 [60,]   NA 253.0  6.3   68   31
 [61,]   NA 254.0  6.3    5    1
 [62,]  135  83.0  6.9    5    2
 [63,]   49  24.0  5.1    5    3
 [64,]   32  77.0  2.8    5    4
 [65,]   NA    NA  4.6    5    5
 [66,]   64    NA  7.4    5    6
 [67,]   40    NA 15.5    5    7
 [68,]   77 255.0 10.9    5    8
 [69,]   97 229.0 10.3    5    9
 [70,]   97 207.0 10.9    5   10
 [71,]   85 222.0  9.7    5   11
 [72,]   NA 137.0 14.9    5   12
 [73,]   10 192.0 15.5    5   13
 [74,]   27 273.0  6.3    5   14
 [75,]   NA 157.0 10.9    5   15
 [76,]    7  64.0 11.5    5   16
 [77,]   48  71.0  6.9    5   17
 [78,]   35  51.0 13.8    5   18
 [79,]   61 115.0 10.3    5   19
 [80,]   79 244.0 10.3    5   20
 [81,]   63 190.0  8.0    5   21
 [82,]   16 259.0 12.6    5   22
 [83,]   NA  36.0  9.2    5   23
 [84,]   NA 255.0 10.3    5   24
 [85,]   80 212.0 10.3    5   25
 [86,]  108 238.0 16.6    5   26
 [87,]   20 215.0  6.9    5   27
 [88,]   52 153.0 13.2    5   28
 [89,]   82 203.0 14.3    5   29
 [90,]   50 225.0  8.0    5   30
 [91,]   64 237.0 11.5    5    1
 [92,]   59 188.0 67.0    5    2
 [93,]   39 167.0 72.0    5    3
 [94,]    9 197.0 74.0    5    4
 [95,]   16 183.0 62.0    5    5
 [96,]   78 189.0 56.0    5    6
 [97,]   35  95.0 66.0    5    7
 [98,]   66  92.0 65.0    5    8
 [99,]  122 252.0 59.0    5    9
[100,]   89 220.0 61.0    5   10
[101,]  110 230.0 69.0    5   11
[102,]   NA 259.0 74.0    5   12
[103,]   NA 236.0 69.0    5   13
[104,]   44 259.0 66.0    5   14
[105,]   28 238.0 68.0    5   15
[106,]   65  24.0 58.0    5   16
[107,]   NA 112.0 64.0    5   17
[108,]   22 237.0 66.0    5   18
[109,]   59 224.0 57.0    5   19
[110,]   23  27.0 68.0    5   20
[111,]   31 238.0 62.0    5   21
[112,]   44 201.0 59.0    5   22
[113,]   21 238.0 73.0    5   23
[114,]    9  14.0 61.0    5   24
[115,]   NA 139.0 61.0    5   25
[116,]   45  49.0 57.0    5   26
[117,]  168  20.0 58.0    5   27
[118,]   73 193.0 57.0    5   28
[119,]   NA 145.0 67.0    5   29
[120,]   76 191.0 81.0    5   30
[121,]  118 131.0 79.0    5   31
[122,]   84 223.0 76.0    5    1
[123,]   85   7.4 78.0    5    2
[124,]   96   8.0 74.0    5    3
[125,]   78  12.6 67.0    5    4
[126,]   73  11.5 84.0    5    5
[127,]   91  14.3 85.0    5    6
[128,]   47  14.9 79.0    5    7
[129,]   32   8.6 82.0    5    8
[130,]   20  13.8 87.0    5    9
[131,]   23  20.1 90.0    5   10
[132,]   21   8.6 87.0    5   11
[133,]   24   6.9 93.0    5   12
[134,]   44   9.7 92.0    5   13
[135,]   21   9.2 82.0    5   14
[136,]   28  10.9 80.0    5   15
[137,]    9  13.2 79.0    5   16
[138,]   13  11.5 77.0    5   17
[139,]   46  12.0 72.0    5   18
[140,]   18  18.4 65.0    5   19
[141,]   13  11.5 73.0    5   20
[142,]   24   9.7 76.0    5   21
[143,]   16   9.7 77.0    5   22
[144,]   13  16.6 76.0    5   23
[145,]   23   9.7 76.0    5   24
[146,]   36  12.0 76.0    5   25
[147,]    7  16.6 75.0    5   26
[148,]   14  14.9 78.0    5   27
[149,]   30   8.0 73.0    5   28
[150,]   NA  12.0 80.0    5   29
[151,]   14  14.9 77.0    5   30
[152,]   18   5.7 83.0    5   31
[153,]   20   7.4 84.0    5    1
[154,]  190   8.6 85.0    5    2
[155,]  118   9.7 81.0    5    3
[156,]  149  16.1 84.0    5    4
[157,]  313   9.2 83.0    5    5
[158,]   NA   8.6 83.0    5    6
[159,]   NA  14.3 88.0    5    7
[160,]  299   9.7 92.0    5    8
[161,]   99   6.9 92.0    5    9
[162,]   19  13.8 89.0    5   10
[163,]  194  11.5 82.0    5   11
[164,]   NA  10.9 73.0    5   12
[165,]  256   9.2 81.0    5   13
[166,]  290   8.0 91.0    5   14
[167,]  274  13.8 80.0    5   15
[168,]   65  11.5 81.0    5   16
[169,]  334  14.9 82.0    5   17
[170,]  307  20.7 84.0    5   18
[171,]   78   9.2 87.0    5   19
[172,]  322  11.5 85.0    5   20
[173,]   44  10.3 74.0    5   21
[174,]    8   6.3 81.0    5   22
[175,]  320   1.7 82.0    5   23
[176,]   25   4.6 86.0    5   24
[177,]   92   6.3 85.0    5   25
[178,]   66   8.0 82.0    5   26
[179,]  266   8.0 86.0    5   27
[180,]   NA  10.3 88.0    5   28
[181,]   13  11.5 86.0    5   29
[182,]  252  14.9 83.0    5   30
[183,]  223   8.0 81.0    5   41
[184,]  279   4.1 81.0    5   36
> max(m[1])
[1] 41
> max(m[,1])
[1] NA
> names(xl)
[1] "Ozone"   "Solar.R" "Wind"    "Temp"    "Month"   "Day"    
> xl[1:2]
    Ozone Solar.R
1      41     190
2      36     118
3      12     149
4      18     313
5      NA      NA
6      28      NA
7      23     299
8      19      99
9       8      19
10     NA     194
11      7      NA
12     16     256
13     11     290
14     14     274
15     18      65
16     14     334
17     34     307
18      6      78
19     30     322
20     11      44
21      1       8
22     11     320
23      4      25
24     32      92
25     NA      66
26     NA     266
27     NA      NA
28     23      13
29     45     252
30    115     223
31     37     279
32     NA     286
33     NA     287
34     NA     242
35     NA     186
36     NA     220
37     NA     264
38     29     127
39     NA     273
40     71     291
41     39     323
42     NA     259
43     NA     250
44     23     148
45     NA     332
46     NA     322
47     21     191
48     37     284
49     20      37
50     12     120
51     13     137
52     NA     150
53     NA      59
54     NA      91
55     NA     250
56     NA     135
57     NA     127
58     NA      47
59     NA      98
60     NA      31
61     NA     138
62    135     269
63     49     248
64     32     236
65     NA     101
66     64     175
67     40     314
68     77     276
69     97     267
70     97     272
71     85     175
72     NA     139
73     10     264
74     27     175
75     NA     291
76      7      48
77     48     260
78     35     274
79     61     285
80     79     187
81     63     220
82     16       7
83     NA     258
84     NA     295
85     80     294
86    108     223
87     20      81
88     52      82
89     82     213
90     50     275
91     64     253
92     59     254
93     39      83
94      9      24
95     16      77
96     78      NA
97     35      NA
98     66      NA
99    122     255
100    89     229
101   110     207
102    NA     222
103    NA     137
104    44     192
105    28     273
106    65     157
107    NA      64
108    22      71
109    59      51
110    23     115
111    31     244
112    44     190
113    21     259
114     9      36
115    NA     255
116    45     212
117   168     238
118    73     215
119    NA     153
120    76     203
121   118     225
122    84     237
123    85     188
124    96     167
125    78     197
126    73     183
127    91     189
128    47      95
129    32      92
130    20     252
131    23     220
132    21     230
133    24     259
134    44     236
135    21     259
136    28     238
137     9      24
138    13     112
139    46     237
140    18     224
141    13      27
142    24     238
143    16     201
144    13     238
145    23      14
146    36     139
147     7      49
148    14      20
149    30     193
150    NA     145
151    14     191
152    18     131
153    20     223
> xl[2,1:5]
  Ozone Solar.R Wind Temp Month
2    36     118    8   72     5
> xl[1:2,]
  Ozone Solar.R Wind Temp Month Day
1    41     190  7.4   67     5   1
2    36     118  8.0   72     5   2
> tail(xl)
    Ozone Solar.R Wind Temp Month Day
148    14      20 16.6   63     5  25
149    30     193  6.9   70     5  26
150    NA     145 13.2   77     5  27
151    14     191 14.3   75     5  28
152    18     131  8.0   76     5  29
153    20     223 11.5   68     5  30
> head(xl)
  Ozone Solar.R Wind Temp Month Day
1    41     190  7.4   67     5   1
2    36     118  8.0   72     5   2
3    12     149 12.6   74     5   3
4    18     313 11.5   62     5   4
5    NA      NA 14.3   56     5   5
6    28      NA 14.9   66     5   6
> x[47]
[1] NA
> xl[47]
Error in `[.data.frame`(xl, 47) : undefined columns selected
> xl[47,]
   Ozone Solar.R Wind Temp Month Day
47    21     191 14.9   77     5  16
> o<-xl[xl$Ozone >31]
Error in `[.data.frame`(xl, xl$Ozone > 31) : undefined columns selected
> xl[1]
    Ozone
1      41
2      36
3      12
4      18
5      NA
6      28
7      23
8      19
9       8
10     NA
11      7
12     16
13     11
14     14
15     18
16     14
17     34
18      6
19     30
20     11
21      1
22     11
23      4
24     32
25     NA
26     NA
27     NA
28     23
29     45
30    115
31     37
32     NA
33     NA
34     NA
35     NA
36     NA
37     NA
38     29
39     NA
40     71
41     39
42     NA
43     NA
44     23
45     NA
46     NA
47     21
48     37
49     20
50     12
51     13
52     NA
53     NA
54     NA
55     NA
56     NA
57     NA
58     NA
59     NA
60     NA
61     NA
62    135
63     49
64     32
65     NA
66     64
67     40
68     77
69     97
70     97
71     85
72     NA
73     10
74     27
75     NA
76      7
77     48
78     35
79     61
80     79
81     63
82     16
83     NA
84     NA
85     80
86    108
87     20
88     52
89     82
90     50
91     64
92     59
93     39
94      9
95     16
96     78
97     35
98     66
99    122
100    89
101   110
102    NA
103    NA
104    44
105    28
106    65
107    NA
108    22
109    59
110    23
111    31
112    44
113    21
114     9
115    NA
116    45
117   168
118    73
119    NA
120    76
121   118
122    84
123    85
124    96
125    78
126    73
127    91
128    47
129    32
130    20
131    23
132    21
133    24
134    44
135    21
136    28
137     9
138    13
139    46
140    18
141    13
142    24
143    16
144    13
145    23
146    36
147     7
148    14
149    30
150    NA
151    14
152    18
153    20
> xl[1]>31
       Ozone
  [1,]  TRUE
  [2,]  TRUE
  [3,] FALSE
  [4,] FALSE
  [5,]    NA
  [6,] FALSE
  [7,] FALSE
  [8,] FALSE
  [9,] FALSE
 [10,]    NA
 [11,] FALSE
 [12,] FALSE
 [13,] FALSE
 [14,] FALSE
 [15,] FALSE
 [16,] FALSE
 [17,]  TRUE
 [18,] FALSE
 [19,] FALSE
 [20,] FALSE
 [21,] FALSE
 [22,] FALSE
 [23,] FALSE
 [24,]  TRUE
 [25,]    NA
 [26,]    NA
 [27,]    NA
 [28,] FALSE
 [29,]  TRUE
 [30,]  TRUE
 [31,]  TRUE
 [32,]    NA
 [33,]    NA
 [34,]    NA
 [35,]    NA
 [36,]    NA
 [37,]    NA
 [38,] FALSE
 [39,]    NA
 [40,]  TRUE
 [41,]  TRUE
 [42,]    NA
 [43,]    NA
 [44,] FALSE
 [45,]    NA
 [46,]    NA
 [47,] FALSE
 [48,]  TRUE
 [49,] FALSE
 [50,] FALSE
 [51,] FALSE
 [52,]    NA
 [53,]    NA
 [54,]    NA
 [55,]    NA
 [56,]    NA
 [57,]    NA
 [58,]    NA
 [59,]    NA
 [60,]    NA
 [61,]    NA
 [62,]  TRUE
 [63,]  TRUE
 [64,]  TRUE
 [65,]    NA
 [66,]  TRUE
 [67,]  TRUE
 [68,]  TRUE
 [69,]  TRUE
 [70,]  TRUE
 [71,]  TRUE
 [72,]    NA
 [73,] FALSE
 [74,] FALSE
 [75,]    NA
 [76,] FALSE
 [77,]  TRUE
 [78,]  TRUE
 [79,]  TRUE
 [80,]  TRUE
 [81,]  TRUE
 [82,] FALSE
 [83,]    NA
 [84,]    NA
 [85,]  TRUE
 [86,]  TRUE
 [87,] FALSE
 [88,]  TRUE
 [89,]  TRUE
 [90,]  TRUE
 [91,]  TRUE
 [92,]  TRUE
 [93,]  TRUE
 [94,] FALSE
 [95,] FALSE
 [96,]  TRUE
 [97,]  TRUE
 [98,]  TRUE
 [99,]  TRUE
[100,]  TRUE
[101,]  TRUE
[102,]    NA
[103,]    NA
[104,]  TRUE
[105,] FALSE
[106,]  TRUE
[107,]    NA
[108,] FALSE
[109,]  TRUE
[110,] FALSE
[111,] FALSE
[112,]  TRUE
[113,] FALSE
[114,] FALSE
[115,]    NA
[116,]  TRUE
[117,]  TRUE
[118,]  TRUE
[119,]    NA
[120,]  TRUE
[121,]  TRUE
[122,]  TRUE
[123,]  TRUE
[124,]  TRUE
[125,]  TRUE
[126,]  TRUE
[127,]  TRUE
[128,]  TRUE
[129,]  TRUE
[130,] FALSE
[131,] FALSE
[132,] FALSE
[133,] FALSE
[134,]  TRUE
[135,] FALSE
[136,] FALSE
[137,] FALSE
[138,] FALSE
[139,]  TRUE
[140,] FALSE
[141,] FALSE
[142,] FALSE
[143,] FALSE
[144,] FALSE
[145,] FALSE
[146,]  TRUE
[147,] FALSE
[148,] FALSE
[149,] FALSE
[150,]    NA
[151,] FALSE
[152,] FALSE
[153,] FALSE
> o<-xl[1]>31
> o
       Ozone
  [1,]  TRUE
  [2,]  TRUE
  [3,] FALSE
  [4,] FALSE
  [5,]    NA
  [6,] FALSE
  [7,] FALSE
  [8,] FALSE
  [9,] FALSE
 [10,]    NA
 [11,] FALSE
 [12,] FALSE
 [13,] FALSE
 [14,] FALSE
 [15,] FALSE
 [16,] FALSE
 [17,]  TRUE
 [18,] FALSE
 [19,] FALSE
 [20,] FALSE
 [21,] FALSE
 [22,] FALSE
 [23,] FALSE
 [24,]  TRUE
 [25,]    NA
 [26,]    NA
 [27,]    NA
 [28,] FALSE
 [29,]  TRUE
 [30,]  TRUE
 [31,]  TRUE
 [32,]    NA
 [33,]    NA
 [34,]    NA
 [35,]    NA
 [36,]    NA
 [37,]    NA
 [38,] FALSE
 [39,]    NA
 [40,]  TRUE
 [41,]  TRUE
 [42,]    NA
 [43,]    NA
 [44,] FALSE
 [45,]    NA
 [46,]    NA
 [47,] FALSE
 [48,]  TRUE
 [49,] FALSE
 [50,] FALSE
 [51,] FALSE
 [52,]    NA
 [53,]    NA
 [54,]    NA
 [55,]    NA
 [56,]    NA
 [57,]    NA
 [58,]    NA
 [59,]    NA
 [60,]    NA
 [61,]    NA
 [62,]  TRUE
 [63,]  TRUE
 [64,]  TRUE
 [65,]    NA
 [66,]  TRUE
 [67,]  TRUE
 [68,]  TRUE
 [69,]  TRUE
 [70,]  TRUE
 [71,]  TRUE
 [72,]    NA
 [73,] FALSE
 [74,] FALSE
 [75,]    NA
 [76,] FALSE
 [77,]  TRUE
 [78,]  TRUE
 [79,]  TRUE
 [80,]  TRUE
 [81,]  TRUE
 [82,] FALSE
 [83,]    NA
 [84,]    NA
 [85,]  TRUE
 [86,]  TRUE
 [87,] FALSE
 [88,]  TRUE
 [89,]  TRUE
 [90,]  TRUE
 [91,]  TRUE
 [92,]  TRUE
 [93,]  TRUE
 [94,] FALSE
 [95,] FALSE
 [96,]  TRUE
 [97,]  TRUE
 [98,]  TRUE
 [99,]  TRUE
[100,]  TRUE
[101,]  TRUE
[102,]    NA
[103,]    NA
[104,]  TRUE
[105,] FALSE
[106,]  TRUE
[107,]    NA
[108,] FALSE
[109,]  TRUE
[110,] FALSE
[111,] FALSE
[112,]  TRUE
[113,] FALSE
[114,] FALSE
[115,]    NA
[116,]  TRUE
[117,]  TRUE
[118,]  TRUE
[119,]    NA
[120,]  TRUE
[121,]  TRUE
[122,]  TRUE
[123,]  TRUE
[124,]  TRUE
[125,]  TRUE
[126,]  TRUE
[127,]  TRUE
[128,]  TRUE
[129,]  TRUE
[130,] FALSE
[131,] FALSE
[132,] FALSE
[133,] FALSE
[134,]  TRUE
[135,] FALSE
[136,] FALSE
[137,] FALSE
[138,] FALSE
[139,]  TRUE
[140,] FALSE
[141,] FALSE
[142,] FALSE
[143,] FALSE
[144,] FALSE
[145,] FALSE
[146,]  TRUE
[147,] FALSE
[148,] FALSE
[149,] FALSE
[150,]    NA
[151,] FALSE
[152,] FALSE
[153,] FALSE
> t<-xl[4]>90
> t
        Temp
  [1,] FALSE
  [2,] FALSE
  [3,] FALSE
  [4,] FALSE
  [5,] FALSE
  [6,] FALSE
  [7,] FALSE
  [8,] FALSE
  [9,] FALSE
 [10,] FALSE
 [11,] FALSE
 [12,] FALSE
 [13,] FALSE
 [14,] FALSE
 [15,] FALSE
 [16,] FALSE
 [17,] FALSE
 [18,] FALSE
 [19,] FALSE
 [20,] FALSE
 [21,] FALSE
 [22,] FALSE
 [23,] FALSE
 [24,] FALSE
 [25,] FALSE
 [26,] FALSE
 [27,] FALSE
 [28,] FALSE
 [29,] FALSE
 [30,] FALSE
 [31,] FALSE
 [32,] FALSE
 [33,] FALSE
 [34,] FALSE
 [35,] FALSE
 [36,] FALSE
 [37,] FALSE
 [38,] FALSE
 [39,] FALSE
 [40,] FALSE
 [41,] FALSE
 [42,]  TRUE
 [43,]  TRUE
 [44,] FALSE
 [45,] FALSE
 [46,] FALSE
 [47,] FALSE
 [48,] FALSE
 [49,] FALSE
 [50,] FALSE
 [51,] FALSE
 [52,] FALSE
 [53,] FALSE
 [54,] FALSE
 [55,] FALSE
 [56,] FALSE
 [57,] FALSE
 [58,] FALSE
 [59,] FALSE
 [60,] FALSE
 [61,] FALSE
 [62,] FALSE
 [63,] FALSE
 [64,] FALSE
 [65,] FALSE
 [66,] FALSE
 [67,] FALSE
 [68,] FALSE
 [69,]  TRUE
 [70,]  TRUE
 [71,] FALSE
 [72,] FALSE
 [73,] FALSE
 [74,] FALSE
 [75,]  TRUE
 [76,] FALSE
 [77,] FALSE
 [78,] FALSE
 [79,] FALSE
 [80,] FALSE
 [81,] FALSE
 [82,] FALSE
 [83,] FALSE
 [84,] FALSE
 [85,] FALSE
 [86,] FALSE
 [87,] FALSE
 [88,] FALSE
 [89,] FALSE
 [90,] FALSE
 [91,] FALSE
 [92,] FALSE
 [93,] FALSE
 [94,] FALSE
 [95,] FALSE
 [96,] FALSE
 [97,] FALSE
 [98,] FALSE
 [99,] FALSE
[100,] FALSE
[101,] FALSE
[102,]  TRUE
[103,] FALSE
[104,] FALSE
[105,] FALSE
[106,] FALSE
[107,] FALSE
[108,] FALSE
[109,] FALSE
[110,] FALSE
[111,] FALSE
[112,] FALSE
[113,] FALSE
[114,] FALSE
[115,] FALSE
[116,] FALSE
[117,] FALSE
[118,] FALSE
[119,] FALSE
[120,]  TRUE
[121,]  TRUE
[122,]  TRUE
[123,]  TRUE
[124,]  TRUE
[125,]  TRUE
[126,]  TRUE
[127,]  TRUE
[128,] FALSE
[129,] FALSE
[130,] FALSE
[131,] FALSE
[132,] FALSE
[133,] FALSE
[134,] FALSE
[135,] FALSE
[136,] FALSE
[137,] FALSE
[138,] FALSE
[139,] FALSE
[140,] FALSE
[141,] FALSE
[142,] FALSE
[143,] FALSE
[144,] FALSE
[145,] FALSE
[146,] FALSE
[147,] FALSE
[148,] FALSE
[149,] FALSE
[150,] FALSE
[151,] FALSE
[152,] FALSE
[153,] FALSE
> xl[o]
  [1]  41.0  36.0    NA    NA  34.0  32.0    NA    NA    NA  45.0 115.0  37.0    NA    NA    NA    NA    NA    NA    NA  71.0  39.0    NA    NA    NA    NA  37.0    NA
 [28]    NA    NA    NA    NA    NA    NA    NA    NA    NA 135.0  49.0  32.0    NA  64.0  40.0  77.0  97.0  97.0  85.0    NA    NA  48.0  35.0  61.0  79.0  63.0    NA
 [55]    NA  80.0 108.0  52.0  82.0  50.0  64.0  59.0  39.0  78.0  35.0  66.0 122.0  89.0 110.0    NA    NA  44.0  65.0    NA  59.0  44.0    NA  45.0 168.0  73.0    NA
 [82]  76.0 118.0  84.0  85.0  96.0  78.0  73.0  91.0  47.0  32.0  44.0  46.0  36.0    NA 190.0 118.0    NA    NA 307.0  92.0    NA    NA    NA 252.0 223.0 279.0    NA
[109]    NA    NA    NA    NA    NA    NA 291.0 323.0    NA    NA    NA    NA 284.0    NA    NA    NA    NA    NA    NA    NA    NA    NA    NA 269.0 248.0 236.0    NA
[136] 175.0 314.0 276.0 267.0 272.0 175.0    NA    NA 260.0 274.0 285.0 187.0 220.0    NA    NA 294.0 223.0  82.0 213.0 275.0 253.0 254.0  83.0    NA    NA    NA 255.0
[163] 229.0 207.0    NA    NA 192.0 157.0    NA  51.0 190.0    NA 212.0 238.0 215.0    NA 203.0 225.0 237.0 188.0 167.0 197.0 183.0 189.0  95.0  92.0 236.0 237.0 139.0
[190]    NA   7.4   8.0    NA    NA  12.0  12.0    NA    NA    NA  14.9   5.7   7.4    NA    NA    NA    NA    NA    NA    NA  13.8  11.5    NA    NA    NA    NA  20.7
[217]    NA    NA    NA    NA    NA    NA    NA    NA    NA    NA   4.1   9.2   9.2    NA   4.6  10.9   5.1   6.3   5.7   7.4    NA    NA   6.9  10.3   6.3   5.1  11.5
[244]    NA    NA   8.6   8.0  12.0   7.4   7.4   7.4   9.2   6.9   6.9   7.4   4.6   4.0  10.3   8.0    NA    NA  11.5   9.7    NA   6.3  10.3    NA   9.7   3.4   8.0
[271]    NA   9.7   2.3   6.3   6.3   6.9   5.1   2.8   4.6   7.4  15.5  14.9   6.9  10.3    NA  67.0  72.0    NA    NA  66.0  61.0    NA    NA    NA  81.0  79.0  76.0
[298]    NA    NA    NA    NA    NA    NA    NA  90.0  87.0    NA    NA    NA    NA  72.0    NA    NA    NA    NA    NA    NA    NA    NA    NA    NA  84.0  85.0  81.0
[325]    NA  83.0  83.0  88.0  92.0  92.0  89.0    NA    NA  81.0  82.0  84.0  87.0  85.0    NA    NA  86.0  85.0  86.0  88.0  86.0  83.0  81.0  81.0  86.0  85.0  87.0
[352]  89.0  90.0  90.0    NA    NA  86.0  80.0    NA  79.0  78.0    NA  79.0  81.0  86.0    NA  97.0  94.0  96.0  94.0  91.0  92.0  93.0  93.0  87.0  84.0  81.0  78.0
[379]  81.0    NA   5.0   5.0    NA    NA   5.0   5.0    NA    NA    NA   5.0   5.0   5.0    NA    NA    NA    NA    NA    NA    NA   5.0   5.0    NA    NA    NA    NA
[406]   5.0    NA    NA    NA    NA    NA    NA    NA    NA    NA    NA   5.0   5.0   5.0    NA   5.0   5.0   5.0   5.0   5.0   5.0    NA    NA   5.0   5.0   5.0   5.0
[433]   5.0    NA    NA   5.0   5.0   5.0   5.0   5.0   5.0   5.0   5.0   5.0   5.0   5.0   5.0   5.0   5.0    NA    NA   5.0   5.0    NA   5.0   5.0    NA   5.0   5.0
[460]   5.0    NA   5.0   5.0   5.0   5.0   5.0   5.0   5.0   5.0   5.0   5.0   5.0   5.0   5.0    NA   1.0   2.0    NA    NA  17.0  24.0    NA    NA    NA  29.0  30.0
[487]  31.0    NA    NA    NA    NA    NA    NA    NA   9.0  10.0    NA    NA    NA    NA  17.0    NA    NA    NA    NA    NA    NA    NA    NA    NA    NA   1.0   2.0
[514]   3.0    NA   5.0   6.0   7.0   8.0   9.0  10.0    NA    NA  16.0  17.0  18.0  19.0  20.0    NA    NA  24.0  25.0  27.0  28.0  29.0  30.0  31.0   1.0   4.0   5.0
[541]   6.0   7.0   8.0   9.0    NA    NA  12.0  14.0    NA  17.0  20.0    NA  24.0  25.0  26.0    NA  28.0  29.0  30.0  31.0   1.0   2.0   3.0   4.0   5.0   6.0  11.0
[568]  16.0  23.0    NA
> o<-matrix(xl[1]>31,,5)
Warning message:
In matrix(xl[1] > 31, , 5) :
  data length [153] is not a sub-multiple or multiple of the number of rows [31]
> o<-matrix(xl[1]>31,153,5)
> o
        [,1]  [,2]  [,3]  [,4]  [,5]
  [1,]  TRUE  TRUE  TRUE  TRUE  TRUE
  [2,]  TRUE  TRUE  TRUE  TRUE  TRUE
  [3,] FALSE FALSE FALSE FALSE FALSE
  [4,] FALSE FALSE FALSE FALSE FALSE
  [5,]    NA    NA    NA    NA    NA
  [6,] FALSE FALSE FALSE FALSE FALSE
  [7,] FALSE FALSE FALSE FALSE FALSE
  [8,] FALSE FALSE FALSE FALSE FALSE
  [9,] FALSE FALSE FALSE FALSE FALSE
 [10,]    NA    NA    NA    NA    NA
 [11,] FALSE FALSE FALSE FALSE FALSE
 [12,] FALSE FALSE FALSE FALSE FALSE
 [13,] FALSE FALSE FALSE FALSE FALSE
 [14,] FALSE FALSE FALSE FALSE FALSE
 [15,] FALSE FALSE FALSE FALSE FALSE
 [16,] FALSE FALSE FALSE FALSE FALSE
 [17,]  TRUE  TRUE  TRUE  TRUE  TRUE
 [18,] FALSE FALSE FALSE FALSE FALSE
 [19,] FALSE FALSE FALSE FALSE FALSE
 [20,] FALSE FALSE FALSE FALSE FALSE
 [21,] FALSE FALSE FALSE FALSE FALSE
 [22,] FALSE FALSE FALSE FALSE FALSE
 [23,] FALSE FALSE FALSE FALSE FALSE
 [24,]  TRUE  TRUE  TRUE  TRUE  TRUE
 [25,]    NA    NA    NA    NA    NA
 [26,]    NA    NA    NA    NA    NA
 [27,]    NA    NA    NA    NA    NA
 [28,] FALSE FALSE FALSE FALSE FALSE
 [29,]  TRUE  TRUE  TRUE  TRUE  TRUE
 [30,]  TRUE  TRUE  TRUE  TRUE  TRUE
 [31,]  TRUE  TRUE  TRUE  TRUE  TRUE
 [32,]    NA    NA    NA    NA    NA
 [33,]    NA    NA    NA    NA    NA
 [34,]    NA    NA    NA    NA    NA
 [35,]    NA    NA    NA    NA    NA
 [36,]    NA    NA    NA    NA    NA
 [37,]    NA    NA    NA    NA    NA
 [38,] FALSE FALSE FALSE FALSE FALSE
 [39,]    NA    NA    NA    NA    NA
 [40,]  TRUE  TRUE  TRUE  TRUE  TRUE
 [41,]  TRUE  TRUE  TRUE  TRUE  TRUE
 [42,]    NA    NA    NA    NA    NA
 [43,]    NA    NA    NA    NA    NA
 [44,] FALSE FALSE FALSE FALSE FALSE
 [45,]    NA    NA    NA    NA    NA
 [46,]    NA    NA    NA    NA    NA
 [47,] FALSE FALSE FALSE FALSE FALSE
 [48,]  TRUE  TRUE  TRUE  TRUE  TRUE
 [49,] FALSE FALSE FALSE FALSE FALSE
 [50,] FALSE FALSE FALSE FALSE FALSE
 [51,] FALSE FALSE FALSE FALSE FALSE
 [52,]    NA    NA    NA    NA    NA
 [53,]    NA    NA    NA    NA    NA
 [54,]    NA    NA    NA    NA    NA
 [55,]    NA    NA    NA    NA    NA
 [56,]    NA    NA    NA    NA    NA
 [57,]    NA    NA    NA    NA    NA
 [58,]    NA    NA    NA    NA    NA
 [59,]    NA    NA    NA    NA    NA
 [60,]    NA    NA    NA    NA    NA
 [61,]    NA    NA    NA    NA    NA
 [62,]  TRUE  TRUE  TRUE  TRUE  TRUE
 [63,]  TRUE  TRUE  TRUE  TRUE  TRUE
 [64,]  TRUE  TRUE  TRUE  TRUE  TRUE
 [65,]    NA    NA    NA    NA    NA
 [66,]  TRUE  TRUE  TRUE  TRUE  TRUE
 [67,]  TRUE  TRUE  TRUE  TRUE  TRUE
 [68,]  TRUE  TRUE  TRUE  TRUE  TRUE
 [69,]  TRUE  TRUE  TRUE  TRUE  TRUE
 [70,]  TRUE  TRUE  TRUE  TRUE  TRUE
 [71,]  TRUE  TRUE  TRUE  TRUE  TRUE
 [72,]    NA    NA    NA    NA    NA
 [73,] FALSE FALSE FALSE FALSE FALSE
 [74,] FALSE FALSE FALSE FALSE FALSE
 [75,]    NA    NA    NA    NA    NA
 [76,] FALSE FALSE FALSE FALSE FALSE
 [77,]  TRUE  TRUE  TRUE  TRUE  TRUE
 [78,]  TRUE  TRUE  TRUE  TRUE  TRUE
 [79,]  TRUE  TRUE  TRUE  TRUE  TRUE
 [80,]  TRUE  TRUE  TRUE  TRUE  TRUE
 [81,]  TRUE  TRUE  TRUE  TRUE  TRUE
 [82,] FALSE FALSE FALSE FALSE FALSE
 [83,]    NA    NA    NA    NA    NA
 [84,]    NA    NA    NA    NA    NA
 [85,]  TRUE  TRUE  TRUE  TRUE  TRUE
 [86,]  TRUE  TRUE  TRUE  TRUE  TRUE
 [87,] FALSE FALSE FALSE FALSE FALSE
 [88,]  TRUE  TRUE  TRUE  TRUE  TRUE
 [89,]  TRUE  TRUE  TRUE  TRUE  TRUE
 [90,]  TRUE  TRUE  TRUE  TRUE  TRUE
 [91,]  TRUE  TRUE  TRUE  TRUE  TRUE
 [92,]  TRUE  TRUE  TRUE  TRUE  TRUE
 [93,]  TRUE  TRUE  TRUE  TRUE  TRUE
 [94,] FALSE FALSE FALSE FALSE FALSE
 [95,] FALSE FALSE FALSE FALSE FALSE
 [96,]  TRUE  TRUE  TRUE  TRUE  TRUE
 [97,]  TRUE  TRUE  TRUE  TRUE  TRUE
 [98,]  TRUE  TRUE  TRUE  TRUE  TRUE
 [99,]  TRUE  TRUE  TRUE  TRUE  TRUE
[100,]  TRUE  TRUE  TRUE  TRUE  TRUE
[101,]  TRUE  TRUE  TRUE  TRUE  TRUE
[102,]    NA    NA    NA    NA    NA
[103,]    NA    NA    NA    NA    NA
[104,]  TRUE  TRUE  TRUE  TRUE  TRUE
[105,] FALSE FALSE FALSE FALSE FALSE
[106,]  TRUE  TRUE  TRUE  TRUE  TRUE
[107,]    NA    NA    NA    NA    NA
[108,] FALSE FALSE FALSE FALSE FALSE
[109,]  TRUE  TRUE  TRUE  TRUE  TRUE
[110,] FALSE FALSE FALSE FALSE FALSE
[111,] FALSE FALSE FALSE FALSE FALSE
[112,]  TRUE  TRUE  TRUE  TRUE  TRUE
[113,] FALSE FALSE FALSE FALSE FALSE
[114,] FALSE FALSE FALSE FALSE FALSE
[115,]    NA    NA    NA    NA    NA
[116,]  TRUE  TRUE  TRUE  TRUE  TRUE
[117,]  TRUE  TRUE  TRUE  TRUE  TRUE
[118,]  TRUE  TRUE  TRUE  TRUE  TRUE
[119,]    NA    NA    NA    NA    NA
[120,]  TRUE  TRUE  TRUE  TRUE  TRUE
[121,]  TRUE  TRUE  TRUE  TRUE  TRUE
[122,]  TRUE  TRUE  TRUE  TRUE  TRUE
[123,]  TRUE  TRUE  TRUE  TRUE  TRUE
[124,]  TRUE  TRUE  TRUE  TRUE  TRUE
[125,]  TRUE  TRUE  TRUE  TRUE  TRUE
[126,]  TRUE  TRUE  TRUE  TRUE  TRUE
[127,]  TRUE  TRUE  TRUE  TRUE  TRUE
[128,]  TRUE  TRUE  TRUE  TRUE  TRUE
[129,]  TRUE  TRUE  TRUE  TRUE  TRUE
[130,] FALSE FALSE FALSE FALSE FALSE
[131,] FALSE FALSE FALSE FALSE FALSE
[132,] FALSE FALSE FALSE FALSE FALSE
[133,] FALSE FALSE FALSE FALSE FALSE
[134,]  TRUE  TRUE  TRUE  TRUE  TRUE
[135,] FALSE FALSE FALSE FALSE FALSE
[136,] FALSE FALSE FALSE FALSE FALSE
[137,] FALSE FALSE FALSE FALSE FALSE
[138,] FALSE FALSE FALSE FALSE FALSE
[139,]  TRUE  TRUE  TRUE  TRUE  TRUE
[140,] FALSE FALSE FALSE FALSE FALSE
[141,] FALSE FALSE FALSE FALSE FALSE
[142,] FALSE FALSE FALSE FALSE FALSE
[143,] FALSE FALSE FALSE FALSE FALSE
[144,] FALSE FALSE FALSE FALSE FALSE
[145,] FALSE FALSE FALSE FALSE FALSE
[146,]  TRUE  TRUE  TRUE  TRUE  TRUE
[147,] FALSE FALSE FALSE FALSE FALSE
[148,] FALSE FALSE FALSE FALSE FALSE
[149,] FALSE FALSE FALSE FALSE FALSE
[150,]    NA    NA    NA    NA    NA
[151,] FALSE FALSE FALSE FALSE FALSE
[152,] FALSE FALSE FALSE FALSE FALSE
[153,] FALSE FALSE FALSE FALSE FALSE
> t<-matrix(xl[4]>90,153,5)
> t
        [,1]  [,2]  [,3]  [,4]  [,5]
  [1,] FALSE FALSE FALSE FALSE FALSE
  [2,] FALSE FALSE FALSE FALSE FALSE
  [3,] FALSE FALSE FALSE FALSE FALSE
  [4,] FALSE FALSE FALSE FALSE FALSE
  [5,] FALSE FALSE FALSE FALSE FALSE
  [6,] FALSE FALSE FALSE FALSE FALSE
  [7,] FALSE FALSE FALSE FALSE FALSE
  [8,] FALSE FALSE FALSE FALSE FALSE
  [9,] FALSE FALSE FALSE FALSE FALSE
 [10,] FALSE FALSE FALSE FALSE FALSE
 [11,] FALSE FALSE FALSE FALSE FALSE
 [12,] FALSE FALSE FALSE FALSE FALSE
 [13,] FALSE FALSE FALSE FALSE FALSE
 [14,] FALSE FALSE FALSE FALSE FALSE
 [15,] FALSE FALSE FALSE FALSE FALSE
 [16,] FALSE FALSE FALSE FALSE FALSE
 [17,] FALSE FALSE FALSE FALSE FALSE
 [18,] FALSE FALSE FALSE FALSE FALSE
 [19,] FALSE FALSE FALSE FALSE FALSE
 [20,] FALSE FALSE FALSE FALSE FALSE
 [21,] FALSE FALSE FALSE FALSE FALSE
 [22,] FALSE FALSE FALSE FALSE FALSE
 [23,] FALSE FALSE FALSE FALSE FALSE
 [24,] FALSE FALSE FALSE FALSE FALSE
 [25,] FALSE FALSE FALSE FALSE FALSE
 [26,] FALSE FALSE FALSE FALSE FALSE
 [27,] FALSE FALSE FALSE FALSE FALSE
 [28,] FALSE FALSE FALSE FALSE FALSE
 [29,] FALSE FALSE FALSE FALSE FALSE
 [30,] FALSE FALSE FALSE FALSE FALSE
 [31,] FALSE FALSE FALSE FALSE FALSE
 [32,] FALSE FALSE FALSE FALSE FALSE
 [33,] FALSE FALSE FALSE FALSE FALSE
 [34,] FALSE FALSE FALSE FALSE FALSE
 [35,] FALSE FALSE FALSE FALSE FALSE
 [36,] FALSE FALSE FALSE FALSE FALSE
 [37,] FALSE FALSE FALSE FALSE FALSE
 [38,] FALSE FALSE FALSE FALSE FALSE
 [39,] FALSE FALSE FALSE FALSE FALSE
 [40,] FALSE FALSE FALSE FALSE FALSE
 [41,] FALSE FALSE FALSE FALSE FALSE
 [42,]  TRUE  TRUE  TRUE  TRUE  TRUE
 [43,]  TRUE  TRUE  TRUE  TRUE  TRUE
 [44,] FALSE FALSE FALSE FALSE FALSE
 [45,] FALSE FALSE FALSE FALSE FALSE
 [46,] FALSE FALSE FALSE FALSE FALSE
 [47,] FALSE FALSE FALSE FALSE FALSE
 [48,] FALSE FALSE FALSE FALSE FALSE
 [49,] FALSE FALSE FALSE FALSE FALSE
 [50,] FALSE FALSE FALSE FALSE FALSE
 [51,] FALSE FALSE FALSE FALSE FALSE
 [52,] FALSE FALSE FALSE FALSE FALSE
 [53,] FALSE FALSE FALSE FALSE FALSE
 [54,] FALSE FALSE FALSE FALSE FALSE
 [55,] FALSE FALSE FALSE FALSE FALSE
 [56,] FALSE FALSE FALSE FALSE FALSE
 [57,] FALSE FALSE FALSE FALSE FALSE
 [58,] FALSE FALSE FALSE FALSE FALSE
 [59,] FALSE FALSE FALSE FALSE FALSE
 [60,] FALSE FALSE FALSE FALSE FALSE
 [61,] FALSE FALSE FALSE FALSE FALSE
 [62,] FALSE FALSE FALSE FALSE FALSE
 [63,] FALSE FALSE FALSE FALSE FALSE
 [64,] FALSE FALSE FALSE FALSE FALSE
 [65,] FALSE FALSE FALSE FALSE FALSE
 [66,] FALSE FALSE FALSE FALSE FALSE
 [67,] FALSE FALSE FALSE FALSE FALSE
 [68,] FALSE FALSE FALSE FALSE FALSE
 [69,]  TRUE  TRUE  TRUE  TRUE  TRUE
 [70,]  TRUE  TRUE  TRUE  TRUE  TRUE
 [71,] FALSE FALSE FALSE FALSE FALSE
 [72,] FALSE FALSE FALSE FALSE FALSE
 [73,] FALSE FALSE FALSE FALSE FALSE
 [74,] FALSE FALSE FALSE FALSE FALSE
 [75,]  TRUE  TRUE  TRUE  TRUE  TRUE
 [76,] FALSE FALSE FALSE FALSE FALSE
 [77,] FALSE FALSE FALSE FALSE FALSE
 [78,] FALSE FALSE FALSE FALSE FALSE
 [79,] FALSE FALSE FALSE FALSE FALSE
 [80,] FALSE FALSE FALSE FALSE FALSE
 [81,] FALSE FALSE FALSE FALSE FALSE
 [82,] FALSE FALSE FALSE FALSE FALSE
 [83,] FALSE FALSE FALSE FALSE FALSE
 [84,] FALSE FALSE FALSE FALSE FALSE
 [85,] FALSE FALSE FALSE FALSE FALSE
 [86,] FALSE FALSE FALSE FALSE FALSE
 [87,] FALSE FALSE FALSE FALSE FALSE
 [88,] FALSE FALSE FALSE FALSE FALSE
 [89,] FALSE FALSE FALSE FALSE FALSE
 [90,] FALSE FALSE FALSE FALSE FALSE
 [91,] FALSE FALSE FALSE FALSE FALSE
 [92,] FALSE FALSE FALSE FALSE FALSE
 [93,] FALSE FALSE FALSE FALSE FALSE
 [94,] FALSE FALSE FALSE FALSE FALSE
 [95,] FALSE FALSE FALSE FALSE FALSE
 [96,] FALSE FALSE FALSE FALSE FALSE
 [97,] FALSE FALSE FALSE FALSE FALSE
 [98,] FALSE FALSE FALSE FALSE FALSE
 [99,] FALSE FALSE FALSE FALSE FALSE
[100,] FALSE FALSE FALSE FALSE FALSE
[101,] FALSE FALSE FALSE FALSE FALSE
[102,]  TRUE  TRUE  TRUE  TRUE  TRUE
[103,] FALSE FALSE FALSE FALSE FALSE
[104,] FALSE FALSE FALSE FALSE FALSE
[105,] FALSE FALSE FALSE FALSE FALSE
[106,] FALSE FALSE FALSE FALSE FALSE
[107,] FALSE FALSE FALSE FALSE FALSE
[108,] FALSE FALSE FALSE FALSE FALSE
[109,] FALSE FALSE FALSE FALSE FALSE
[110,] FALSE FALSE FALSE FALSE FALSE
[111,] FALSE FALSE FALSE FALSE FALSE
[112,] FALSE FALSE FALSE FALSE FALSE
[113,] FALSE FALSE FALSE FALSE FALSE
[114,] FALSE FALSE FALSE FALSE FALSE
[115,] FALSE FALSE FALSE FALSE FALSE
[116,] FALSE FALSE FALSE FALSE FALSE
[117,] FALSE FALSE FALSE FALSE FALSE
[118,] FALSE FALSE FALSE FALSE FALSE
[119,] FALSE FALSE FALSE FALSE FALSE
[120,]  TRUE  TRUE  TRUE  TRUE  TRUE
[121,]  TRUE  TRUE  TRUE  TRUE  TRUE
[122,]  TRUE  TRUE  TRUE  TRUE  TRUE
[123,]  TRUE  TRUE  TRUE  TRUE  TRUE
[124,]  TRUE  TRUE  TRUE  TRUE  TRUE
[125,]  TRUE  TRUE  TRUE  TRUE  TRUE
[126,]  TRUE  TRUE  TRUE  TRUE  TRUE
[127,]  TRUE  TRUE  TRUE  TRUE  TRUE
[128,] FALSE FALSE FALSE FALSE FALSE
[129,] FALSE FALSE FALSE FALSE FALSE
[130,] FALSE FALSE FALSE FALSE FALSE
[131,] FALSE FALSE FALSE FALSE FALSE
[132,] FALSE FALSE FALSE FALSE FALSE
[133,] FALSE FALSE FALSE FALSE FALSE
[134,] FALSE FALSE FALSE FALSE FALSE
[135,] FALSE FALSE FALSE FALSE FALSE
[136,] FALSE FALSE FALSE FALSE FALSE
[137,] FALSE FALSE FALSE FALSE FALSE
[138,] FALSE FALSE FALSE FALSE FALSE
[139,] FALSE FALSE FALSE FALSE FALSE
[140,] FALSE FALSE FALSE FALSE FALSE
[141,] FALSE FALSE FALSE FALSE FALSE
[142,] FALSE FALSE FALSE FALSE FALSE
[143,] FALSE FALSE FALSE FALSE FALSE
[144,] FALSE FALSE FALSE FALSE FALSE
[145,] FALSE FALSE FALSE FALSE FALSE
[146,] FALSE FALSE FALSE FALSE FALSE
[147,] FALSE FALSE FALSE FALSE FALSE
[148,] FALSE FALSE FALSE FALSE FALSE
[149,] FALSE FALSE FALSE FALSE FALSE
[150,] FALSE FALSE FALSE FALSE FALSE
[151,] FALSE FALSE FALSE FALSE FALSE
[152,] FALSE FALSE FALSE FALSE FALSE
[153,] FALSE FALSE FALSE FALSE FALSE
> xl[o,t]
Error in `[.data.frame`(xl, o, t) : undefined columns selected
> xl[o]
  [1]  41.0  36.0    NA    NA  34.0  32.0    NA    NA    NA  45.0 115.0  37.0    NA    NA    NA    NA    NA    NA    NA  71.0  39.0    NA    NA    NA    NA  37.0    NA
 [28]    NA    NA    NA    NA    NA    NA    NA    NA    NA 135.0  49.0  32.0    NA  64.0  40.0  77.0  97.0  97.0  85.0    NA    NA  48.0  35.0  61.0  79.0  63.0    NA
 [55]    NA  80.0 108.0  52.0  82.0  50.0  64.0  59.0  39.0  78.0  35.0  66.0 122.0  89.0 110.0    NA    NA  44.0  65.0    NA  59.0  44.0    NA  45.0 168.0  73.0    NA
 [82]  76.0 118.0  84.0  85.0  96.0  78.0  73.0  91.0  47.0  32.0  44.0  46.0  36.0    NA 190.0 118.0    NA    NA 307.0  92.0    NA    NA    NA 252.0 223.0 279.0    NA
[109]    NA    NA    NA    NA    NA    NA 291.0 323.0    NA    NA    NA    NA 284.0    NA    NA    NA    NA    NA    NA    NA    NA    NA    NA 269.0 248.0 236.0    NA
[136] 175.0 314.0 276.0 267.0 272.0 175.0    NA    NA 260.0 274.0 285.0 187.0 220.0    NA    NA 294.0 223.0  82.0 213.0 275.0 253.0 254.0  83.0    NA    NA    NA 255.0
[163] 229.0 207.0    NA    NA 192.0 157.0    NA  51.0 190.0    NA 212.0 238.0 215.0    NA 203.0 225.0 237.0 188.0 167.0 197.0 183.0 189.0  95.0  92.0 236.0 237.0 139.0
[190]    NA   7.4   8.0    NA    NA  12.0  12.0    NA    NA    NA  14.9   5.7   7.4    NA    NA    NA    NA    NA    NA    NA  13.8  11.5    NA    NA    NA    NA  20.7
[217]    NA    NA    NA    NA    NA    NA    NA    NA    NA    NA   4.1   9.2   9.2    NA   4.6  10.9   5.1   6.3   5.7   7.4    NA    NA   6.9  10.3   6.3   5.1  11.5
[244]    NA    NA   8.6   8.0  12.0   7.4   7.4   7.4   9.2   6.9   6.9   7.4   4.6   4.0  10.3   8.0    NA    NA  11.5   9.7    NA   6.3  10.3    NA   9.7   3.4   8.0
[271]    NA   9.7   2.3   6.3   6.3   6.9   5.1   2.8   4.6   7.4  15.5  14.9   6.9  10.3    NA  67.0  72.0    NA    NA  66.0  61.0    NA    NA    NA  81.0  79.0  76.0
[298]    NA    NA    NA    NA    NA    NA    NA  90.0  87.0    NA    NA    NA    NA  72.0    NA    NA    NA    NA    NA    NA    NA    NA    NA    NA  84.0  85.0  81.0
[325]    NA  83.0  83.0  88.0  92.0  92.0  89.0    NA    NA  81.0  82.0  84.0  87.0  85.0    NA    NA  86.0  85.0  86.0  88.0  86.0  83.0  81.0  81.0  86.0  85.0  87.0
[352]  89.0  90.0  90.0    NA    NA  86.0  80.0    NA  79.0  78.0    NA  79.0  81.0  86.0    NA  97.0  94.0  96.0  94.0  91.0  92.0  93.0  93.0  87.0  84.0  81.0  78.0
[379]  81.0    NA   5.0   5.0    NA    NA   5.0   5.0    NA    NA    NA   5.0   5.0   5.0    NA    NA    NA    NA    NA    NA    NA   5.0   5.0    NA    NA    NA    NA
[406]   5.0    NA    NA    NA    NA    NA    NA    NA    NA    NA    NA   5.0   5.0   5.0    NA   5.0   5.0   5.0   5.0   5.0   5.0    NA    NA   5.0   5.0   5.0   5.0
[433]   5.0    NA    NA   5.0   5.0   5.0   5.0   5.0   5.0   5.0   5.0   5.0   5.0   5.0   5.0   5.0   5.0    NA    NA   5.0   5.0    NA   5.0   5.0    NA   5.0   5.0
[460]   5.0    NA   5.0   5.0   5.0   5.0   5.0   5.0   5.0   5.0   5.0   5.0   5.0   5.0   5.0    NA   1.0   2.0    NA    NA  17.0  24.0    NA    NA    NA  29.0  30.0
[487]  31.0    NA    NA    NA    NA    NA    NA    NA   9.0  10.0    NA    NA    NA    NA  17.0    NA    NA    NA    NA    NA    NA    NA    NA    NA    NA   1.0   2.0
[514]   3.0    NA   5.0   6.0   7.0   8.0   9.0  10.0    NA    NA  16.0  17.0  18.0  19.0  20.0    NA    NA  24.0  25.0  27.0  28.0  29.0  30.0  31.0   1.0   4.0   5.0
[541]   6.0   7.0   8.0   9.0    NA    NA  12.0  14.0    NA  17.0  20.0    NA  24.0  25.0  26.0    NA  28.0  29.0  30.0  31.0   1.0   2.0   3.0   4.0   5.0   6.0  11.0
[568]  16.0  23.0    NA
> xl[t]
 [1]    NA    NA  97.0  97.0    NA    NA  76.0 118.0  84.0  85.0  96.0  78.0  73.0  91.0 259.0 250.0 267.0 272.0 291.0 222.0 203.0 225.0 237.0 188.0 167.0 197.0 183.0
[28] 189.0  10.9   9.2   6.3   5.7  14.9   8.6   9.7   2.3   6.3   6.3   6.9   5.1   2.8   4.6  93.0  92.0  92.0  92.0  91.0  92.0  97.0  94.0  96.0  94.0  91.0  92.0
[55]  93.0  93.0   5.0   5.0   5.0   5.0   5.0   5.0   5.0   5.0   5.0   5.0   5.0   5.0   5.0   5.0  11.0  12.0   8.0   9.0  14.0  10.0  28.0  29.0  30.0  31.0   1.0
[82]   2.0   3.0   4.0
> xl[4]
    Temp
1     67
2     72
3     74
4     62
5     56
6     66
7     65
8     59
9     61
10    69
11    74
12    69
13    66
14    68
15    58
16    64
17    66
18    57
19    68
20    62
21    59
22    73
23    61
24    61
25    57
26    58
27    57
28    67
29    81
30    79
31    76
32    78
33    74
34    67
35    84
36    85
37    79
38    82
39    87
40    90
41    87
42    93
43    92
44    82
45    80
46    79
47    77
48    72
49    65
50    73
51    76
52    77
53    76
54    76
55    76
56    75
57    78
58    73
59    80
60    77
61    83
62    84
63    85
64    81
65    84
66    83
67    83
68    88
69    92
70    92
71    89
72    82
73    73
74    81
75    91
76    80
77    81
78    82
79    84
80    87
81    85
82    74
83    81
84    82
85    86
86    85
87    82
88    86
89    88
90    86
91    83
92    81
93    81
94    81
95    82
96    86
97    85
98    87
99    89
100   90
101   90
102   92
103   86
104   86
105   82
106   80
107   79
108   77
109   79
110   76
111   78
112   78
113   77
114   72
115   75
116   79
117   81
118   86
119   88
120   97
121   94
122   96
123   94
124   91
125   92
126   93
127   93
128   87
129   84
130   80
131   78
132   75
133   73
134   81
135   76
136   77
137   71
138   71
139   78
140   67
141   76
142   68
143   82
144   64
145   71
146   81
147   69
148   63
149   70
150   77
151   75
152   76
153   68
> names(xl)
[1] "Ozone"   "Solar.R" "Wind"    "Temp"    "Month"   "Day"    
> xl[5]=6
> xl[,5]
  [1] 6 6 6 6 6 6 6 6 6 6 6 6 6 6 6 6 6 6 6 6 6 6 6 6 6 6 6 6 6 6 6 6 6 6 6 6 6 6 6 6 6 6 6 6 6 6 6 6 6 6 6 6 6 6 6 6 6 6 6 6 6 6 6 6 6 6 6 6 6 6 6 6 6 6 6 6 6 6 6 6 6
 [82] 6 6 6 6 6 6 6 6 6 6 6 6 6 6 6 6 6 6 6 6 6 6 6 6 6 6 6 6 6 6 6 6 6 6 6 6 6 6 6 6 6 6 6 6 6 6 6 6 6 6 6 6 6 6 6 6 6 6 6 6 6 6 6 6 6 6 6 6 6 6 6 6
> 
